<?xml version="1.0" encoding="UTF-8"?>
<testsuites name="jest tests" tests="1654" failures="0" errors="0" time="167.745">
  <testsuite name="AccountDetailsModal" errors="0" failures="0" skipped="0" timestamp="2026-05-05T09:35:35" time="63.365" tests="23">
    <testcase classname="AccountDetailsModal" name="should render modal when open" time="1.86">
    </testcase>
    <testcase classname="AccountDetailsModal" name="should not render when open is false" time="0.014">
    </testcase>
    <testcase classname="AccountDetailsModal" name="should return null when account is null" time="0.01">
    </testcase>
    <testcase classname="AccountDetailsModal" name="should display account ID" time="0.158">
    </testcase>
    <testcase classname="AccountDetailsModal" name="should display account name" time="0.122">
    </testcase>
    <testcase classname="AccountDetailsModal" name="should display parent ID" time="0.125">
    </testcase>
    <testcase classname="AccountDetailsModal" name="should display status as chip" time="0.171">
    </testcase>
    <testcase classname="AccountDetailsModal" name="should display all assigned roles" time="0.148">
    </testcase>
    <testcase classname="AccountDetailsModal" name="should display message when no roles assigned" time="0.087">
    </testcase>
    <testcase classname="AccountDetailsModal" name="should display created by information" time="0.092">
    </testcase>
    <testcase classname="AccountDetailsModal" name="should display creation date" time="0.109">
    </testcase>
    <testcase classname="AccountDetailsModal" name="should display updated by information" time="0.078">
    </testcase>
    <testcase classname="AccountDetailsModal" name="should call onClose when Close button is clicked" time="0.193">
    </testcase>
    <testcase classname="AccountDetailsModal" name="should display hierarchy information for child accounts" time="0.074">
    </testcase>
    <testcase classname="AccountDetailsModal" name="should not display hierarchy information for root accounts" time="0.084">
    </testcase>
    <testcase classname="AccountDetailsModal" name="should display status meanings" time="0.201">
    </testcase>
    <testcase classname="AccountDetailsModal" name="should handle missing optional fields" time="0.138">
    </testcase>
    <testcase classname="AccountDetailsModal" name="should render different status colors" time="0.294">
    </testcase>
    <testcase classname="AccountDetailsModal" name="should handle invalid date formats" time="0.058">
    </testcase>
    <testcase classname="AccountDetailsModal" name="should display N/A for undefined dates" time="0.052">
    </testcase>
    <testcase classname="AccountDetailsModal" name="should render all section headers" time="0.078">
    </testcase>
    <testcase classname="AccountDetailsModal" name="should handle undefined parent ID" time="0.053">
    </testcase>
    <testcase classname="AccountDetailsModal" name="should handle undefined roles array" time="0.052">
    </testcase>
  </testsuite>
  <testsuite name="ActiveSessionsManagement" errors="0" failures="0" skipped="0" timestamp="2026-05-05T09:35:34" time="66.213" tests="10">
    <testcase classname="ActiveSessionsManagement" name="should render active sessions" time="0.687">
    </testcase>
    <testcase classname="ActiveSessionsManagement" name="should show current session badge" time="0.286">
    </testcase>
    <testcase classname="ActiveSessionsManagement" name="should display loading state" time="0.324">
    </testcase>
    <testcase classname="ActiveSessionsManagement" name="should display error message on fetch failure" time="0.107">
    </testcase>
    <testcase classname="ActiveSessionsManagement" name="should open confirmation dialog when terminating a session" time="0.709">
    </testcase>
    <testcase classname="ActiveSessionsManagement" name="should terminate a session when confirmed" time="0.571">
    </testcase>
    <testcase classname="ActiveSessionsManagement" name="should open confirmation dialog for terminating all sessions" time="0.313">
    </testcase>
    <testcase classname="ActiveSessionsManagement" name="should terminate all other sessions when confirmed" time="0.463">
    </testcase>
    <testcase classname="ActiveSessionsManagement" name="should refresh sessions periodically" time="0.05">
    </testcase>
    <testcase classname="ActiveSessionsManagement" name="should manually refresh sessions when refresh button is clicked" time="0.236">
    </testcase>
  </testsuite>
  <testsuite name="ViewClientModal" errors="0" failures="0" skipped="1" timestamp="2026-05-05T09:35:34" time="66.884" tests="20">
    <testcase classname="ViewClientModal" name="should render modal when open" time="0.352">
    </testcase>
    <testcase classname="ViewClientModal" name="should not render modal when closed" time="0.012">
    </testcase>
    <testcase classname="ViewClientModal" name="should load and display client details" time="0.513">
    </testcase>
    <testcase classname="ViewClientModal" name="should handle loading error" time="0.167">
    </testcase>
    <testcase classname="ViewClientModal" name="should handle response without data" time="0.077">
    </testcase>
    <testcase classname="ViewClientModal" name="should toggle client secret visibility" time="1.94">
    </testcase>
    <testcase classname="ViewClientModal" name="should copy client ID to clipboard" time="0">
      <skipped/>
    </testcase>
    <testcase classname="ViewClientModal" name="should display token validity in human-readable format" time="0.401">
    </testcase>
    <testcase classname="ViewClientModal" name="should display authorization grant types as chips" time="0.361">
    </testcase>
    <testcase classname="ViewClientModal" name="should display scopes as chips" time="0.234">
    </testcase>
    <testcase classname="ViewClientModal" name="should display redirect URIs with copy functionality" time="0.254">
    </testcase>
    <testcase classname="ViewClientModal" name="should display post logout redirect URIs when available" time="0.191">
    </testcase>
    <testcase classname="ViewClientModal" name="should not display post logout section if URIs are empty" time="0.198">
    </testcase>
    <testcase classname="ViewClientModal" name="should display authorization consent setting" time="0.17">
    </testcase>
    <testcase classname="ViewClientModal" name="should display requested by information" time="0.172">
    </testcase>
    <testcase classname="ViewClientModal" name="should display additional information when available" time="0.135">
    </testcase>
    <testcase classname="ViewClientModal" name="should close modal when close button is clicked" time="0.431">
    </testcase>
    <testcase classname="ViewClientModal" name="should auto-hide copy success message after 2 seconds" time="1.195">
    </testcase>
    <testcase classname="ViewClientModal" name="should handle token validity of 0 seconds" time="0.168">
    </testcase>
    <testcase classname="ViewClientModal" name="should handle undefined token validity" time="0.166">
    </testcase>
  </testsuite>
  <testsuite name="DeleteUserDialog" errors="0" failures="0" skipped="1" timestamp="2026-05-05T09:35:34" time="72.28" tests="39">
    <testcase classname="DeleteUserDialog &gt; Rendering" name="should render dialog when open is true" time="0.976">
    </testcase>
    <testcase classname="DeleteUserDialog &gt; Rendering" name="should not render dialog when open is false" time="0.008">
    </testcase>
    <testcase classname="DeleteUserDialog &gt; Rendering" name="should not render when user is null" time="0.006">
    </testcase>
    <testcase classname="DeleteUserDialog &gt; Rendering" name="should render warning alert" time="0.111">
    </testcase>
    <testcase classname="DeleteUserDialog &gt; Rendering" name="should display user information" time="0.189">
    </testcase>
    <testcase classname="DeleteUserDialog &gt; Rendering" name="should display user status as chip" time="0.093">
    </testcase>
    <testcase classname="DeleteUserDialog &gt; Rendering" name="should display associated accounts" time="0.137">
    </testcase>
    <testcase classname="DeleteUserDialog &gt; Rendering" name="should render confirmation checkbox" time="0.186">
    </testcase>
    <testcase classname="DeleteUserDialog &gt; Rendering" name="should render action buttons" time="0.409">
    </testcase>
    <testcase classname="DeleteUserDialog &gt; Rendering" name="should have delete button disabled by default" time="0.144">
    </testcase>
    <testcase classname="DeleteUserDialog &gt; User Status Colors" name="should display ACTIVE status with success color" time="0.174">
    </testcase>
    <testcase classname="DeleteUserDialog &gt; User Status Colors" name="should display PENDING status with warning color" time="0.13">
    </testcase>
    <testcase classname="DeleteUserDialog &gt; User Status Colors" name="should display BLOCKED status with error color" time="0.082">
    </testcase>
    <testcase classname="DeleteUserDialog &gt; User Status Colors" name="should display REJECTED status with error color" time="0.072">
    </testcase>
    <testcase classname="DeleteUserDialog &gt; User Status Colors" name="should display DEACTIVATED status with default color" time="0.088">
    </testcase>
    <testcase classname="DeleteUserDialog &gt; Checkbox Interaction" name="should enable delete button when checkbox is checked" time="0.93">
    </testcase>
    <testcase classname="DeleteUserDialog &gt; Checkbox Interaction" name="should disable delete button when checkbox is unchecked" time="0.58">
    </testcase>
    <testcase classname="DeleteUserDialog &gt; Delete Functionality" name="should call deleteUserV1 when delete button is clicked" time="0.655">
    </testcase>
    <testcase classname="DeleteUserDialog &gt; Delete Functionality" name="should call onUserDeleted on successful deletion" time="0.663">
    </testcase>
    <testcase classname="DeleteUserDialog &gt; Delete Functionality" name="should call onClose on successful deletion" time="0.592">
    </testcase>
    <testcase classname="DeleteUserDialog &gt; Delete Functionality" name="should display loading state during deletion" time="0">
      <skipped/>
    </testcase>
    <testcase classname="DeleteUserDialog &gt; Delete Functionality" name="should disable buttons during deletion" time="0.851">
    </testcase>
    <testcase classname="DeleteUserDialog &gt; Error Handling" name="should display error message when deletion fails" time="0.475">
    </testcase>
    <testcase classname="DeleteUserDialog &gt; Error Handling" name="should display error when API returns non-SUCCESS code" time="0.392">
    </testcase>
    <testcase classname="DeleteUserDialog &gt; Error Handling" name="should handle 403 Forbidden error" time="0.452">
    </testcase>
    <testcase classname="DeleteUserDialog &gt; Error Handling" name="should handle 404 Not Found error" time="0.483">
    </testcase>
    <testcase classname="DeleteUserDialog &gt; Error Handling" name="should handle 409 Conflict error" time="0.494">
    </testcase>
    <testcase classname="DeleteUserDialog &gt; Error Handling" name="should handle 500 Internal Server Error" time="0.43">
    </testcase>
    <testcase classname="DeleteUserDialog &gt; Error Handling" name="should not call onUserDeleted on error" time="0.438">
    </testcase>
    <testcase classname="DeleteUserDialog &gt; Error Handling" name="should not close dialog on error" time="0.494">
    </testcase>
    <testcase classname="DeleteUserDialog &gt; Cancel Functionality" name="should call onClose when cancel button is clicked" time="0.307">
    </testcase>
    <testcase classname="DeleteUserDialog &gt; Cancel Functionality" name="should reset confirmation checkbox on cancel" time="0.445">
    </testcase>
    <testcase classname="DeleteUserDialog &gt; Cancel Functionality" name="should clear error message on cancel" time="0.683">
    </testcase>
    <testcase classname="DeleteUserDialog &gt; Edge Cases" name="should handle user without accounts" time="0.052">
    </testcase>
    <testcase classname="DeleteUserDialog &gt; Edge Cases" name="should handle user with undefined accounts" time="0.053">
    </testcase>
    <testcase classname="DeleteUserDialog &gt; Edge Cases" name="should not attempt deletion without user" time="0.068">
    </testcase>
    <testcase classname="DeleteUserDialog &gt; Edge Cases" name="should not attempt deletion without confirmation" time="0.12">
    </testcase>
    <testcase classname="DeleteUserDialog &gt; Edge Cases" name="should handle single account" time="0.062">
    </testcase>
    <testcase classname="DeleteUserDialog &gt; Edge Cases" name="should handle account with single role" time="0.076">
    </testcase>
  </testsuite>
  <testsuite name="ClientFormFields" errors="0" failures="0" skipped="0" timestamp="2026-05-05T09:35:34" time="73.648" tests="20">
    <testcase classname="ClientFormFields &gt; Basic Information Fields" name="should render all basic information fields" time="1.067">
    </testcase>
    <testcase classname="ClientFormFields &gt; Basic Information Fields" name="should display form data values" time="0.564">
    </testcase>
    <testcase classname="ClientFormFields &gt; Basic Information Fields" name="should call onInputChange when client name changes" time="1.492">
    </testcase>
    <testcase classname="ClientFormFields &gt; Basic Information Fields" name="should disable client ID when clientIdReadOnly is true" time="0.315">
    </testcase>
    <testcase classname="ClientFormFields &gt; Basic Information Fields" name="should enable client ID when clientIdReadOnly is false" time="0.395">
    </testcase>
    <testcase classname="ClientFormFields &gt; OAuth2 Configuration" name="should render OAuth2 configuration fields" time="0.267">
    </testcase>
    <testcase classname="ClientFormFields &gt; OAuth2 Configuration" name="should display selected grant types as chips" time="0.266">
    </testcase>
    <testcase classname="ClientFormFields &gt; OAuth2 Configuration" name="should display selected scopes as chips" time="0.279">
    </testcase>
    <testcase classname="ClientFormFields &gt; URI Configuration" name="should render URI accordion" time="0.51">
    </testcase>
    <testcase classname="ClientFormFields &gt; URI Configuration" name="should display redirect URIs" time="0.4">
    </testcase>
    <testcase classname="ClientFormFields &gt; URI Configuration" name="should call onAddArrayField when adding a redirect URI" time="1.444">
    </testcase>
    <testcase classname="ClientFormFields &gt; URI Configuration" name="should call onArrayFieldChange when URI value changes" time="1.023">
    </testcase>
    <testcase classname="ClientFormFields &gt; URI Configuration" name="should show delete button for multiple URIs" time="1.003">
    </testcase>
    <testcase classname="ClientFormFields &gt; URI Configuration" name="should call onRemoveArrayField when deleting a URI" time="1.279">
    </testcase>
    <testcase classname="ClientFormFields &gt; Token Validity Configuration" name="should render token validity accordion" time="0.347">
    </testcase>
    <testcase classname="ClientFormFields &gt; Token Validity Configuration" name="should display token validity values" time="0.515">
    </testcase>
    <testcase classname="ClientFormFields &gt; Token Validity Configuration" name="should call onInputChange when token validity changes" time="0.637">
    </testcase>
    <testcase classname="ClientFormFields &gt; Advanced Settings" name="should render advanced settings accordion" time="0.354">
    </testcase>
    <testcase classname="ClientFormFields &gt; Advanced Settings" name="should toggle authorization consent switch" time="0.984">
    </testcase>
    <testcase classname="ClientFormFields &gt; Advanced Settings" name="should call onInputChange when additional information changes" time="0.885">
    </testcase>
  </testsuite>
  <testsuite name="UserApproval Component" errors="0" failures="0" skipped="0" timestamp="2026-05-05T09:35:34" time="82.955" tests="33">
    <testcase classname="UserApproval Component &gt; Rendering" name="renders the component with title" time="0.925">
    </testcase>
    <testcase classname="UserApproval Component &gt; Rendering" name="renders both tabs" time="0.319">
    </testcase>
    <testcase classname="UserApproval Component &gt; Rendering" name="displays pending users count in tab" time="0.3">
    </testcase>
    <testcase classname="UserApproval Component &gt; Rendering" name="loads and displays pending users on mount" time="0.234">
    </testcase>
    <testcase classname="UserApproval Component &gt; Rendering" name="shows loading state" time="0.578">
    </testcase>
    <testcase classname="UserApproval Component &gt; Rendering" name="shows empty state when no pending users" time="0.162">
    </testcase>
    <testcase classname="UserApproval Component &gt; Tab Navigation" name="switches to deactivated users tab" time="0.366">
    </testcase>
    <testcase classname="UserApproval Component &gt; Tab Navigation" name="loads deactivated users when switching tabs" time="0.26">
    </testcase>
    <testcase classname="UserApproval Component &gt; User Approval Flow" name="opens approval dialog when approve button clicked" time="1.058">
    </testcase>
    <testcase classname="UserApproval Component &gt; User Approval Flow" name="fetches complete user data when opening approval dialog" time="0.788">
    </testcase>
    <testcase classname="UserApproval Component &gt; User Approval Flow" name="initializes account mappings in approval dialog" time="0.81">
    </testcase>
    <testcase classname="UserApproval Component &gt; User Approval Flow" name="submits approval with correct operations" time="1.35">
    </testcase>
    <testcase classname="UserApproval Component &gt; User Approval Flow" name="shows success message after approval" time="1.47">
    </testcase>
    <testcase classname="UserApproval Component &gt; User Approval Flow" name="handles approval error" time="1.52">
    </testcase>
    <testcase classname="UserApproval Component &gt; User Rejection Flow" name="opens reject dialog when reject button clicked" time="0.858">
    </testcase>
    <testcase classname="UserApproval Component &gt; User Rejection Flow" name="requires rejection reason" time="0.889">
    </testcase>
    <testcase classname="UserApproval Component &gt; User Rejection Flow" name="enables submit button when reason provided" time="1.172">
    </testcase>
    <testcase classname="UserApproval Component &gt; User Rejection Flow" name="submits rejection with correct status change" time="1.261">
    </testcase>
    <testcase classname="UserApproval Component &gt; User Rejection Flow" name="shows success message after rejection" time="1.245">
    </testcase>
    <testcase classname="UserApproval Component &gt; User Reactivation Flow" name="opens reactivate dialog when button clicked" time="0.419">
    </testcase>
    <testcase classname="UserApproval Component &gt; User Reactivation Flow" name="submits reactivation with correct status change" time="1.103">
    </testcase>
    <testcase classname="UserApproval Component &gt; User Reactivation Flow" name="shows success message after reactivation" time="1.08">
    </testcase>
    <testcase classname="UserApproval Component &gt; Account and Role Management" name="toggles account selection in approval dialog" time="1.205">
    </testcase>
    <testcase classname="UserApproval Component &gt; Account and Role Management" name="prevents deselecting last account" time="0.748">
    </testcase>
    <testcase classname="UserApproval Component &gt; Account and Role Management" name="displays warning when no accounts selected" time="0.609">
    </testcase>
    <testcase classname="UserApproval Component &gt; Pagination" name="changes page for pending users" time="0.511">
    </testcase>
    <testcase classname="UserApproval Component &gt; Pagination" name="changes rows per page" time="0.22">
    </testcase>
    <testcase classname="UserApproval Component &gt; Error Handling" name="shows empty state when loading fails" time="0.096">
    </testcase>
    <testcase classname="UserApproval Component &gt; Error Handling" name="shows dialog error when user data fetch fails" time="0.753">
    </testcase>
    <testcase classname="UserApproval Component &gt; Refresh Functionality" name="refreshes pending users when refresh button clicked" time="0.243">
    </testcase>
    <testcase classname="UserApproval Component &gt; Refresh Functionality" name="refreshes deactivated users when on deactivated tab" time="0.207">
    </testcase>
    <testcase classname="UserApproval Component &gt; Status Display" name="displays correct status chip colors" time="0.145">
    </testcase>
    <testcase classname="UserApproval Component &gt; Status Display" name="shows user details correctly" time="0.156">
    </testcase>
  </testsuite>
  <testsuite name="EditUserModal" errors="0" failures="0" skipped="0" timestamp="2026-05-05T09:35:34" time="86.67" tests="26">
    <testcase classname="EditUserModal &gt; Rendering" name="should not render when open is false" time="0.117">
    </testcase>
    <testcase classname="EditUserModal &gt; Rendering" name="should render when open is true with user data" time="0.939">
    </testcase>
    <testcase classname="EditUserModal &gt; Rendering" name="should render all form fields" time="0.583">
    </testcase>
    <testcase classname="EditUserModal &gt; Rendering" name="should render form sections" time="0.394">
    </testcase>
    <testcase classname="EditUserModal &gt; Form Population" name="should populate form with user data" time="0.459">
    </testcase>
    <testcase classname="EditUserModal &gt; Form Population" name="should handle null user gracefully" time="0.214">
    </testcase>
    <testcase classname="EditUserModal &gt; Form Interactions" name="should update first name on input" time="2.163">
    </testcase>
    <testcase classname="EditUserModal &gt; Form Interactions" name="should handle notification consent checkbox" time="0.861">
    </testcase>
    <testcase classname="EditUserModal &gt; Form Validation" name="should prevent submission when form is invalid" time="0.971">
    </testcase>
    <testcase classname="EditUserModal &gt; Form Submission" name="should successfully update user when valid data is provided" time="2.443">
    </testcase>
    <testcase classname="EditUserModal &gt; Form Submission" name="should handle API errors during update" time="2.371">
    </testcase>
    <testcase classname="EditUserModal &gt; Form Submission" name="should show error when no changes detected" time="0.655">
    </testcase>
    <testcase classname="EditUserModal &gt; Form Submission" name="should require user to be selected for submission" time="0.818">
    </testcase>
    <testcase classname="EditUserModal &gt; Form Submission" name="should show loading state while updating" time="2.104">
    </testcase>
    <testcase classname="EditUserModal &gt; Status Management" name="should display user status in form" time="0.315">
    </testcase>
    <testcase classname="EditUserModal &gt; Modal Actions" name="should call onClose when Cancel button is clicked" time="0.575">
    </testcase>
    <testcase classname="EditUserModal &gt; Modal Actions" name="should call onClose when dialog backdrop is clicked" time="0.358">
    </testcase>
    <testcase classname="EditUserModal &gt; Loading States" name="should render loading state" time="0.472">
    </testcase>
    <testcase classname="EditUserModal &gt; Additional Field Updates" name="should update email field" time="1.97">
    </testcase>
    <testcase classname="EditUserModal &gt; Additional Field Updates" name="should update phone number field" time="1.437">
    </testcase>
    <testcase classname="EditUserModal &gt; Additional Field Updates" name="should update address fields" time="1.103">
    </testcase>
    <testcase classname="EditUserModal &gt; Additional Field Updates" name="should update multiple fields and submit changes" time="1.993">
    </testcase>
    <testcase classname="EditUserModal &gt; Status Change" name="should handle status dropdown changes" time="0.291">
    </testcase>
    <testcase classname="EditUserModal &gt; Error Handling" name="should clear errors when form is modified after error" time="1.965">
    </testcase>
    <testcase classname="EditUserModal &gt; Error Handling" name="should prevent submission with empty required fields" time="0.72">
    </testcase>
    <testcase classname="EditUserModal &gt; Form Reset" name="should reset form when user prop changes" time="0.446">
    </testcase>
  </testsuite>
  <testsuite name="ClientManagement" errors="0" failures="0" skipped="0" timestamp="2026-05-05T09:35:34" time="90.419" tests="22">
    <testcase classname="ClientManagement &gt; Initial Load" name="should render loading state initially" time="0.175">
    </testcase>
    <testcase classname="ClientManagement &gt; Initial Load" name="should load and display clients" time="1.122">
    </testcase>
    <testcase classname="ClientManagement &gt; Initial Load" name="should display error message when loading fails" time="0.72">
    </testcase>
    <testcase classname="ClientManagement &gt; Initial Load" name="should show empty state when no clients are available" time="0.584">
    </testcase>
    <testcase classname="ClientManagement &gt; Status Colors" name="should display correct chip colors for different statuses" time="1.006">
    </testcase>
    <testcase classname="ClientManagement &gt; Client Actions" name="should open create client modal when clicking register button" time="1.573">
    </testcase>
    <testcase classname="ClientManagement &gt; Client Actions" name="should open action menu when clicking more actions button" time="1.623">
    </testcase>
    <testcase classname="ClientManagement &gt; Client Actions" name="should open view modal when clicking view details" time="1.398">
    </testcase>
    <testcase classname="ClientManagement &gt; Client Actions" name="should open edit modal when clicking edit client" time="1.371">
    </testcase>
    <testcase classname="ClientManagement &gt; Client Actions" name="should copy client ID to clipboard" time="1.611">
    </testcase>
    <testcase classname="ClientManagement &gt; Client Actions" name="should open delete confirmation dialog" time="1.481">
    </testcase>
    <testcase classname="ClientManagement &gt; Client Actions" name="should delete client when confirmed" time="2.486">
    </testcase>
    <testcase classname="ClientManagement &gt; Client Actions" name="should handle delete error" time="1.894">
    </testcase>
    <testcase classname="ClientManagement &gt; Client Actions" name="should cancel delete when clicking cancel button" time="2.488">
    </testcase>
    <testcase classname="ClientManagement &gt; Modal Interactions" name="should close create modal and reload clients after saving" time="1.452">
    </testcase>
    <testcase classname="ClientManagement &gt; Modal Interactions" name="should close edit modal and reload clients after saving" time="3.608">
    </testcase>
    <testcase classname="ClientManagement &gt; Modal Interactions" name="should close modals when clicking close button" time="1.462">
    </testcase>
    <testcase classname="ClientManagement &gt; Grant Types and Scopes Display" name="should display all grant types as chips" time="0.643">
    </testcase>
    <testcase classname="ClientManagement &gt; Grant Types and Scopes Display" name="should display first 3 scopes and show more count for additional scopes" time="0.639">
    </testcase>
    <testcase classname="ClientManagement &gt; Error and Success Messages" name="should dismiss error message when clicking close" time="0.932">
    </testcase>
    <testcase classname="ClientManagement &gt; Error and Success Messages" name="should auto-dismiss success message after 5 seconds" time="1.426">
    </testcase>
    <testcase classname="ClientManagement &gt; Refresh Functionality" name="should reload clients when refresh is triggered" time="0.62">
    </testcase>
  </testsuite>
  <testsuite name="CreateUserModal" errors="0" failures="0" skipped="25" timestamp="2026-05-05T09:35:34" time="105.718" tests="59">
    <testcase classname="CreateUserModal &gt; Rendering" name="should render modal when open is true" time="1.484">
    </testcase>
    <testcase classname="CreateUserModal &gt; Rendering" name="should not render modal when open is false" time="0.018">
    </testcase>
    <testcase classname="CreateUserModal &gt; Rendering" name="should render all required form fields" time="0.52">
    </testcase>
    <testcase classname="CreateUserModal &gt; Rendering" name="should render optional contact information fields" time="0.448">
    </testcase>
    <testcase classname="CreateUserModal &gt; Rendering" name="should render account and role assignments section" time="0.298">
    </testcase>
    <testcase classname="CreateUserModal &gt; Rendering" name="should render action buttons" time="0.815">
    </testcase>
    <testcase classname="CreateUserModal &gt; Rendering" name="should render notification consent checkbox" time="0.272">
    </testcase>
    <testcase classname="CreateUserModal &gt; Rendering" name="should display section headers with icons" time="0.252">
    </testcase>
    <testcase classname="CreateUserModal &gt; Form Validation - validateForm()" name="should show error when first name is empty" time="0.605">
    </testcase>
    <testcase classname="CreateUserModal &gt; Form Validation - validateForm()" name="should show error when last name is empty" time="0.768">
    </testcase>
    <testcase classname="CreateUserModal &gt; Form Validation - validateForm()" name="should show error when email is empty" time="0.701">
    </testcase>
    <testcase classname="CreateUserModal &gt; Form Validation - validateForm()" name="should show error when email format is invalid" time="2.495">
    </testcase>
    <testcase classname="CreateUserModal &gt; Form Validation - validateForm()" name="should accept valid email formats" time="1.825">
    </testcase>
    <testcase classname="CreateUserModal &gt; Form Validation - validateForm()" name="should validate email with subdomain" time="0">
      <skipped/>
    </testcase>
    <testcase classname="CreateUserModal &gt; Form Validation - validateForm()" name="should show error when username is empty" time="0.629">
    </testcase>
    <testcase classname="CreateUserModal &gt; Form Validation - validateForm()" name="should show error when username contains spaces" time="1.435">
    </testcase>
    <testcase classname="CreateUserModal &gt; Form Validation - validateForm()" name="should show error when username contains special characters" time="0">
      <skipped/>
    </testcase>
    <testcase classname="CreateUserModal &gt; Form Validation - validateForm()" name="should accept valid username with allowed characters" time="0">
      <skipped/>
    </testcase>
    <testcase classname="CreateUserModal &gt; Form Validation - validateForm()" name="should show error when password is empty" time="0.453">
    </testcase>
    <testcase classname="CreateUserModal &gt; Form Validation - validateForm()" name="should show error when password is less than 8 characters" time="1.125">
    </testcase>
    <testcase classname="CreateUserModal &gt; Form Validation - validateForm()" name="should accept password with 8 or more characters" time="0">
      <skipped/>
    </testcase>
    <testcase classname="CreateUserModal &gt; Form Validation - validateForm()" name="should show error when confirm password is empty" time="0.438">
    </testcase>
    <testcase classname="CreateUserModal &gt; Form Validation - validateForm()" name="should show error when passwords do not match" time="0">
      <skipped/>
    </testcase>
    <testcase classname="CreateUserModal &gt; Form Validation - validateForm()" name="should not show errors when all required fields are valid" time="0">
      <skipped/>
    </testcase>
    <testcase classname="CreateUserModal &gt; Form Validation - validateForm()" name="should validate multiple fields simultaneously" time="0.479">
    </testcase>
    <testcase classname="CreateUserModal &gt; Form Submission" name="should call UserService.createUserV2 with correct data on valid form submission" time="0">
      <skipped/>
    </testcase>
    <testcase classname="CreateUserModal &gt; Form Submission" name="should call onUserCreated and onClose on successful user creation" time="5.202">
    </testcase>
    <testcase classname="CreateUserModal &gt; Form Submission" name="should handle successful creation with data property" time="0">
      <skipped/>
    </testcase>
    <testcase classname="CreateUserModal &gt; Form Submission" name="should display error message on API failure" time="0">
      <skipped/>
    </testcase>
    <testcase classname="CreateUserModal &gt; Form Submission" name="should display error when API returns error message" time="5.331">
    </testcase>
    <testcase classname="CreateUserModal &gt; Form Submission" name="should show loading state during submission" time="5.068">
    </testcase>
    <testcase classname="CreateUserModal &gt; Form Submission" name="should disable buttons during loading" time="5.366">
    </testcase>
    <testcase classname="CreateUserModal &gt; Form Submission" name="should not submit if validation fails" time="0.413">
    </testcase>
    <testcase classname="CreateUserModal &gt; Form Submission" name="should include optional fields when provided" time="0">
      <skipped/>
    </testcase>
    <testcase classname="CreateUserModal &gt; Form Submission" name="should handle unexpected errors gracefully" time="0">
      <skipped/>
    </testcase>
    <testcase classname="CreateUserModal &gt; User Interactions" name="should update first name field on input" time="0">
      <skipped/>
    </testcase>
    <testcase classname="CreateUserModal &gt; User Interactions" name="should update email field on input" time="0">
      <skipped/>
    </testcase>
    <testcase classname="CreateUserModal &gt; User Interactions" name="should handle notification consent checkbox toggle" time="0.276">
    </testcase>
    <testcase classname="CreateUserModal &gt; User Interactions" name="should handle role selection from dropdown" time="0">
      <skipped/>
    </testcase>
    <testcase classname="CreateUserModal &gt; User Interactions" name="should handle country selection" time="0">
      <skipped/>
    </testcase>
    <testcase classname="CreateUserModal &gt; User Interactions" name="should close modal when cancel button is clicked" time="0.405">
    </testcase>
    <testcase classname="CreateUserModal &gt; User Interactions" name="should not close modal when loading" time="0">
      <skipped/>
    </testcase>
    <testcase classname="CreateUserModal &gt; User Interactions" name="should clear form data when modal closes" time="1.024">
    </testcase>
    <testcase classname="CreateUserModal &gt; User Interactions" name="should clear errors when modal closes" time="0.709">
    </testcase>
    <testcase classname="CreateUserModal &gt; Edge Cases and Data Transformation" name="should trim whitespace from text inputs" time="0">
      <skipped/>
    </testcase>
    <testcase classname="CreateUserModal &gt; Edge Cases and Data Transformation" name="should convert email to lowercase" time="0">
      <skipped/>
    </testcase>
    <testcase classname="CreateUserModal &gt; Edge Cases and Data Transformation" name="should convert username to lowercase" time="0">
      <skipped/>
    </testcase>
    <testcase classname="CreateUserModal &gt; Edge Cases and Data Transformation" name="should omit undefined optional fields from submission" time="0">
      <skipped/>
    </testcase>
    <testcase classname="CreateUserModal &gt; Edge Cases and Data Transformation" name="should handle empty strings in optional fields" time="0">
      <skipped/>
    </testcase>
    <testcase classname="CreateUserModal &gt; Edge Cases and Data Transformation" name="should sync roles across accounts when roles change" time="0">
      <skipped/>
    </testcase>
    <testcase classname="CreateUserModal &gt; Error Display and Recovery" name="should display API error in alert" time="0">
      <skipped/>
    </testcase>
    <testcase classname="CreateUserModal &gt; Error Display and Recovery" name="should allow resubmission after error" time="0">
      <skipped/>
    </testcase>
    <testcase classname="CreateUserModal &gt; Error Display and Recovery" name="should clear API error when modal is closed" time="0">
      <skipped/>
    </testcase>
    <testcase classname="CreateUserModal &gt; Helper Text and Labels" name="should display password requirements helper text" time="0.194">
    </testcase>
    <testcase classname="CreateUserModal &gt; Helper Text and Labels" name="should display username format helper text" time="0.207">
    </testcase>
    <testcase classname="CreateUserModal &gt; Helper Text and Labels" name="should show required asterisk on required fields" time="0.232">
    </testcase>
    <testcase classname="CreateUserModal &gt; Accessibility" name="should have proper ARIA labels" time="0.226">
    </testcase>
    <testcase classname="CreateUserModal &gt; Accessibility" name="should associate error messages with inputs" time="0.523">
    </testcase>
    <testcase classname="CreateUserModal &gt; Accessibility" name="should disable escape key when loading" time="5.579">
    </testcase>
  </testsuite>
  <testsuite name="CreateEditClientModal" errors="0" failures="0" skipped="2" timestamp="2026-05-05T09:35:34" time="106.267" tests="30">
    <testcase classname="CreateEditClientModal &gt; Create Mode - Comprehensive Tests" name="should render all form sections" time="1.14">
    </testcase>
    <testcase classname="CreateEditClientModal &gt; Create Mode - Comprehensive Tests" name="should handle complete form submission with all fields filled" time="0">
      <skipped/>
    </testcase>
    <testcase classname="CreateEditClientModal &gt; Create Mode - Comprehensive Tests" name="should validate required fields before submission" time="1.38">
    </testcase>
    <testcase classname="CreateEditClientModal &gt; Create Mode - Comprehensive Tests" name="should clear errors when user corrects input" time="4.683">
    </testcase>
    <testcase classname="CreateEditClientModal &gt; Create Mode - Comprehensive Tests" name="should handle API error with specific error message" time="3.466">
    </testcase>
    <testcase classname="CreateEditClientModal &gt; Create Mode - Comprehensive Tests" name="should handle network error gracefully" time="0">
      <skipped/>
    </testcase>
    <testcase classname="CreateEditClientModal &gt; Create Mode - Comprehensive Tests" name="should disable form during submission" time="2.977">
    </testcase>
    <testcase classname="CreateEditClientModal &gt; Edit Mode - Comprehensive Tests" name="should load and display existing client data" time="0.48">
    </testcase>
    <testcase classname="CreateEditClientModal &gt; Edit Mode - Comprehensive Tests" name="should prevent editing clientId in edit mode" time="0.469">
    </testcase>
    <testcase classname="CreateEditClientModal &gt; Edit Mode - Comprehensive Tests" name="should update client with modified fields" time="3.662">
    </testcase>
    <testcase classname="CreateEditClientModal &gt; Edit Mode - Comprehensive Tests" name="should handle update validation errors" time="0.969">
    </testcase>
    <testcase classname="CreateEditClientModal &gt; Edit Mode - Comprehensive Tests" name="should handle update API failure" time="1.234">
    </testcase>
    <testcase classname="CreateEditClientModal &gt; Edit Mode - Comprehensive Tests" name="should show loading state while fetching client details" time="0.474">
    </testcase>
    <testcase classname="CreateEditClientModal &gt; URI Management" name="should add multiple redirect URIs" time="1.306">
    </testcase>
    <testcase classname="CreateEditClientModal &gt; URI Management" name="should remove redirect URI" time="1.371">
    </testcase>
    <testcase classname="CreateEditClientModal &gt; URI Management" name="should add and remove post-logout redirect URIs" time="1.317">
    </testcase>
    <testcase classname="CreateEditClientModal &gt; URI Management" name="should validate URI formats" time="1.689">
    </testcase>
    <testcase classname="CreateEditClientModal &gt; Token Validity Configuration" name="should update all token validity fields" time="3.055">
    </testcase>
    <testcase classname="CreateEditClientModal &gt; Token Validity Configuration" name="should validate token validity values" time="1.695">
    </testcase>
    <testcase classname="CreateEditClientModal &gt; Advanced Settings" name="should toggle all advanced settings" time="1.081">
    </testcase>
    <testcase classname="CreateEditClientModal &gt; Advanced Settings" name="should handle additional information input" time="5.375">
    </testcase>
    <testcase classname="CreateEditClientModal &gt; Advanced Settings" name="should change client status" time="0.223">
    </testcase>
    <testcase classname="CreateEditClientModal &gt; OAuth2 Configuration" name="should select multiple grant types" time="0.191">
    </testcase>
    <testcase classname="CreateEditClientModal &gt; OAuth2 Configuration" name="should select multiple authentication methods" time="0.234">
    </testcase>
    <testcase classname="CreateEditClientModal &gt; OAuth2 Configuration" name="should select multiple scopes" time="0.22">
    </testcase>
    <testcase classname="CreateEditClientModal &gt; Modal Interaction" name="should close modal on cancel without saving" time="0.658">
    </testcase>
    <testcase classname="CreateEditClientModal &gt; Modal Interaction" name="should not close modal when clicking inside" time="0.246">
    </testcase>
    <testcase classname="CreateEditClientModal &gt; Modal Interaction" name="should reset form when modal is closed and reopened" time="1.42">
    </testcase>
    <testcase classname="CreateEditClientModal &gt; Error Handling" name="should display multiple validation errors simultaneously" time="0.865">
    </testcase>
    <testcase classname="CreateEditClientModal &gt; Error Handling" name="should clear all errors after successful submission" time="4.346">
    </testcase>
  </testsuite>
  <testsuite name="AccountManagement" errors="0" failures="0" skipped="0" timestamp="2026-05-05T09:36:41" time="50.215" tests="10">
    <testcase classname="AccountManagement" name="renders account management title" time="0.593">
    </testcase>
    <testcase classname="AccountManagement" name="displays subtitle" time="0.408">
    </testcase>
    <testcase classname="AccountManagement" name="displays accounts after loading" time="1.117">
    </testcase>
    <testcase classname="AccountManagement" name="displays account statuses with correct colors" time="0.997">
    </testcase>
    <testcase classname="AccountManagement" name="displays account roles" time="0.9">
    </testcase>
    <testcase classname="AccountManagement" name="shows &quot;No roles&quot; for accounts without roles" time="0.897">
    </testcase>
    <testcase classname="AccountManagement" name="displays account created by information" time="0.941">
    </testcase>
    <testcase classname="AccountManagement" name="displays create account button" time="1.022">
    </testcase>
    <testcase classname="AccountManagement" name="calls filterAccounts on mount" time="0.496">
    </testcase>
    <testcase classname="AccountManagement" name="displays loading state" time="0.444">
    </testcase>
  </testsuite>
  <testsuite name="UserDetailsModal" errors="0" failures="0" skipped="0" timestamp="2026-05-05T09:36:47" time="45.119" tests="23">
    <testcase classname="UserDetailsModal &gt; Rendering" name="should not render when open is false" time="0.131">
    </testcase>
    <testcase classname="UserDetailsModal &gt; Rendering" name="should render when open is true" time="0.53">
    </testcase>
    <testcase classname="UserDetailsModal &gt; Rendering" name="should return null when user is null" time="0.007">
    </testcase>
    <testcase classname="UserDetailsModal &gt; Rendering" name="should display user name" time="0.171">
    </testcase>
    <testcase classname="UserDetailsModal &gt; Rendering" name="should display user status chip" time="0.173">
    </testcase>
    <testcase classname="UserDetailsModal &gt; User Information Display" name="should display basic information" time="0.142">
    </testcase>
    <testcase classname="UserDetailsModal &gt; User Information Display" name="should display location information" time="0.135">
    </testcase>
    <testcase classname="UserDetailsModal &gt; User Information Display" name="should display roles" time="0.183">
    </testcase>
    <testcase classname="UserDetailsModal &gt; User Information Display" name="should display accounts section" time="0.132">
    </testcase>
    <testcase classname="UserDetailsModal &gt; User Information Display" name="should handle missing optional fields" time="0.12">
    </testcase>
    <testcase classname="UserDetailsModal &gt; Status Colors" name="should display success color for ACTIVE status" time="0.177">
    </testcase>
    <testcase classname="UserDetailsModal &gt; Status Colors" name="should display warning color for PENDING status" time="0.118">
    </testcase>
    <testcase classname="UserDetailsModal &gt; Status Colors" name="should display error color for BLOCKED status" time="0.139">
    </testcase>
    <testcase classname="UserDetailsModal &gt; Modal Actions" name="should call onClose when Close button is clicked" time="0.453">
    </testcase>
    <testcase classname="UserDetailsModal &gt; Modal Actions" name="should call onClose when dialog is dismissed" time="0.138">
    </testcase>
    <testcase classname="UserDetailsModal &gt; Modal Actions" name="should render Edit button when onEdit is provided" time="0.353">
    </testcase>
    <testcase classname="UserDetailsModal &gt; Modal Actions" name="should call onEdit when Edit button is clicked" time="0.571">
    </testcase>
    <testcase classname="UserDetailsModal &gt; Modal Actions" name="should not render Edit button when onEdit is not provided" time="0.3">
    </testcase>
    <testcase classname="UserDetailsModal &gt; Date Formatting" name="should format birth date correctly" time="0.164">
    </testcase>
    <testcase classname="UserDetailsModal &gt; Date Formatting" name="should render without date when missing" time="0.155">
    </testcase>
    <testcase classname="UserDetailsModal &gt; Locale and Timezone Display" name="should display locale information" time="0.15">
    </testcase>
    <testcase classname="UserDetailsModal &gt; Locale and Timezone Display" name="should display timezone information" time="0.125">
    </testcase>
    <testcase classname="UserDetailsModal &gt; Notification Consent Display" name="should show notification consent status" time="0.134">
    </testcase>
  </testsuite>
  <testsuite name="Profile" errors="0" failures="0" skipped="0" timestamp="2026-05-05T09:36:40" time="56.715" tests="35">
    <testcase classname="Profile &gt; loading state" name="shows spinner while fetching" time="0.072">
    </testcase>
    <testcase classname="Profile &gt; error states" name="shows error when getSelfUser throws an Error" time="0.094">
    </testcase>
    <testcase classname="Profile &gt; error states" name="shows generic message for non-Error exception" time="0.042">
    </testcase>
    <testcase classname="Profile &gt; error states" name="shows error.message when response has no user structure" time="0.082">
    </testcase>
    <testcase classname="Profile &gt; error states" name="shows fallback error text when message is absent" time="0.041">
    </testcase>
    <testcase classname="Profile &gt; no-user state" name="shows error when response has no recognisable user structure" time="0.052">
    </testcase>
    <testcase classname="Profile &gt; profile display — response.data" name="renders My Profile heading" time="0.271">
    </testcase>
    <testcase classname="Profile &gt; profile display — response.data" name="renders username" time="0.191">
    </testcase>
    <testcase classname="Profile &gt; profile display — response.data" name="renders email" time="0.174">
    </testcase>
    <testcase classname="Profile &gt; profile display — response.data" name="renders ACTIVE status chip" time="0.17">
    </testcase>
    <testcase classname="Profile &gt; profile display — response.data" name="renders city in address card" time="0.143">
    </testcase>
    <testcase classname="Profile &gt; profile display — response.data" name="renders assigned roles as chips" time="0.151">
    </testcase>
    <testcase classname="Profile &gt; profile display — response.data" name="renders Enabled for notificationConsent=true" time="0.137">
    </testcase>
    <testcase classname="Profile &gt; profile display — response.data" name="renders Disabled for notificationConsent=false" time="0.136">
    </testcase>
    <testcase classname="Profile &gt; profile display — response.data" name="renders formatted birth date" time="0.141">
    </testcase>
    <testcase classname="Profile &gt; profile display — response.data" name="renders Not specified when birthDate is absent" time="0.159">
    </testcase>
    <testcase classname="Profile &gt; profile display — response.data" name="renders No roles assigned when roles is empty" time="0.148">
    </testcase>
    <testcase classname="Profile &gt; profile display — response.data" name="renders associated accounts section" time="0.145">
    </testcase>
    <testcase classname="Profile &gt; profile display — direct response shapes" name="sets user when response has a numeric id field" time="0.128">
    </testcase>
    <testcase classname="Profile &gt; profile display — direct response shapes" name="sets user when response has userName without id" time="0.141">
    </testcase>
    <testcase classname="Profile &gt; status chip colors — all statuses" name="renders PENDING chip" time="0.174">
    </testcase>
    <testcase classname="Profile &gt; status chip colors — all statuses" name="renders BLOCKED chip" time="0.189">
    </testcase>
    <testcase classname="Profile &gt; status chip colors — all statuses" name="renders REJECTED chip" time="0.109">
    </testcase>
    <testcase classname="Profile &gt; status chip colors — all statuses" name="renders DELETED chip" time="0.134">
    </testcase>
    <testcase classname="Profile &gt; status chip colors — all statuses" name="renders DEACTIVATED chip" time="0.128">
    </testcase>
    <testcase classname="Profile &gt; edit mode" name="opens edit dialog when Edit Profile icon is clicked" time="1.435">
    </testcase>
    <testcase classname="Profile &gt; edit mode" name="closes edit dialog on Cancel" time="2.486">
    </testcase>
    <testcase classname="Profile &gt; edit mode" name="shows No changes detected when nothing was changed" time="1.384">
    </testcase>
    <testcase classname="Profile &gt; edit mode" name="saves changes and shows success message" time="1.975">
    </testcase>
    <testcase classname="Profile &gt; edit mode" name="shows error when updateSelfUser rejects" time="1.631">
    </testcase>
    <testcase classname="Profile &gt; edit mode" name="shows error from response.message when update returns no data" time="1.56">
    </testcase>
    <testcase classname="Profile &gt; edit mode" name="shows fallback Failed to update profile when response has no message" time="1.232">
    </testcase>
    <testcase classname="Profile &gt; formatDate edge cases" name="returns Not specified when birthDate is undefined" time="0.122">
    </testcase>
    <testcase classname="Profile &gt; formatDate edge cases" name="returns the raw string for unparseable dates" time="0.148">
    </testcase>
    <testcase classname="Profile &gt; getStatusColor edge cases" name="applies default chip color for an unrecognised status value" time="0.144">
    </testcase>
  </testsuite>
  <testsuite name="ScopeManagement" errors="0" failures="0" skipped="13" timestamp="2026-05-05T09:36:48" time="50.069" tests="24">
    <testcase classname="ScopeManagement &gt; Basic Rendering" name="renders the scope management page with title" time="0.617">
    </testcase>
    <testcase classname="ScopeManagement &gt; Basic Rendering" name="renders search input and add button" time="0.631">
    </testcase>
    <testcase classname="ScopeManagement &gt; Scope Loading" name="shows loading state initially" time="0.252">
    </testcase>
    <testcase classname="ScopeManagement &gt; Scope Loading" name="loads and displays scopes successfully" time="0.509">
    </testcase>
    <testcase classname="ScopeManagement &gt; Scope Loading" name="displays error message when loading fails" time="0.438">
    </testcase>
    <testcase classname="ScopeManagement &gt; Search Functionality" name="triggers search when typing in search field" time="0.996">
    </testcase>
    <testcase classname="ScopeManagement &gt; Search Functionality" name="resets page to 0 when searching" time="0">
      <skipped/>
    </testcase>
    <testcase classname="ScopeManagement &gt; Pagination" name="changes page when next button clicked" time="1.562">
    </testcase>
    <testcase classname="ScopeManagement &gt; Pagination" name="changes rows per page" time="1.178">
    </testcase>
    <testcase classname="ScopeManagement &gt; Scope Type Display" name="displays administrative badge for administrative scopes" time="0.302">
    </testcase>
    <testcase classname="ScopeManagement &gt; Scope Type Display" name="displays predefined badge for predefined scopes" time="0">
      <skipped/>
    </testcase>
    <testcase classname="ScopeManagement &gt; Create Scope" name="opens dialog when Add Scope button clicked" time="0">
      <skipped/>
    </testcase>
    <testcase classname="ScopeManagement &gt; Create Scope" name="creates new scope with valid data" time="0">
      <skipped/>
    </testcase>
    <testcase classname="ScopeManagement &gt; Create Scope" name="shows validation errors for invalid scope name" time="0">
      <skipped/>
    </testcase>
    <testcase classname="ScopeManagement &gt; Edit Scope" name="opens edit dialog with scope data" time="0">
      <skipped/>
    </testcase>
    <testcase classname="ScopeManagement &gt; Edit Scope" name="updates scope with new data" time="0">
      <skipped/>
    </testcase>
    <testcase classname="ScopeManagement &gt; Edit Scope" name="does not allow editing predefined scopes" time="0.617">
    </testcase>
    <testcase classname="ScopeManagement &gt; Delete Scope" name="opens delete confirmation dialog" time="0">
      <skipped/>
    </testcase>
    <testcase classname="ScopeManagement &gt; Delete Scope" name="deletes scope when confirmed" time="0">
      <skipped/>
    </testcase>
    <testcase classname="ScopeManagement &gt; Delete Scope" name="does not allow deleting predefined scopes" time="0.566">
    </testcase>
    <testcase classname="ScopeManagement &gt; Delete Scope" name="closes dialog when cancel button clicked" time="0">
      <skipped/>
    </testcase>
    <testcase classname="ScopeManagement &gt; Refresh Functionality" name="refreshes scope list and clears search" time="0">
      <skipped/>
    </testcase>
    <testcase classname="ScopeManagement &gt; Empty State" name="displays message when no scopes found" time="0">
      <skipped/>
    </testcase>
    <testcase classname="ScopeManagement &gt; Error Recovery" name="retries loading after error" time="0">
      <skipped/>
    </testcase>
  </testsuite>
  <testsuite name="ManageUserAccountsModal" errors="0" failures="0" skipped="0" timestamp="2026-05-05T09:36:57" time="45.262" tests="26">
    <testcase classname="ManageUserAccountsModal &gt; Rendering" name="should not render when open is false" time="0.031">
    </testcase>
    <testcase classname="ManageUserAccountsModal &gt; Rendering" name="should render when open is true" time="0.23">
    </testcase>
    <testcase classname="ManageUserAccountsModal &gt; Rendering" name="should display user information" time="0.103">
    </testcase>
    <testcase classname="ManageUserAccountsModal &gt; Rendering" name="should render AccountRoleSelector component" time="0.171">
    </testcase>
    <testcase classname="ManageUserAccountsModal &gt; User Data Loading" name="should render account role selector after initialization" time="0.15">
    </testcase>
    <testcase classname="ManageUserAccountsModal &gt; User Data Loading" name="should handle user data fetch error gracefully" time="0.074">
    </testcase>
    <testcase classname="ManageUserAccountsModal &gt; User Data Loading" name="should handle null user" time="0.068">
    </testcase>
    <testcase classname="ManageUserAccountsModal &gt; Form Interactions" name="should allow entering notes" time="1.048">
    </testcase>
    <testcase classname="ManageUserAccountsModal &gt; Modal Actions" name="should call onClose when Cancel button is clicked" time="0.322">
    </testcase>
    <testcase classname="ManageUserAccountsModal &gt; Modal Actions" name="should call onClose on dialog close" time="0.092">
    </testcase>
    <testcase classname="ManageUserAccountsModal &gt; Loading States" name="should render content after initialization" time="0.134">
    </testcase>
    <testcase classname="ManageUserAccountsModal &gt; Notes Field" name="should have placeholder text in notes field" time="0.119">
    </testcase>
    <testcase classname="ManageUserAccountsModal &gt; Notes Field" name="should retain notes field state across renders" time="0.652">
    </testcase>
    <testcase classname="ManageUserAccountsModal &gt; User Information Display" name="should display user first and last name" time="0.067">
    </testcase>
    <testcase classname="ManageUserAccountsModal &gt; User Information Display" name="should display username in parentheses" time="0.056">
    </testcase>
    <testcase classname="ManageUserAccountsModal &gt; Error Handling" name="should handle user data fetch errors" time="0.062">
    </testcase>
    <testcase classname="ManageUserAccountsModal &gt; Button States" name="should have Update Assignments button enabled" time="0.167">
    </testcase>
    <testcase classname="ManageUserAccountsModal &gt; Button States" name="should have Cancel button enabled" time="0.109">
    </testcase>
    <testcase classname="ManageUserAccountsModal &gt; Modal Title" name="should display account circle icon" time="0.053">
    </testcase>
    <testcase classname="ManageUserAccountsModal &gt; Form Submission" name="should submit form with account role changes" time="0.368">
    </testcase>
    <testcase classname="ManageUserAccountsModal &gt; Form Submission" name="should call onSuccess callback on successful submission" time="0.344">
    </testcase>
    <testcase classname="ManageUserAccountsModal &gt; Notes Field Interactions" name="should update notes field value" time="0.913">
    </testcase>
    <testcase classname="ManageUserAccountsModal &gt; Initialization" name="should initialize with loading state" time="0.074">
    </testcase>
    <testcase classname="ManageUserAccountsModal &gt; Initialization" name="should handle null user gracefully" time="0.052">
    </testcase>
    <testcase classname="ManageUserAccountsModal &gt; Initialization" name="should handle API response without data property" time="0.123">
    </testcase>
    <testcase classname="ManageUserAccountsModal &gt; Snackbar Notifications" name="should show success snackbar on successful update" time="0.403">
    </testcase>
  </testsuite>
  <testsuite name="DeleteAccountDialog" errors="0" failures="0" skipped="0" timestamp="2026-05-05T09:37:01" time="45.907" tests="21">
    <testcase classname="DeleteAccountDialog &gt; Rendering" name="should not render when account is null" time="0.018">
    </testcase>
    <testcase classname="DeleteAccountDialog &gt; Rendering" name="renders when open with all account details" time="0.425">
    </testcase>
    <testcase classname="DeleteAccountDialog &gt; Rendering" name="should render without parentId" time="0.076">
    </testcase>
    <testcase classname="DeleteAccountDialog &gt; Rendering" name="should render without roles" time="0.065">
    </testcase>
    <testcase classname="DeleteAccountDialog &gt; Rendering" name="should render status chips for different statuses" time="0.375">
    </testcase>
    <testcase classname="DeleteAccountDialog &gt; Rendering" name="displays confirmation warning" time="0.059">
    </testcase>
    <testcase classname="DeleteAccountDialog &gt; Rendering" name="displays precautionary checklist" time="0.047">
    </testcase>
    <testcase classname="DeleteAccountDialog &gt; User Interactions" name="calls onClose when cancel is clicked" time="0.272">
    </testcase>
    <testcase classname="DeleteAccountDialog &gt; User Interactions" name="successfully deletes account and calls callbacks" time="0.339">
    </testcase>
    <testcase classname="DeleteAccountDialog &gt; User Interactions" name="displays loading state during deletion" time="0.296">
    </testcase>
    <testcase classname="DeleteAccountDialog &gt; Error Handling" name="handles error from API response" time="0.296">
    </testcase>
    <testcase classname="DeleteAccountDialog &gt; Error Handling" name="handles 400 error" time="0.281">
    </testcase>
    <testcase classname="DeleteAccountDialog &gt; Error Handling" name="handles 401 error" time="0.257">
    </testcase>
    <testcase classname="DeleteAccountDialog &gt; Error Handling" name="handles 403 error" time="0.259">
    </testcase>
    <testcase classname="DeleteAccountDialog &gt; Error Handling" name="handles 404 error" time="0.254">
    </testcase>
    <testcase classname="DeleteAccountDialog &gt; Error Handling" name="handles 409 error" time="0.288">
    </testcase>
    <testcase classname="DeleteAccountDialog &gt; Error Handling" name="handles 500 error" time="0.273">
    </testcase>
    <testcase classname="DeleteAccountDialog &gt; Error Handling" name="handles Error object" time="0.256">
    </testcase>
    <testcase classname="DeleteAccountDialog &gt; Error Handling" name="clears error when close icon is clicked" time="0.422">
    </testcase>
    <testcase classname="DeleteAccountDialog &gt; Error Handling" name="clears error state when dialog closes" time="0.477">
    </testcase>
    <testcase classname="DeleteAccountDialog &gt; Error Handling" name="prevents closing dialog during deletion" time="0.372">
    </testcase>
  </testsuite>
  <testsuite name="UserManagement" errors="0" failures="0" skipped="1" timestamp="2026-05-05T09:35:34" time="133.37" tests="49">
    <testcase classname="UserManagement &gt; Initial Load" name="should render loading state initially" time="0.571">
    </testcase>
    <testcase classname="UserManagement &gt; Initial Load" name="should load and display users" time="1.078">
    </testcase>
    <testcase classname="UserManagement &gt; Initial Load" name="should show empty state when no users are available" time="0.692">
    </testcase>
    <testcase classname="UserManagement &gt; Initial Load" name="should handle load error" time="0.365">
    </testcase>
    <testcase classname="UserManagement &gt; Initial Load" name="should handle invalid response format" time="0.763">
    </testcase>
    <testcase classname="UserManagement &gt; Status Display" name="should display correct status chips for different user statuses" time="0.891">
    </testcase>
    <testcase classname="UserManagement &gt; Status Display" name="should return correct status colors" time="0.789">
    </testcase>
    <testcase classname="UserManagement &gt; Search Functionality" name="should filter users when searching" time="2.246">
    </testcase>
    <testcase classname="UserManagement &gt; Search Functionality" name="should handle search with whitespace" time="1.837">
    </testcase>
    <testcase classname="UserManagement &gt; Search Functionality" name="should not add userNames filter when search is empty" time="0">
      <skipped/>
    </testcase>
    <testcase classname="UserManagement &gt; Search Functionality" name="should reset to first page when searching" time="1.063">
    </testcase>
    <testcase classname="UserManagement &gt; Status Filter Functionality" name="should display status filter dropdown" time="0.934">
    </testcase>
    <testcase classname="UserManagement &gt; Status Filter Functionality" name="should filter users by ACTIVE status" time="2.081">
    </testcase>
    <testcase classname="UserManagement &gt; Status Filter Functionality" name="should filter users by PENDING status" time="1.676">
    </testcase>
    <testcase classname="UserManagement &gt; Status Filter Functionality" name="should filter users by BLOCKED status" time="1.604">
    </testcase>
    <testcase classname="UserManagement &gt; Status Filter Functionality" name="should filter users by REJECTED status" time="1.658">
    </testcase>
    <testcase classname="UserManagement &gt; Status Filter Functionality" name="should filter users by DEACTIVATED status" time="1.631">
    </testcase>
    <testcase classname="UserManagement &gt; Status Filter Functionality" name="should clear status filter when selecting &quot;All Status&quot;" time="2.446">
    </testcase>
    <testcase classname="UserManagement &gt; Status Filter Functionality" name="should combine search term and status filter" time="2.376">
    </testcase>
    <testcase classname="UserManagement &gt; Status Filter Functionality" name="should reset to first page when changing status filter" time="1.54">
    </testcase>
    <testcase classname="UserManagement &gt; Pagination" name="should display default page size as 10" time="0.682">
    </testcase>
    <testcase classname="UserManagement &gt; Pagination" name="should handle page change" time="2.182">
    </testcase>
    <testcase classname="UserManagement &gt; Pagination" name="should handle rows per page change" time="1.415">
    </testcase>
    <testcase classname="UserManagement &gt; Pagination" name="should maintain filters when changing pages" time="3.722">
    </testcase>
    <testcase classname="UserManagement &gt; Pagination" name="should call API with correct search parameters" time="0.73">
    </testcase>
    <testcase classname="UserManagement &gt; User Actions" name="should open create user modal" time="1.153">
    </testcase>
    <testcase classname="UserManagement &gt; User Actions" name="should open actions menu when clicking more actions button" time="1.519">
    </testcase>
    <testcase classname="UserManagement &gt; User Actions" name="should open view details modal" time="1.837">
    </testcase>
    <testcase classname="UserManagement &gt; User Actions" name="should open view modal when clicking on table row" time="1.11">
    </testcase>
    <testcase classname="UserManagement &gt; User Actions" name="should open edit modal from menu" time="1.874">
    </testcase>
    <testcase classname="UserManagement &gt; User Actions" name="should open edit modal from details modal" time="1.667">
    </testcase>
    <testcase classname="UserManagement &gt; User Actions" name="should open manage accounts modal" time="1.994">
    </testcase>
    <testcase classname="UserManagement &gt; User Actions" name="should open delete dialog" time="2.011">
    </testcase>
    <testcase classname="UserManagement &gt; Modal Interactions" name="should reload users after creating a user" time="1.645">
    </testcase>
    <testcase classname="UserManagement &gt; Modal Interactions" name="should reload users after updating a user" time="3.22">
    </testcase>
    <testcase classname="UserManagement &gt; Modal Interactions" name="should reload users after deleting a user" time="2.975">
    </testcase>
    <testcase classname="UserManagement &gt; Modal Interactions" name="should reload users after managing accounts" time="3.224">
    </testcase>
    <testcase classname="UserManagement &gt; Modal Interactions" name="should close modals without reloading when cancelled" time="2.244">
    </testcase>
    <testcase classname="UserManagement &gt; Snackbar Messages" name="should auto-hide snackbar after 6 seconds" time="1.342">
    </testcase>
    <testcase classname="UserManagement &gt; Snackbar Messages" name="should close snackbar when clicking close button" time="2.118">
    </testcase>
    <testcase classname="UserManagement &gt; Account Display" name="should display user accounts with roles" time="0.667">
    </testcase>
    <testcase classname="UserManagement &gt; Account Display" name="should handle users with no accounts" time="0.671">
    </testcase>
    <testcase classname="UserManagement &gt; Error Handling" name="should clear error when dismiss button is clicked" time="0.658">
    </testcase>
    <testcase classname="UserManagement &gt; Admin Sessions" name="should open admin sessions modal when clicking Manage Active Sessions" time="1.951">
    </testcase>
    <testcase classname="UserManagement &gt; Admin Sessions" name="should close admin sessions modal" time="2.09">
    </testcase>
    <testcase classname="UserManagement &gt; Response Format Handling" name="should handle response wrapped in data property" time="0.674">
    </testcase>
    <testcase classname="UserManagement &gt; Response Format Handling" name="should fetch total count when page is exactly full (rowsPerPage=10)" time="0.169">
    </testcase>
    <testcase classname="UserManagement &gt; Response Format Handling" name="should handle total count fetch failure gracefully" time="0.779">
    </testcase>
    <testcase classname="UserManagement &gt; Response Format Handling" name="should handle total count response wrapped in data property" time="0.773">
    </testcase>
  </testsuite>
  <testsuite name="AdminSessionsModal" errors="0" failures="0" skipped="0" timestamp="2026-05-05T09:37:05" time="45.66" tests="18">
    <testcase classname="AdminSessionsModal" name="does not fetch when modal is closed" time="0.029">
    </testcase>
    <testcase classname="AdminSessionsModal" name="does not fetch when username is null" time="0.154">
    </testcase>
    <testcase classname="AdminSessionsModal" name="shows loading spinner while fetching" time="0.109">
    </testcase>
    <testcase classname="AdminSessionsModal" name="displays username in dialog title" time="0.088">
    </testcase>
    <testcase classname="AdminSessionsModal" name="displays sessions when fetched successfully" time="0.186">
    </testcase>
    <testcase classname="AdminSessionsModal" name="shows Current chip for the current session" time="0.164">
    </testcase>
    <testcase classname="AdminSessionsModal" name="shows no sessions message when list is empty" time="0.1">
    </testcase>
    <testcase classname="AdminSessionsModal" name="shows error alert when fetch fails" time="0.12">
    </testcase>
    <testcase classname="AdminSessionsModal" name="shows generic error message for non-Error exception" time="0.14">
    </testcase>
    <testcase classname="AdminSessionsModal" name="terminates a non-current session" time="0.434">
    </testcase>
    <testcase classname="AdminSessionsModal" name="shows error when terminate fails" time="0.327">
    </testcase>
    <testcase classname="AdminSessionsModal" name="calls onClose when Close button is clicked" time="0.251">
    </testcase>
    <testcase classname="AdminSessionsModal" name="fetches sessions when modal opens with a username" time="0.109">
    </testcase>
    <testcase classname="AdminSessionsModal" name="clears sessions and errors when modal is closed" time="0.171">
    </testcase>
    <testcase classname="AdminSessionsModal" name="shows browser and OS info when available" time="0.105">
    </testcase>
    <testcase classname="AdminSessionsModal" name="renders phone icon for mobile device sessions" time="0.111">
    </testcase>
    <testcase classname="AdminSessionsModal" name="renders tablet icon for tablet device sessions" time="0.118">
    </testcase>
    <testcase classname="AdminSessionsModal" name="handles sessions with invalid datetime strings without crashing" time="0.105">
    </testcase>
  </testsuite>
  <testsuite name="RoleManagement" errors="0" failures="0" skipped="0" timestamp="2026-05-05T09:36:39" time="74.296" tests="22">
    <testcase classname="RoleManagement &gt; Initial Rendering" name="renders role management title and subtitle" time="0.363">
    </testcase>
    <testcase classname="RoleManagement &gt; Initial Rendering" name="shows loading state initially" time="0.286">
    </testcase>
    <testcase classname="RoleManagement &gt; Initial Rendering" name="loads and displays roles after loading" time="0.427">
    </testcase>
    <testcase classname="RoleManagement &gt; Initial Rendering" name="loads available scopes on mount" time="0.102">
    </testcase>
    <testcase classname="RoleManagement &gt; Search Functionality" name="allows searching for roles" time="2.213">
    </testcase>
    <testcase classname="RoleManagement &gt; Search Functionality" name="searches on Enter key press" time="0.911">
    </testcase>
    <testcase classname="RoleManagement &gt; Search Functionality" name="shows no results message when search returns empty" time="1.44">
    </testcase>
    <testcase classname="RoleManagement &gt; Create Role" name="opens create dialog when Create Role button is clicked" time="1.384">
    </testcase>
    <testcase classname="RoleManagement &gt; Create Role" name="validates required fields when creating role" time="1.796">
    </testcase>
    <testcase classname="RoleManagement &gt; Create Role" name="creates role successfully with valid data" time="5.457">
    </testcase>
    <testcase classname="RoleManagement &gt; Edit Role" name="opens edit dialog with role data" time="2.301">
    </testcase>
    <testcase classname="RoleManagement &gt; Edit Role" name="disables editing system roles" time="1.413">
    </testcase>
    <testcase classname="RoleManagement &gt; Edit Role" name="updates role successfully" time="5.113">
    </testcase>
    <testcase classname="RoleManagement &gt; Delete Role" name="opens delete confirmation dialog" time="1.418">
    </testcase>
    <testcase classname="RoleManagement &gt; Delete Role" name="disables deleting system roles" time="1.028">
    </testcase>
    <testcase classname="RoleManagement &gt; Delete Role" name="deletes role on confirmation" time="1.886">
    </testcase>
    <testcase classname="RoleManagement &gt; Delete Role" name="cancels delete operation" time="2.883">
    </testcase>
    <testcase classname="RoleManagement &gt; Error Handling" name="displays error when fetching roles fails" time="0.135">
    </testcase>
    <testcase classname="RoleManagement &gt; Error Handling" name="displays error when creating role fails" time="3.67">
    </testcase>
    <testcase classname="RoleManagement &gt; Scope Display" name="displays scopes with correct colors" time="0.532">
    </testcase>
    <testcase classname="RoleManagement &gt; Scope Display" name="shows &quot;+X more&quot; for roles with many scopes" time="0.507">
    </testcase>
    <testcase classname="RoleManagement &gt; Refresh Functionality" name="refreshes roles and clears search" time="1.905">
    </testcase>
  </testsuite>
  <testsuite name="CreateAccountModal" errors="0" failures="0" skipped="1" timestamp="2026-05-05T09:37:43" time="10.143" tests="22">
    <testcase classname="CreateAccountModal" name="should render modal when open" time="0.372">
    </testcase>
    <testcase classname="CreateAccountModal" name="should not render when open is false" time="0.006">
    </testcase>
    <testcase classname="CreateAccountModal" name="should render all form fields" time="0.157">
    </testcase>
    <testcase classname="CreateAccountModal" name="should enable Create button when account name is filled" time="0.236">
    </testcase>
    <testcase classname="CreateAccountModal" name="should handle account name input change" time="0.163">
    </testcase>
    <testcase classname="CreateAccountModal" name="should handle parent ID input change" time="0.148">
    </testcase>
    <testcase classname="CreateAccountModal" name="should validate required account name" time="0.218">
    </testcase>
    <testcase classname="CreateAccountModal" name="should validate account name length" time="0.261">
    </testcase>
    <testcase classname="CreateAccountModal" name="should validate parent ID as positive number" time="0.367">
    </testcase>
    <testcase classname="CreateAccountModal" name="should successfully create account" time="0.28">
    </testcase>
    <testcase classname="CreateAccountModal" name="should create account with parent ID" time="0.285">
    </testcase>
    <testcase classname="CreateAccountModal" name="should handle create account error" time="0.287">
    </testcase>
    <testcase classname="CreateAccountModal" name="should handle network error" time="0.298">
    </testcase>
    <testcase classname="CreateAccountModal" name="should disable form during submission" time="0.268">
    </testcase>
    <testcase classname="CreateAccountModal" name="should call onClose when Cancel button is clicked" time="0.148">
    </testcase>
    <testcase classname="CreateAccountModal" name="should not close modal when loading" time="0.315">
    </testcase>
    <testcase classname="CreateAccountModal" name="should reset form when modal opens" time="0.11">
    </testcase>
    <testcase classname="CreateAccountModal" name="should clear field error when user starts typing" time="0">
      <skipped/>
    </testcase>
    <testcase classname="CreateAccountModal" name="should display loading state for roles" time="0.091">
    </testcase>
    <testcase classname="CreateAccountModal" name="should trim account name before submission" time="0.25">
    </testcase>
    <testcase classname="CreateAccountModal" name="should show loading spinner during submission" time="0.309">
    </testcase>
    <testcase classname="CreateAccountModal" name="should dismiss error alert" time="0.415">
    </testcase>
  </testsuite>
  <testsuite name="AssistantWidget" errors="0" failures="0" skipped="0" timestamp="2026-05-05T09:37:48" time="6.677" tests="12">
    <testcase classname="AssistantWidget" name="should render floating action button" time="0.043">
    </testcase>
    <testcase classname="AssistantWidget" name="should render chat icon in FAB" time="0.013">
    </testcase>
    <testcase classname="AssistantWidget" name="should not show drawer initially" time="0.013">
    </testcase>
    <testcase classname="AssistantWidget" name="should open drawer when FAB is clicked" time="0.259">
    </testcase>
    <testcase classname="AssistantWidget" name="should render close button in drawer" time="0.111">
    </testcase>
    <testcase classname="AssistantWidget" name="should close drawer when close button is clicked" time="0.217">
    </testcase>
    <testcase classname="AssistantWidget" name="should close drawer when clicking outside (onClose)" time="0.013">
    </testcase>
    <testcase classname="AssistantWidget" name="should render Assistant component inside drawer when open" time="0.09">
    </testcase>
    <testcase classname="AssistantWidget" name="should have correct FAB positioning styles" time="0.013">
    </testcase>
    <testcase classname="AssistantWidget" name="should allow opening drawer multiple times" time="0.092">
    </testcase>
    <testcase classname="AssistantWidget" name="should render drawer with correct anchor" time="0.097">
    </testcase>
    <testcase classname="AssistantWidget" name="should maintain state across re-renders" time="0.098">
    </testcase>
  </testsuite>
  <testsuite name="RoleMultiSelect" errors="0" failures="0" skipped="3" timestamp="2026-05-05T09:37:50" time="5.973" tests="18">
    <testcase classname="RoleMultiSelect" name="should render with label" time="0.165">
    </testcase>
    <testcase classname="RoleMultiSelect" name="should display loading state" time="0">
      <skipped/>
    </testcase>
    <testcase classname="RoleMultiSelect" name="should display message when no roles available" time="0.134">
    </testcase>
    <testcase classname="RoleMultiSelect" name="should display available roles" time="0.131">
    </testcase>
    <testcase classname="RoleMultiSelect" name="should display role descriptions" time="0.108">
    </testcase>
    <testcase classname="RoleMultiSelect" name="should display selected roles as chips" time="0.037">
    </testcase>
    <testcase classname="RoleMultiSelect" name="should handle role selection" time="0.261">
    </testcase>
    <testcase classname="RoleMultiSelect" name="should be disabled when disabled prop is true" time="0.045">
    </testcase>
    <testcase classname="RoleMultiSelect" name="should be disabled when loading" time="0.039">
    </testcase>
    <testcase classname="RoleMultiSelect" name="should display helper text when provided" time="0.027">
    </testcase>
    <testcase classname="RoleMultiSelect" name="should not display helper text when not provided" time="0.023">
    </testcase>
    <testcase classname="RoleMultiSelect" name="should show error state" time="0">
      <skipped/>
    </testcase>
    <testcase classname="RoleMultiSelect" name="should handle empty value array" time="0.049">
    </testcase>
    <testcase classname="RoleMultiSelect" name="should handle undefined value" time="0.046">
    </testcase>
    <testcase classname="RoleMultiSelect" name="should render roles without descriptions" time="0.098">
    </testcase>
    <testcase classname="RoleMultiSelect" name="should display loading spinner" time="0">
      <skipped/>
    </testcase>
    <testcase classname="RoleMultiSelect" name="should have correct ARIA attributes" time="0.033">
    </testcase>
    <testcase classname="RoleMultiSelect" name="should open menu on click" time="0.096">
    </testcase>
  </testsuite>
  <testsuite name="EditAccountModal" errors="0" failures="0" skipped="4" timestamp="2026-05-05T09:37:47" time="10.401" tests="23">
    <testcase classname="EditAccountModal" name="should render modal when open with account" time="0.473">
    </testcase>
    <testcase classname="EditAccountModal" name="should not render when account is null" time="0.003">
    </testcase>
    <testcase classname="EditAccountModal" name="should render account name as disabled field" time="0.208">
    </testcase>
    <testcase classname="EditAccountModal" name="should render account ID as disabled field" time="0.203">
    </testcase>
    <testcase classname="EditAccountModal" name="should initialize form with account data" time="0">
      <skipped/>
    </testcase>
    <testcase classname="EditAccountModal" name="should handle parent ID change" time="0.232">
    </testcase>
    <testcase classname="EditAccountModal" name="should handle status change" time="0">
      <skipped/>
    </testcase>
    <testcase classname="EditAccountModal" name="should validate parent ID as positive number" time="0.367">
    </testcase>
    <testcase classname="EditAccountModal" name="should successfully update account" time="0">
      <skipped/>
    </testcase>
    <testcase classname="EditAccountModal" name="should handle update error" time="0.378">
    </testcase>
    <testcase classname="EditAccountModal" name="should handle network error" time="0.398">
    </testcase>
    <testcase classname="EditAccountModal" name="should disable form during submission" time="0.312">
    </testcase>
    <testcase classname="EditAccountModal" name="should call onClose when Cancel button is clicked" time="0.234">
    </testcase>
    <testcase classname="EditAccountModal" name="should not close modal when loading" time="0.36">
    </testcase>
    <testcase classname="EditAccountModal" name="should display account creation info" time="0.141">
    </testcase>
    <testcase classname="EditAccountModal" name="should handle missing creation info" time="0.132">
    </testcase>
    <testcase classname="EditAccountModal" name="should clear field error when user starts typing" time="0.396">
    </testcase>
    <testcase classname="EditAccountModal" name="should dismiss error alert" time="0.504">
    </testcase>
    <testcase classname="EditAccountModal" name="should show all status options" time="0">
      <skipped/>
    </testcase>
    <testcase classname="EditAccountModal" name="should reinitialize form when modal opens with different account" time="0.174">
    </testcase>
    <testcase classname="EditAccountModal" name="should handle account without roles" time="0.121">
    </testcase>
    <testcase classname="EditAccountModal" name="should require status field" time="0.139">
    </testcase>
    <testcase classname="EditAccountModal" name="should handle empty parent ID" time="0.365">
    </testcase>
  </testsuite>
  <testsuite name="RoleSelector" errors="0" failures="0" skipped="0" timestamp="2026-05-05T09:37:53" time="5.818" tests="11">
    <testcase classname="RoleSelector" name="should render role selector with account name" time="0.074">
    </testcase>
    <testcase classname="RoleSelector" name="should display selected roles as chips" time="0.049">
    </testcase>
    <testcase classname="RoleSelector" name="should mark default roles with primary color" time="0.033">
    </testcase>
    <testcase classname="RoleSelector" name="should mark non-default roles with secondary color" time="0.03">
    </testcase>
    <testcase classname="RoleSelector" name="should display all available roles in dropdown" time="0.2">
    </testcase>
    <testcase classname="RoleSelector" name="should show &quot;Default&quot; label for default roles" time="0.139">
    </testcase>
    <testcase classname="RoleSelector" name="should show &quot;Current&quot; label for original roles that are not default" time="0.155">
    </testcase>
    <testcase classname="RoleSelector" name="should not show &quot;Current&quot; label for default roles even if they are original" time="0.125">
    </testcase>
    <testcase classname="RoleSelector" name="should display help text" time="0.025">
    </testcase>
    <testcase classname="RoleSelector" name="should handle empty roles list" time="0.05">
    </testcase>
    <testcase classname="RoleSelector" name="should render with no selected roles" time="0.062">
    </testcase>
  </testsuite>
  <testsuite name="Assistant" errors="0" failures="0" skipped="0" timestamp="2026-05-05T09:37:53" time="6.623" tests="7">
    <testcase classname="Assistant" name="renders assistant title" time="0.215">
    </testcase>
    <testcase classname="Assistant" name="displays welcome message on mount" time="0.073">
    </testcase>
    <testcase classname="Assistant" name="starts session on mount" time="0.118">
    </testcase>
    <testcase classname="Assistant" name="displays input field" time="0.058">
    </testcase>
    <testcase classname="Assistant" name="displays send button" time="0.061">
    </testcase>
    <testcase classname="Assistant" name="handles text input" time="0.913">
    </testcase>
    <testcase classname="Assistant" name="disables send button when input is empty" time="0.045">
    </testcase>
  </testsuite>
  <testsuite name="Dashboard" errors="0" failures="0" skipped="0" timestamp="2026-05-05T09:37:20" time="40.321" tests="5">
    <testcase classname="Dashboard" name="renders dashboard component" time="0.055">
    </testcase>
    <testcase classname="Dashboard" name="shows loading state initially" time="0.045">
    </testcase>
    <testcase classname="Dashboard" name="displays dashboard title after loading" time="0.043">
    </testcase>
    <testcase classname="Dashboard" name="displays stat cards after loading" time="0.031">
    </testcase>
    <testcase classname="Dashboard" name="renders grid layout" time="1.337">
    </testcase>
  </testsuite>
  <testsuite name="EditClientModal" errors="0" failures="0" skipped="0" timestamp="2026-05-05T09:37:54" time="6.18" tests="14">
    <testcase classname="EditClientModal" name="should render modal when open" time="0.037">
    </testcase>
    <testcase classname="EditClientModal" name="should not render modal when closed" time="0.004">
    </testcase>
    <testcase classname="EditClientModal" name="should load client details when opened" time="0.014">
    </testcase>
    <testcase classname="EditClientModal" name="should show loading state while fetching client details" time="0.01">
    </testcase>
    <testcase classname="EditClientModal" name="should handle error when loading client details fails" time="0.043">
    </testcase>
    <testcase classname="EditClientModal" name="should update client successfully" time="0.092">
    </testcase>
    <testcase classname="EditClientModal" name="should show validation errors" time="0.078">
    </testcase>
    <testcase classname="EditClientModal" name="should handle update error" time="0.091">
    </testcase>
    <testcase classname="EditClientModal" name="should clear errors when closing" time="0.14">
    </testcase>
    <testcase classname="EditClientModal" name="should not update if client is null" time="0.062">
    </testcase>
    <testcase classname="EditClientModal" name="should work without onSuccess callback" time="0.08">
    </testcase>
    <testcase classname="EditClientModal" name="should handle response without data" time="0.017">
    </testcase>
    <testcase classname="EditClientModal" name="should handle scopes as Set" time="0.014">
    </testcase>
    <testcase classname="EditClientModal" name="should handle update error without message property" time="0.078">
    </testcase>
  </testsuite>
  <testsuite name="AccountRoleSelector" errors="0" failures="0" skipped="0" timestamp="2026-05-05T09:37:56" time="6.016" tests="18">
    <testcase classname="AccountRoleSelector &gt; Rendering" name="renders component with description text" time="0.124">
    </testcase>
    <testcase classname="AccountRoleSelector &gt; Rendering" name="renders all account mappings" time="0.057">
    </testcase>
    <testcase classname="AccountRoleSelector &gt; Rendering" name="displays &quot;User&apos;s Current Account&quot; chip for existing accounts" time="0.052">
    </testcase>
    <testcase classname="AccountRoleSelector &gt; Rendering" name="displays &quot;Available Account&quot; chip for new accounts" time="0.043">
    </testcase>
    <testcase classname="AccountRoleSelector &gt; Rendering" name="shows role selector for selected accounts" time="0.038">
    </testcase>
    <testcase classname="AccountRoleSelector &gt; Rendering" name="shows info text for unselected accounts" time="0.05">
    </testcase>
    <testcase classname="AccountRoleSelector &gt; Account Toggle" name="calls onAccountToggle when checkbox is clicked" time="0.15">
    </testcase>
    <testcase classname="AccountRoleSelector &gt; Account Toggle" name="disables checkbox when it is the last selected account" time="0.065">
    </testcase>
    <testcase classname="AccountRoleSelector &gt; Account Toggle" name="enables checkbox when multiple accounts are selected" time="0.1">
    </testcase>
    <testcase classname="AccountRoleSelector &gt; Empty Selection Mode" name="allows unchecking all accounts when allowEmptySelection is true" time="0.05">
    </testcase>
    <testcase classname="AccountRoleSelector &gt; Empty Selection Mode" name="does not show &quot;at least one account&quot; text when allowEmptySelection is true" time="0.042">
    </testcase>
    <testcase classname="AccountRoleSelector &gt; Approval Warning" name="shows approval warning when no accounts are selected and showApprovalWarning is true" time="0.036">
    </testcase>
    <testcase classname="AccountRoleSelector &gt; Approval Warning" name="hides approval warning when showApprovalWarning is false" time="0.021">
    </testcase>
    <testcase classname="AccountRoleSelector &gt; Approval Warning" name="does not show warning when allowEmptySelection is true" time="0.018">
    </testcase>
    <testcase classname="AccountRoleSelector &gt; Multiple Accounts" name="renders multiple account role selectors when multiple accounts are selected" time="0.043">
    </testcase>
    <testcase classname="AccountRoleSelector &gt; Multiple Accounts" name="handles mixed selected and unselected accounts" time="0.04">
    </testcase>
    <testcase classname="AccountRoleSelector &gt; Edge Cases" name="handles empty account mappings array" time="0.009">
    </testcase>
    <testcase classname="AccountRoleSelector &gt; Edge Cases" name="handles accounts with duplicate IDs" time="0.05">
    </testcase>
  </testsuite>
  <testsuite name="ClientModalWrapper Component" errors="0" failures="0" skipped="0" timestamp="2026-05-05T09:37:57" time="5.819" tests="15">
    <testcase classname="ClientModalWrapper Component &gt; Basic Rendering" name="renders modal with title and content" time="0.117">
    </testcase>
    <testcase classname="ClientModalWrapper Component &gt; Basic Rendering" name="renders primary and cancel buttons" time="0.144">
    </testcase>
    <testcase classname="ClientModalWrapper Component &gt; Basic Rendering" name="does not render when open is false" time="0.007">
    </testcase>
    <testcase classname="ClientModalWrapper Component &gt; Error Handling" name="displays error message when error prop is provided" time="0.073">
    </testcase>
    <testcase classname="ClientModalWrapper Component &gt; Error Handling" name="does not display error alert when error is null" time="0.038">
    </testcase>
    <testcase classname="ClientModalWrapper Component &gt; Error Handling" name="displays validation errors when provided" time="0.049">
    </testcase>
    <testcase classname="ClientModalWrapper Component &gt; Error Handling" name="does not display validation errors when array is empty" time="0.035">
    </testcase>
    <testcase classname="ClientModalWrapper Component &gt; Error Handling" name="displays both error and validation errors simultaneously" time="0.053">
    </testcase>
    <testcase classname="ClientModalWrapper Component &gt; Button Interactions" name="calls onClose when Cancel button is clicked" time="0.076">
    </testcase>
    <testcase classname="ClientModalWrapper Component &gt; Button Interactions" name="calls onPrimaryAction when primary button is clicked" time="0.068">
    </testcase>
    <testcase classname="ClientModalWrapper Component &gt; Button Interactions" name="disables buttons when loading is true" time="0.099">
    </testcase>
    <testcase classname="ClientModalWrapper Component &gt; Button Interactions" name="enables buttons when loading is false" time="0.141">
    </testcase>
    <testcase classname="ClientModalWrapper Component &gt; Custom Labels" name="renders custom primary button label" time="0.076">
    </testcase>
    <testcase classname="ClientModalWrapper Component &gt; Custom Labels" name="renders different modal titles" time="0.04">
    </testcase>
    <testcase classname="ClientModalWrapper Component &gt; Validation Error Keys" name="renders multiple validation errors correctly" time="0.042">
    </testcase>
  </testsuite>
  <testsuite name="AuthCallback Component" errors="0" failures="0" skipped="1" timestamp="2026-05-05T09:37:59" time="5.507" tests="14">
    <testcase classname="AuthCallback Component &gt; Success Flow" name="renders loading state initially" time="0.099">
    </testcase>
    <testcase classname="AuthCallback Component &gt; Success Flow" name="handles successful authentication with code and state" time="0.088">
    </testcase>
    <testcase classname="AuthCallback Component &gt; Success Flow" name="logs authentication details for debugging" time="0.021">
    </testcase>
    <testcase classname="AuthCallback Component &gt; Error Handling" name="displays error when OAuth error parameter is present" time="0.077">
    </testcase>
    <testcase classname="AuthCallback Component &gt; Error Handling" name="uses default error message when error_description is missing" time="0.038">
    </testcase>
    <testcase classname="AuthCallback Component &gt; Error Handling" name="displays error when code parameter is missing" time="0.064">
    </testcase>
    <testcase classname="AuthCallback Component &gt; Error Handling" name="displays error when state parameter is missing" time="0.081">
    </testcase>
    <testcase classname="AuthCallback Component &gt; Error Handling" name="handles authentication service errors" time="0.057">
    </testcase>
    <testcase classname="AuthCallback Component &gt; Error Handling" name="redirects to login page after error" time="0.031">
    </testcase>
    <testcase classname="AuthCallback Component &gt; Error Handling" name="displays redirecting message on error" time="0.03">
    </testcase>
    <testcase classname="AuthCallback Component &gt; UI Elements" name="renders loading progress indicator" time="0.027">
    </testcase>
    <testcase classname="AuthCallback Component &gt; UI Elements" name="renders error alert with correct severity" time="0.037">
    </testcase>
    <testcase classname="AuthCallback Component &gt; Redux Integration" name="dispatches loginSuccess on successful authentication" time="0">
      <skipped/>
    </testcase>
    <testcase classname="AuthCallback Component &gt; Redux Integration" name="dispatches loginFailure on authentication error" time="0.03">
    </testcase>
  </testsuite>
  <testsuite name="StyledTableComponents" errors="0" failures="0" skipped="0" timestamp="2026-05-05T09:38:00" time="4.889" tests="20">
    <testcase classname="StyledTableComponents &gt; StyledTableHead" name="renders table head correctly" time="0.039">
    </testcase>
    <testcase classname="StyledTableComponents &gt; StyledTableHead" name="applies correct styling to table head" time="0.019">
    </testcase>
    <testcase classname="StyledTableComponents &gt; StyledTableHead" name="renders multiple header cells" time="0.022">
    </testcase>
    <testcase classname="StyledTableComponents &gt; StyledTableHead" name="supports empty header" time="0.013">
    </testcase>
    <testcase classname="StyledTableComponents &gt; StyledTableCell" name="renders table cell correctly" time="0.009">
    </testcase>
    <testcase classname="StyledTableComponents &gt; StyledTableCell" name="renders with text content" time="0.011">
    </testcase>
    <testcase classname="StyledTableComponents &gt; StyledTableCell" name="renders with numeric content" time="0.01">
    </testcase>
    <testcase classname="StyledTableComponents &gt; StyledTableCell" name="renders with child components" time="0.015">
    </testcase>
    <testcase classname="StyledTableComponents &gt; StyledTableCell" name="supports empty cell" time="0.01">
    </testcase>
    <testcase classname="StyledTableComponents &gt; StyledTableRow" name="renders table row correctly" time="0.009">
    </testcase>
    <testcase classname="StyledTableComponents &gt; StyledTableRow" name="renders with multiple cells" time="0.011">
    </testcase>
    <testcase classname="StyledTableComponents &gt; StyledTableRow" name="applies hover styling" time="0.008">
    </testcase>
    <testcase classname="StyledTableComponents &gt; StyledTableRow" name="renders empty row" time="0.007">
    </testcase>
    <testcase classname="StyledTableComponents &gt; StyledTableRow" name="renders multiple rows" time="0.016">
    </testcase>
    <testcase classname="StyledTableComponents &gt; Integration Tests" name="renders complete table structure" time="0.015">
    </testcase>
    <testcase classname="StyledTableComponents &gt; Integration Tests" name="maintains structure with mixed content types" time="0.016">
    </testcase>
    <testcase classname="StyledTableComponents &gt; Integration Tests" name="renders styled components with theme" time="0.011">
    </testcase>
    <testcase classname="StyledTableComponents &gt; Component Exports" name="exports StyledTableHead" time="0.002">
    </testcase>
    <testcase classname="StyledTableComponents &gt; Component Exports" name="exports StyledTableCell" time="0.002">
    </testcase>
    <testcase classname="StyledTableComponents &gt; Component Exports" name="exports StyledTableRow" time="0.002">
    </testcase>
  </testsuite>
  <testsuite name="Shared Components Index Exports" errors="0" failures="0" skipped="0" timestamp="2026-05-05T09:38:01" time="4.084" tests="5">
    <testcase classname="Shared Components Index Exports" name="should export AccountRoleSelector component" time="0.003">
    </testcase>
    <testcase classname="Shared Components Index Exports" name="should be an object with exports" time="0.004">
    </testcase>
    <testcase classname="Shared Components Index Exports" name="should have at least one export" time="0.001">
    </testcase>
    <testcase classname="Shared Components Index Exports" name="should have AccountRoleSelector in exports" time="0.001">
    </testcase>
    <testcase classname="Shared Components Index Exports" name="should export components as functions" time="0.001">
    </testcase>
  </testsuite>
  <testsuite name="AccountRoleSelectorWithDefaults" errors="0" failures="0" skipped="0" timestamp="2026-05-05T09:38:01" time="5.035" tests="23">
    <testcase classname="AccountRoleSelectorWithDefaults &gt; when account is not selected" name="should display message that account is not selected" time="0.019">
    </testcase>
    <testcase classname="AccountRoleSelectorWithDefaults &gt; when account is not selected" name="should not render RoleSelector when account is not selected" time="0.007">
    </testcase>
    <testcase classname="AccountRoleSelectorWithDefaults &gt; when account is not selected" name="should not render default roles chips when account is not selected" time="0.008">
    </testcase>
    <testcase classname="AccountRoleSelectorWithDefaults &gt; when account is not selected" name="should display text in italic style" time="0.037">
    </testcase>
    <testcase classname="AccountRoleSelectorWithDefaults &gt; when account is selected" name="should render RoleSelector component" time="0.029">
    </testcase>
    <testcase classname="AccountRoleSelectorWithDefaults &gt; when account is selected" name="should pass correct props to RoleSelector" time="0.016">
    </testcase>
    <testcase classname="AccountRoleSelectorWithDefaults &gt; when account is selected" name="should not display &quot;not selected&quot; message" time="0.02">
    </testcase>
    <testcase classname="AccountRoleSelectorWithDefaults &gt; default roles display" name="should render default roles chips when defaultRoles array has items" time="0.014">
    </testcase>
    <testcase classname="AccountRoleSelectorWithDefaults &gt; default roles display" name="should display caption explaining default roles" time="0.016">
    </testcase>
    <testcase classname="AccountRoleSelectorWithDefaults &gt; default roles display" name="should not render default roles section when defaultRoles is empty" time="0.005">
    </testcase>
    <testcase classname="AccountRoleSelectorWithDefaults &gt; default roles display" name="should render all roles from defaultRoles array" time="0.017">
    </testcase>
    <testcase classname="AccountRoleSelectorWithDefaults &gt; chip styling based on selection" name="should render chips with primary color for selected default roles" time="0.014">
    </testcase>
    <testcase classname="AccountRoleSelectorWithDefaults &gt; chip styling based on selection" name="should render chips with default color for unselected default roles" time="0.015">
    </testcase>
    <testcase classname="AccountRoleSelectorWithDefaults &gt; chip styling based on selection" name="should handle mixed selection of default roles" time="0.02">
    </testcase>
    <testcase classname="AccountRoleSelectorWithDefaults &gt; role selection callback" name="should call onRoleSelectionChange with accountId when roles change in RoleSelector" time="0.025">
    </testcase>
    <testcase classname="AccountRoleSelectorWithDefaults &gt; role selection callback" name="should pass correct accountId to callback" time="0.019">
    </testcase>
    <testcase classname="AccountRoleSelectorWithDefaults &gt; edge cases" name="should handle empty selectedRoles array" time="0.015">
    </testcase>
    <testcase classname="AccountRoleSelectorWithDefaults &gt; edge cases" name="should handle single default role" time="0.011">
    </testcase>
    <testcase classname="AccountRoleSelectorWithDefaults &gt; edge cases" name="should handle empty availableRoles array" time="0.009">
    </testcase>
    <testcase classname="AccountRoleSelectorWithDefaults &gt; edge cases" name="should handle long account names" time="0.017">
    </testcase>
    <testcase classname="AccountRoleSelectorWithDefaults &gt; edge cases" name="should handle many default roles" time="0.045">
    </testcase>
    <testcase classname="AccountRoleSelectorWithDefaults &gt; component composition" name="should render default roles section before RoleSelector" time="0.013">
    </testcase>
    <testcase classname="AccountRoleSelectorWithDefaults &gt; component composition" name="should use Box component for default roles layout" time="0.011">
    </testcase>
  </testsuite>
  <testsuite name="CreateClientModal" errors="0" failures="0" skipped="0" timestamp="2026-05-05T09:38:02" time="3.383" tests="8">
    <testcase classname="CreateClientModal" name="should render modal when open" time="0.02">
    </testcase>
    <testcase classname="CreateClientModal" name="should not render modal when closed" time="0.005">
    </testcase>
    <testcase classname="CreateClientModal" name="should create client successfully" time="0.151">
    </testcase>
    <testcase classname="CreateClientModal" name="should show validation errors" time="0.108">
    </testcase>
    <testcase classname="CreateClientModal" name="should handle creation error" time="0.078">
    </testcase>
    <testcase classname="CreateClientModal" name="should reset form when closing" time="0.062">
    </testcase>
    <testcase classname="CreateClientModal" name="should work without onSuccess callback" time="0.06">
    </testcase>
    <testcase classname="CreateClientModal" name="should handle error without message property" time="0.076">
    </testcase>
  </testsuite>
  <testsuite name="ChangePassword Component" errors="0" failures="0" skipped="0" timestamp="2026-05-05T09:37:20" time="45.383" tests="8">
    <testcase classname="ChangePassword Component" name="should render change password page" time="0.233">
    </testcase>
    <testcase classname="ChangePassword Component" name="should call API and show success message on button click" time="0.173">
    </testcase>
    <testcase classname="ChangePassword Component" name="should show error message if API fails" time="0.178">
    </testcase>
    <testcase classname="ChangePassword Component" name="should navigate back to profile on cancel" time="0.147">
    </testcase>
    <testcase classname="ChangePassword Component" name="should show loading state during API call" time="0.122">
    </testcase>
    <testcase classname="ChangePassword Component" name="should disable cancel button during loading" time="0.202">
    </testcase>
    <testcase classname="ChangePassword Component" name="should show back to profile button after success" time="0.234">
    </testcase>
    <testcase classname="ChangePassword Component" name="should handle rate limit error" time="0.134">
    </testcase>
  </testsuite>
  <testsuite name="useRoles" errors="0" failures="0" skipped="0" timestamp="2026-05-05T09:38:03" time="3.2" tests="9">
    <testcase classname="useRoles" name="should initialize with empty roles and not loading when shouldLoad is false" time="0.013">
    </testcase>
    <testcase classname="useRoles" name="should fetch roles when shouldLoad is true" time="0.086">
    </testcase>
    <testcase classname="useRoles" name="should handle error when fetching roles fails" time="0.075">
    </testcase>
    <testcase classname="useRoles" name="should handle non-Error object when fetching fails" time="0.077">
    </testcase>
    <testcase classname="useRoles" name="should handle response without content" time="0.08">
    </testcase>
    <testcase classname="useRoles" name="should refetch roles when refetch is called" time="0.077">
    </testcase>
    <testcase classname="useRoles" name="should fetch roles when shouldLoad changes from false to true" time="0.084">
    </testcase>
    <testcase classname="useRoles" name="should not fetch roles again when shouldLoad remains true" time="0.089">
    </testcase>
    <testcase classname="useRoles" name="should clear error on successful refetch" time="0.091">
    </testcase>
  </testsuite>
  <testsuite name="ApprovalWorkflow" errors="0" failures="0" skipped="0" timestamp="2026-05-05T09:38:05" time="2.189" tests="3">
    <testcase classname="ApprovalWorkflow" name="renders ApprovalWorkflow component" time="0.015">
    </testcase>
    <testcase classname="ApprovalWorkflow" name="renders UserApproval component" time="0.006">
    </testcase>
    <testcase classname="ApprovalWorkflow" name="passes through to UserApproval" time="0.006">
    </testcase>
  </testsuite>
  <testsuite name="ProtectedRoute" errors="0" failures="0" skipped="5" timestamp="2026-05-05T09:38:04" time="2.669" tests="16">
    <testcase classname="ProtectedRoute &gt; when user is authenticated" name="should render children" time="0">
      <skipped/>
    </testcase>
    <testcase classname="ProtectedRoute &gt; when user is authenticated" name="should render multiple children" time="0">
      <skipped/>
    </testcase>
    <testcase classname="ProtectedRoute &gt; when user is authenticated" name="should render complex children components" time="0">
      <skipped/>
    </testcase>
    <testcase classname="ProtectedRoute &gt; when user is not authenticated" name="should redirect to login" time="0.029">
    </testcase>
    <testcase classname="ProtectedRoute &gt; when user is not authenticated" name="should not render children when redirecting" time="0.01">
    </testcase>
    <testcase classname="ProtectedRoute &gt; when user is not authenticated" name="should use replace navigation" time="0.008">
    </testcase>
    <testcase classname="ProtectedRoute &gt; integration with routing" name="should work within Routes component" time="0">
      <skipped/>
    </testcase>
    <testcase classname="ProtectedRoute &gt; authentication state changes" name="should react to authentication state" time="0">
      <skipped/>
    </testcase>
    <testcase classname="ProtectedRoute &gt; token refresh flow" name="renders children immediately when isAuthenticated is true in store" time="0.01">
    </testcase>
    <testcase classname="ProtectedRoute &gt; token refresh flow" name="redirects when token refresh fails and no valid token found" time="0.013">
    </testcase>
    <testcase classname="ProtectedRoute &gt; token refresh flow" name="redirects when token refresh returns null" time="0.025">
    </testcase>
    <testcase classname="ProtectedRoute &gt; token in localStorage paths" name="dispatches loginSuccess and renders children when refresh succeeds" time="0.016">
    </testcase>
    <testcase classname="ProtectedRoute &gt; token in localStorage paths" name="redirects when refresh succeeds but userProfile is missing from localStorage" time="0.03">
    </testcase>
    <testcase classname="ProtectedRoute &gt; token in localStorage paths" name="restores Redux state from localStorage (page-refresh scenario)" time="0.014">
    </testcase>
    <testcase classname="ProtectedRoute &gt; token in localStorage paths" name="redirects when token valid but no userProfile in localStorage" time="0.016">
    </testcase>
    <testcase classname="ProtectedRoute &gt; token in localStorage paths" name="redirects when handleTokenRefresh throws (catch path)" time="0.031">
    </testcase>
  </testsuite>
  <testsuite name="useTheme" errors="0" failures="0" skipped="0" timestamp="2026-05-05T09:38:05" time="2.258" tests="7">
    <testcase classname="useTheme" name="should return initial theme mode" time="0.01">
    </testcase>
    <testcase classname="useTheme" name="should toggle theme from light to dark" time="0.009">
    </testcase>
    <testcase classname="useTheme" name="should toggle theme from dark to light" time="0.005">
    </testcase>
    <testcase classname="useTheme" name="should set theme to dark using setTheme" time="0.007">
    </testcase>
    <testcase classname="useTheme" name="should set theme to light using setTheme" time="0.007">
    </testcase>
    <testcase classname="useTheme" name="should handle multiple toggles correctly" time="0.007">
    </testcase>
    <testcase classname="useTheme" name="should override toggle with setTheme" time="0.006">
    </testcase>
  </testsuite>
  <testsuite name="Theme Configuration" errors="0" failures="0" skipped="0" timestamp="2026-05-05T09:38:06" time="2.271" tests="39">
    <testcase classname="Theme Configuration &gt; lightTheme" name="should be defined" time="0.003">
    </testcase>
    <testcase classname="Theme Configuration &gt; lightTheme" name="should have light mode palette" time="0.002">
    </testcase>
    <testcase classname="Theme Configuration &gt; lightTheme" name="should have primary UIDAM blue color" time="0.001">
    </testcase>
    <testcase classname="Theme Configuration &gt; lightTheme" name="should have correct primary color variants" time="0.002">
    </testcase>
    <testcase classname="Theme Configuration &gt; lightTheme" name="should have correct secondary colors" time="0.001">
    </testcase>
    <testcase classname="Theme Configuration &gt; lightTheme" name="should have correct background colors" time="0.001">
    </testcase>
    <testcase classname="Theme Configuration &gt; lightTheme" name="should have correct text colors" time="0.001">
    </testcase>
    <testcase classname="Theme Configuration &gt; lightTheme" name="should have custom colors defined" time="0.001">
    </testcase>
    <testcase classname="Theme Configuration &gt; lightTheme" name="should have gradient background" time="0.002">
    </testcase>
    <testcase classname="Theme Configuration &gt; lightTheme" name="should have custom surface colors" time="0.001">
    </testcase>
    <testcase classname="Theme Configuration &gt; lightTheme" name="should have typography configuration" time="0.001">
    </testcase>
    <testcase classname="Theme Configuration &gt; lightTheme" name="should have heading typography styles" time="0.001">
    </testcase>
    <testcase classname="Theme Configuration &gt; lightTheme" name="should have shape configuration" time="0">
    </testcase>
    <testcase classname="Theme Configuration &gt; lightTheme" name="should have button component overrides" time="0">
    </testcase>
    <testcase classname="Theme Configuration &gt; lightTheme" name="should have card component overrides" time="0">
    </testcase>
    <testcase classname="Theme Configuration &gt; darkTheme" name="should be defined" time="0.002">
    </testcase>
    <testcase classname="Theme Configuration &gt; darkTheme" name="should have dark mode palette" time="0.001">
    </testcase>
    <testcase classname="Theme Configuration &gt; darkTheme" name="should have primary color adjusted for dark mode" time="0.001">
    </testcase>
    <testcase classname="Theme Configuration &gt; darkTheme" name="should have dark background colors" time="0.001">
    </testcase>
    <testcase classname="Theme Configuration &gt; darkTheme" name="should have dark text colors" time="0.001">
    </testcase>
    <testcase classname="Theme Configuration &gt; darkTheme" name="should have custom colors for dark mode" time="0.001">
    </testcase>
    <testcase classname="Theme Configuration &gt; darkTheme" name="should have dark gradient background" time="0.001">
    </testcase>
    <testcase classname="Theme Configuration &gt; darkTheme" name="should have same typography configuration as light theme" time="0.002">
    </testcase>
    <testcase classname="Theme Configuration &gt; darkTheme" name="should have same shape configuration as light theme" time="0.001">
    </testcase>
    <testcase classname="Theme Configuration &gt; darkTheme" name="should have secondary colors for dark mode" time="0.002">
    </testcase>
    <testcase classname="Theme Configuration &gt; darkTheme" name="should have divider color for dark mode" time="0.001">
    </testcase>
    <testcase classname="Theme Configuration &gt; getTheme function" name="should return lightTheme when mode is light" time="0.001">
    </testcase>
    <testcase classname="Theme Configuration &gt; getTheme function" name="should return darkTheme when mode is dark" time="0.001">
    </testcase>
    <testcase classname="Theme Configuration &gt; getTheme function" name="should handle light mode case" time="0.001">
    </testcase>
    <testcase classname="Theme Configuration &gt; getTheme function" name="should handle dark mode case" time="0.001">
    </testcase>
    <testcase classname="Theme Configuration &gt; theme consistency" name="both themes should have the same typography structure" time="0.021">
    </testcase>
    <testcase classname="Theme Configuration &gt; theme consistency" name="both themes should have the same shape configuration" time="0.001">
    </testcase>
    <testcase classname="Theme Configuration &gt; theme consistency" name="both themes should have button overrides" time="0.001">
    </testcase>
    <testcase classname="Theme Configuration &gt; theme consistency" name="both themes should have card overrides" time="0.001">
    </testcase>
    <testcase classname="Theme Configuration &gt; theme consistency" name="both themes should have TextField overrides" time="0">
    </testcase>
    <testcase classname="Theme Configuration &gt; theme consistency" name="both themes should have TableHead overrides" time="0">
    </testcase>
    <testcase classname="Theme Configuration &gt; theme consistency" name="both themes should have Chip overrides" time="0.001">
    </testcase>
    <testcase classname="Theme Configuration &gt; custom colors interface" name="lightTheme should have all custom color properties" time="0.002">
    </testcase>
    <testcase classname="Theme Configuration &gt; custom colors interface" name="darkTheme should have all custom color properties" time="0.002">
    </testcase>
  </testsuite>
  <testsuite name="app.config" errors="0" failures="0" skipped="0" timestamp="2026-05-05T09:38:07" time="1.315" tests="41">
    <testcase classname="app.config &gt; FEATURE_FLAGS" name="should have user management flag" time="0.002">
    </testcase>
    <testcase classname="app.config &gt; FEATURE_FLAGS" name="should have account management flag" time="0.001">
    </testcase>
    <testcase classname="app.config &gt; FEATURE_FLAGS" name="should have role management flag" time="0.001">
    </testcase>
    <testcase classname="app.config &gt; FEATURE_FLAGS" name="should have scope management flag" time="0.001">
    </testcase>
    <testcase classname="app.config &gt; FEATURE_FLAGS" name="should have approval workflow flag" time="0">
    </testcase>
    <testcase classname="app.config &gt; FEATURE_FLAGS" name="should have client management flag" time="0">
    </testcase>
    <testcase classname="app.config &gt; FEATURE_FLAGS" name="should have audit logs flag" time="0.001">
    </testcase>
    <testcase classname="app.config &gt; FEATURE_FLAGS" name="should have real time updates flag" time="0.001">
    </testcase>
    <testcase classname="app.config &gt; FEATURE_FLAGS" name="should have DASHBOARD disabled (pending backend implementation)" time="0">
    </testcase>
    <testcase classname="app.config &gt; FEATURE_FLAGS" name="should have all non-dashboard features enabled by default" time="0.001">
    </testcase>
    <testcase classname="app.config &gt; API_CONFIG" name="should get auth server URL from runtime config" time="0.001">
    </testcase>
    <testcase classname="app.config &gt; API_CONFIG" name="should get API base URL from runtime config" time="0.001">
    </testcase>
    <testcase classname="app.config &gt; API_CONFIG" name="should get API timeout from runtime config" time="0.001">
    </testcase>
    <testcase classname="app.config &gt; API_CONFIG" name="should get API retry attempts from runtime config" time="0">
    </testcase>
    <testcase classname="app.config &gt; API_CONFIG" name="should get API retry delay from runtime config" time="0">
    </testcase>
    <testcase classname="app.config &gt; API_CONFIG" name="should call getConfig function" time="0.001">
    </testcase>
    <testcase classname="app.config &gt; API_CONFIG" name="should return session API prefix from runtime config" time="0.001">
    </testcase>
    <testcase classname="app.config &gt; API_CONFIG" name="should default session API prefix to empty string when not configured" time="0.001">
    </testcase>
    <testcase classname="app.config &gt; API_CONFIG" name="should default API base URL to empty string when not configured" time="0.001">
    </testcase>
    <testcase classname="app.config &gt; OAUTH_CONFIG" name="should get OAuth client ID from runtime config" time="0.003">
    </testcase>
    <testcase classname="app.config &gt; OAUTH_CONFIG" name="should get OAuth client secret from runtime config" time="0.001">
    </testcase>
    <testcase classname="app.config &gt; OAUTH_CONFIG" name="should get OAuth redirect URI from runtime config" time="0.001">
    </testcase>
    <testcase classname="app.config &gt; OAUTH_CONFIG" name="should get post logout redirect URI from runtime config when configured" time="0.002">
    </testcase>
    <testcase classname="app.config &gt; OAUTH_CONFIG" name="should fall back to redirect URI for post logout when not configured" time="0.002">
    </testcase>
    <testcase classname="app.config &gt; OAUTH_CONFIG" name="should use PKCE when enabled in config" time="0.001">
    </testcase>
    <testcase classname="app.config &gt; OAUTH_CONFIG" name="should default to true for PKCE when not specified" time="0.001">
    </testcase>
    <testcase classname="app.config &gt; OAUTH_CONFIG" name="should disable PKCE when explicitly set to false" time="0.001">
    </testcase>
    <testcase classname="app.config &gt; OAUTH_CONFIG" name="should have required scopes from config" time="0.002">
    </testcase>
    <testcase classname="app.config &gt; OAUTH_CONFIG" name="should return empty array when REACT_APP_OAUTH_SCOPES is empty" time="0.001">
    </testcase>
    <testcase classname="app.config &gt; OAUTH_CONFIG" name="should have token storage key" time="0.001">
    </testcase>
    <testcase classname="app.config &gt; OAUTH_CONFIG" name="should have refresh token storage key" time="0.001">
    </testcase>
    <testcase classname="app.config &gt; OAUTH_CONFIG" name="should have non-empty scopes array when config is set" time="0">
    </testcase>
    <testcase classname="app.config &gt; THEME_CONFIG" name="should have primary color defined" time="0.001">
    </testcase>
    <testcase classname="app.config &gt; THEME_CONFIG" name="should have secondary color defined" time="0.001">
    </testcase>
    <testcase classname="app.config &gt; THEME_CONFIG" name="should have light mode as default" time="0.001">
    </testcase>
    <testcase classname="app.config &gt; THEME_CONFIG" name="should have theme storage key" time="0">
    </testcase>
    <testcase classname="app.config &gt; THEME_CONFIG" name="should have valid hex colors" time="0.002">
    </testcase>
    <testcase classname="app.config &gt; Configuration consistency" name="should have all required API URLs" time="0.001">
    </testcase>
    <testcase classname="app.config &gt; Configuration consistency" name="should have all required OAuth settings" time="0.001">
    </testcase>
    <testcase classname="app.config &gt; Configuration consistency" name="should have valid timeout values" time="0.002">
    </testcase>
    <testcase classname="app.config &gt; Configuration consistency" name="should have positive retry attempts" time="0">
    </testcase>
  </testsuite>
  <testsuite name="useClientForm" errors="0" failures="0" skipped="0" timestamp="2026-05-05T09:38:06" time="2.312" tests="14">
    <testcase classname="useClientForm" name="should initialize with provided data" time="0.008">
    </testcase>
    <testcase classname="useClientForm" name="should update input field value" time="0.006">
    </testcase>
    <testcase classname="useClientForm" name="should clear validation errors when input changes" time="0.006">
    </testcase>
    <testcase classname="useClientForm" name="should not clear validation errors if there are none" time="0.003">
    </testcase>
    <testcase classname="useClientForm" name="should update array field value at specific index" time="0.005">
    </testcase>
    <testcase classname="useClientForm" name="should add new item to array field" time="0.005">
    </testcase>
    <testcase classname="useClientForm" name="should remove item from array field" time="0.006">
    </testcase>
    <testcase classname="useClientForm" name="should handle postLogoutRedirectUris array operations" time="0.006">
    </testcase>
    <testcase classname="useClientForm" name="should reset form with new data" time="0.004">
    </testcase>
    <testcase classname="useClientForm" name="should set form data directly" time="0.005">
    </testcase>
    <testcase classname="useClientForm" name="should set validation errors" time="0.003">
    </testcase>
    <testcase classname="useClientForm" name="should update boolean field" time="0.005">
    </testcase>
    <testcase classname="useClientForm" name="should update numeric field" time="0.003">
    </testcase>
    <testcase classname="useClientForm" name="should handle multiple rapid changes" time="0.003">
    </testcase>
  </testsuite>
  <testsuite name="ScopeService" errors="0" failures="0" skipped="1" timestamp="2026-05-05T09:38:07" time="1.426" tests="44">
    <testcase classname="ScopeService &gt; getScopes" name="should fetch scopes with pagination" time="0.007">
    </testcase>
    <testcase classname="ScopeService &gt; getScopes" name="should send empty array when no filter name provided" time="0.002">
    </testcase>
    <testcase classname="ScopeService &gt; getScopes" name="should send filter name in array when provided" time="0.002">
    </testcase>
    <testcase classname="ScopeService &gt; getScopes" name="should handle API error with handleApiError" time="0.061">
    </testcase>
    <testcase classname="ScopeService &gt; getScopes" name="should calculate pagination correctly" time="0.002">
    </testcase>
    <testcase classname="ScopeService &gt; getScopes" name="should handle empty results" time="0.001">
    </testcase>
    <testcase classname="ScopeService &gt; getScopes" name="should include pagination in API call" time="0.003">
    </testcase>
    <testcase classname="ScopeService &gt; getScopes" name="should mark last page correctly" time="0.002">
    </testcase>
    <testcase classname="ScopeService &gt; getScopeByName" name="should fetch scope by name" time="0.002">
    </testcase>
    <testcase classname="ScopeService &gt; getScopeByName" name="should handle response without results array" time="0">
    </testcase>
    <testcase classname="ScopeService &gt; getScopeByName" name="should return first result from results array" time="0">
    </testcase>
    <testcase classname="ScopeService &gt; getScopeByName" name="should handle API error" time="0.016">
    </testcase>
    <testcase classname="ScopeService &gt; createScope" name="should create scope successfully" time="0.002">
    </testcase>
    <testcase classname="ScopeService &gt; createScope" name="should handle response without results array" time="0.001">
    </testcase>
    <testcase classname="ScopeService &gt; createScope" name="should handle administrative field as boolean" time="0.001">
    </testcase>
    <testcase classname="ScopeService &gt; createScope" name="should handle API error" time="0.001">
    </testcase>
    <testcase classname="ScopeService &gt; updateScope" name="should update scope successfully" time="0.001">
    </testcase>
    <testcase classname="ScopeService &gt; updateScope" name="should handle response without results array" time="0.001">
    </testcase>
    <testcase classname="ScopeService &gt; updateScope" name="should handle partial update" time="0.001">
    </testcase>
    <testcase classname="ScopeService &gt; updateScope" name="should handle update without any fields" time="0.001">
    </testcase>
    <testcase classname="ScopeService &gt; deleteScope" name="should delete scope successfully" time="0.001">
    </testcase>
    <testcase classname="ScopeService &gt; deleteScope" name="should handle API error" time="0.002">
    </testcase>
    <testcase classname="ScopeService &gt; deleteScope" name="should handle 404 error" time="0.001">
    </testcase>
    <testcase classname="ScopeService &gt; Scope data validation" name="should handle scope with all fields" time="0.002">
    </testcase>
    <testcase classname="ScopeService &gt; Error Handling and Edge Cases &gt; Response Format Variations" name="should handle null response" time="0">
      <skipped/>
    </testcase>
    <testcase classname="ScopeService &gt; Error Handling and Edge Cases &gt; Response Format Variations" name="should handle getScopeByName returning empty array" time="0.006">
    </testcase>
    <testcase classname="ScopeService &gt; Error Handling and Edge Cases &gt; Edge Cases for Create/Update" name="should handle scope creation with empty description" time="0.001">
    </testcase>
    <testcase classname="ScopeService &gt; Error Handling and Edge Cases &gt; Edge Cases for Create/Update" name="should handle scope creation with undefined administrative field" time="0.001">
    </testcase>
    <testcase classname="ScopeService &gt; Error Handling and Edge Cases &gt; Edge Cases for Create/Update" name="should handle scope creation with administrative=false" time="0">
    </testcase>
    <testcase classname="ScopeService &gt; Error Handling and Edge Cases &gt; Edge Cases for Create/Update" name="should handle scope update with only description" time="0.001">
    </testcase>
    <testcase classname="ScopeService &gt; Error Handling and Edge Cases &gt; Edge Cases for Create/Update" name="should handle scope update with only administrative field" time="0.001">
    </testcase>
    <testcase classname="ScopeService &gt; Error Handling and Edge Cases &gt; Edge Cases for Create/Update" name="should handle scope name with special characters" time="0.001">
    </testcase>
    <testcase classname="ScopeService &gt; Error Handling and Edge Cases &gt; Edge Cases for Create/Update" name="should handle very long scope name" time="0.001">
    </testcase>
    <testcase classname="ScopeService &gt; Error Handling and Edge Cases &gt; Edge Cases for Create/Update" name="should handle very long description" time="0.001">
    </testcase>
    <testcase classname="ScopeService &gt; Error Handling and Edge Cases &gt; Edge Cases for Delete" name="should handle deletion of scope with special characters" time="0.001">
    </testcase>
    <testcase classname="ScopeService &gt; Error Handling and Edge Cases &gt; Edge Cases for Delete" name="should handle deletion of empty string scope name" time="0.001">
    </testcase>
    <testcase classname="ScopeService &gt; Error Handling and Edge Cases &gt; Edge Cases for Delete" name="should handle deletion error for predefined scope" time="0.002">
    </testcase>
    <testcase classname="ScopeService &gt; Error Handling and Edge Cases &gt; Edge Cases for getScopeByName" name="should handle getScopeByName with special characters" time="0.001">
    </testcase>
    <testcase classname="ScopeService &gt; Error Handling and Edge Cases &gt; Edge Cases for getScopeByName" name="should handle getScopeByName with empty string" time="0.003">
    </testcase>
    <testcase classname="ScopeService &gt; Error Handling and Edge Cases &gt; Edge Cases for getScopeByName" name="should handle multiple scopes with same name (return first)" time="0.001">
    </testcase>
    <testcase classname="ScopeService &gt; Error Handling and Edge Cases &gt; Response Data Extraction" name="should handle createScope returning data field instead of results" time="0.001">
    </testcase>
    <testcase classname="ScopeService &gt; Error Handling and Edge Cases &gt; Response Data Extraction" name="should handle updateScope returning data field instead of results" time="0.001">
    </testcase>
    <testcase classname="ScopeService &gt; Error Handling and Edge Cases &gt; Response Data Extraction" name="should handle createScope with empty results array" time="0.001">
    </testcase>
    <testcase classname="ScopeService &gt; Error Handling and Edge Cases &gt; Response Data Extraction" name="should handle updateScope with empty results array" time="0.002">
    </testcase>
  </testsuite>
  <testsuite name="serviceHelpers" errors="0" failures="0" skipped="0" timestamp="2026-05-05T09:38:07" time="1.536" tests="44">
    <testcase classname="serviceHelpers &gt; buildQueryParams" name="should convert object to query params" time="0.003">
    </testcase>
    <testcase classname="serviceHelpers &gt; buildQueryParams" name="should filter out undefined values" time="0.002">
    </testcase>
    <testcase classname="serviceHelpers &gt; buildQueryParams" name="should filter out null values" time="0.002">
    </testcase>
    <testcase classname="serviceHelpers &gt; buildQueryParams" name="should handle boolean values" time="0.001">
    </testcase>
    <testcase classname="serviceHelpers &gt; buildQueryParams" name="should handle empty object" time="0.001">
    </testcase>
    <testcase classname="serviceHelpers &gt; createResource" name="should create resource and extract from results array" time="0.002">
    </testcase>
    <testcase classname="serviceHelpers &gt; createResource" name="should create resource and extract from data property" time="0.001">
    </testcase>
    <testcase classname="serviceHelpers &gt; createResource" name="should use response as result if no results or data properties" time="0.001">
    </testcase>
    <testcase classname="serviceHelpers &gt; createResource" name="should use custom extractResult function" time="0.002">
    </testcase>
    <testcase classname="serviceHelpers &gt; createResource" name="should throw error if no result returned" time="0.062">
    </testcase>
    <testcase classname="serviceHelpers &gt; createResource" name="should use custom error message" time="0.001">
    </testcase>
    <testcase classname="serviceHelpers &gt; createResource" name="should handle API errors" time="0.02">
    </testcase>
    <testcase classname="serviceHelpers &gt; createResource" name="should not call handleApiError for custom errors" time="0.003">
    </testcase>
    <testcase classname="serviceHelpers &gt; updateResource" name="should update resource and extract from results array" time="0.002">
    </testcase>
    <testcase classname="serviceHelpers &gt; updateResource" name="should update resource and extract from data property" time="0.002">
    </testcase>
    <testcase classname="serviceHelpers &gt; updateResource" name="should use response as result if no results or data properties" time="0.002">
    </testcase>
    <testcase classname="serviceHelpers &gt; updateResource" name="should use custom extractResult function" time="0.001">
    </testcase>
    <testcase classname="serviceHelpers &gt; updateResource" name="should throw error if no result returned" time="0.001">
    </testcase>
    <testcase classname="serviceHelpers &gt; updateResource" name="should handle API errors" time="0.001">
    </testcase>
    <testcase classname="serviceHelpers &gt; deleteResource" name="should delete resource successfully" time="0.001">
    </testcase>
    <testcase classname="serviceHelpers &gt; deleteResource" name="should handle delete errors" time="0.002">
    </testcase>
    <testcase classname="serviceHelpers &gt; getResource" name="should get resource and extract from results array" time="0.001">
    </testcase>
    <testcase classname="serviceHelpers &gt; getResource" name="should get resource and extract from data property" time="0">
    </testcase>
    <testcase classname="serviceHelpers &gt; getResource" name="should use response as result if no results or data properties" time="0.001">
    </testcase>
    <testcase classname="serviceHelpers &gt; getResource" name="should use custom extractResult function" time="0.001">
    </testcase>
    <testcase classname="serviceHelpers &gt; getResource" name="should return response object when results and data are empty" time="0.001">
    </testcase>
    <testcase classname="serviceHelpers &gt; getResource" name="should throw error with custom message when response is falsy" time="0.003">
    </testcase>
    <testcase classname="serviceHelpers &gt; getResource" name="should handle API errors" time="0.002">
    </testcase>
    <testcase classname="serviceHelpers &gt; getResource" name="should not call handleApiError for custom not found errors" time="0.004">
    </testcase>
    <testcase classname="serviceHelpers &gt; listResources" name="should list resources with filter data" time="0.003">
    </testcase>
    <testcase classname="serviceHelpers &gt; listResources" name="should list resources with query parameters" time="0.003">
    </testcase>
    <testcase classname="serviceHelpers &gt; listResources" name="should list resources without filter data" time="0.002">
    </testcase>
    <testcase classname="serviceHelpers &gt; listResources" name="should use custom extractResult function" time="0.001">
    </testcase>
    <testcase classname="serviceHelpers &gt; listResources" name="should handle API errors" time="0.003">
    </testcase>
    <testcase classname="serviceHelpers &gt; fetchPaginatedFilteredResources" name="should return paginated results (partial page)" time="0.004">
    </testcase>
    <testcase classname="serviceHelpers &gt; fetchPaginatedFilteredResources" name="should use filterName when provided" time="0.001">
    </testcase>
    <testcase classname="serviceHelpers &gt; fetchPaginatedFilteredResources" name="should use empty array when filterName is not provided" time="0.002">
    </testcase>
    <testcase classname="serviceHelpers &gt; fetchPaginatedFilteredResources" name="should fetch total count when full page returned and use it" time="0.003">
    </testcase>
    <testcase classname="serviceHelpers &gt; fetchPaginatedFilteredResources" name="should estimate total when total count response is not ok" time="0.002">
    </testcase>
    <testcase classname="serviceHelpers &gt; fetchPaginatedFilteredResources" name="should estimate total when total count fetch throws" time="0.005">
    </testcase>
    <testcase classname="serviceHelpers &gt; fetchPaginatedFilteredResources" name="should throw when response is not ok" time="0.003">
    </testcase>
    <testcase classname="serviceHelpers &gt; fetchPaginatedFilteredResources" name="should rethrow Error instances on network failure" time="0.001">
    </testcase>
    <testcase classname="serviceHelpers &gt; fetchPaginatedFilteredResources" name="should wrap non-Error throws" time="0.001">
    </testcase>
    <testcase classname="serviceHelpers &gt; fetchPaginatedFilteredResources" name="should handle page &gt; 0 for last page calculation" time="0.002">
    </testcase>
  </testsuite>
  <testsuite name="AuthService" errors="0" failures="0" skipped="0" timestamp="2026-05-05T09:38:07" time="1.619" tests="84">
    <testcase classname="AuthService &gt; initiateLogin" name="should redirect to authorization URL with PKCE" time="0.036">
    </testcase>
    <testcase classname="AuthService &gt; initiateLogin" name="should store state in sessionStorage and localStorage" time="0.003">
    </testcase>
    <testcase classname="AuthService &gt; initiateLogin" name="should store PKCE code verifier in sessionStorage" time="0.002">
    </testcase>
    <testcase classname="AuthService &gt; initiateLogin" name="should store debug info in localStorage" time="0.004">
    </testcase>
    <testcase classname="AuthService &gt; handleAuthCallback" name="should successfully handle auth callback" time="0.008">
    </testcase>
    <testcase classname="AuthService &gt; handleAuthCallback" name="should throw error if state does not match" time="0.068">
    </testcase>
    <testcase classname="AuthService &gt; handleAuthCallback" name="should clear stored state after successful callback" time="0.003">
    </testcase>
    <testcase classname="AuthService &gt; handleAuthCallback" name="should store tokens in localStorage" time="0.003">
    </testcase>
    <testcase classname="AuthService &gt; handleAuthCallback" name="should handle token exchange failure" time="0.002">
    </testcase>
    <testcase classname="AuthService &gt; handleAuthCallback" name="should use fallback user profile if introspection fails" time="0.003">
    </testcase>
    <testcase classname="AuthService &gt; refreshToken" name="should refresh token successfully" time="0.003">
    </testcase>
    <testcase classname="AuthService &gt; refreshToken" name="should throw error if refresh fails" time="0.001">
    </testcase>
    <testcase classname="AuthService &gt; logout" name="should call OAuth2 logout endpoint with access token and clear storage" time="0.006">
    </testcase>
    <testcase classname="AuthService &gt; logout" name="should use custom post_logout_redirect_uri when provided" time="0.002">
    </testcase>
    <testcase classname="AuthService &gt; logout" name="should clear storage even if logout request fails" time="0.003">
    </testcase>
    <testcase classname="AuthService &gt; logout" name="should not call logout endpoint if no token exists" time="0.002">
    </testcase>
    <testcase classname="AuthService &gt; logout" name="should clear pkce_code_verifier from sessionStorage on logout" time="0.002">
    </testcase>
    <testcase classname="AuthService &gt; logout" name="should log logout details to console" time="0.002">
    </testcase>
    <testcase classname="AuthService &gt; logout" name="should handle logout with 302 redirect status" time="0.004">
    </testcase>
    <testcase classname="AuthService &gt; getUserProfile - additional edge cases" name="should use username fallback for email if email missing" time="0.001">
    </testcase>
    <testcase classname="AuthService &gt; getUserProfile - additional edge cases" name="should use sub for userId if username missing" time="0.003">
    </testcase>
    <testcase classname="AuthService &gt; getUserProfile - additional edge cases" name="should parse space-separated scopes from introspection" time="0.002">
    </testcase>
    <testcase classname="AuthService &gt; getUserProfile - additional edge cases" name="should use default accounts array if accounts missing" time="0.001">
    </testcase>
    <testcase classname="AuthService &gt; Token Management" name="should get stored token" time="0.001">
    </testcase>
    <testcase classname="AuthService &gt; Token Management" name="should get stored refresh token" time="0.002">
    </testcase>
    <testcase classname="AuthService &gt; Token Management" name="should get stored scopes" time="0.002">
    </testcase>
    <testcase classname="AuthService &gt; Token Management" name="should return default scopes if none stored" time="0.001">
    </testcase>
    <testcase classname="AuthService &gt; Token Management" name="should check if token is expired" time="0.001">
    </testcase>
    <testcase classname="AuthService &gt; Token Management" name="should return true if token expiration time has passed" time="0.002">
    </testcase>
    <testcase classname="AuthService &gt; Token Management" name="should return true if no expiration time stored" time="0.001">
    </testcase>
    <testcase classname="AuthService &gt; Token Management" name="should check if user is authenticated" time="0.001">
    </testcase>
    <testcase classname="AuthService &gt; Token Management" name="should return false if no token" time="0.002">
    </testcase>
    <testcase classname="AuthService &gt; Token Management" name="should return false if token is expired" time="0.002">
    </testcase>
    <testcase classname="AuthService &gt; Token Management" name="should clear all stored tokens" time="0.003">
    </testcase>
    <testcase classname="AuthService &gt; initiateLogin - without PKCE" name="should redirect to authorization URL without PKCE parameters" time="0.003">
    </testcase>
    <testcase classname="AuthService &gt; initiateLogin - without PKCE" name="should not store code verifier when PKCE is disabled" time="0.002">
    </testcase>
    <testcase classname="AuthService &gt; initiateLogin - without PKCE" name="should log legacy flow message when PKCE disabled" time="0.001">
    </testcase>
    <testcase classname="AuthService &gt; initiateLogin - error handling" name="should handle errors during code challenge generation" time="0.003">
    </testcase>
    <testcase classname="AuthService &gt; handleAuthCallback - state validation edge cases" name="should continue with warning when no state is stored" time="0.005">
    </testcase>
    <testcase classname="AuthService &gt; handleAuthCallback - state validation edge cases" name="should use localStorage state if sessionStorage is empty" time="0.004">
    </testcase>
    <testcase classname="AuthService &gt; handleAuthCallback - state validation edge cases" name="should log detailed debug info during state verification" time="0.004">
    </testcase>
    <testcase classname="AuthService &gt; handleAuthCallback - state validation edge cases" name="should remove pkce_code_verifier from sessionStorage after successful exchange" time="0.003">
    </testcase>
    <testcase classname="AuthService &gt; handleAuthCallback - state validation edge cases" name="should remove oauth_state_debug after successful callback" time="0.004">
    </testcase>
    <testcase classname="AuthService &gt; exchangeCodeForTokens - PKCE flow" name="should include code_verifier when PKCE is enabled and verifier exists" time="0.002">
    </testcase>
    <testcase classname="AuthService &gt; exchangeCodeForTokens - PKCE flow" name="should fallback to client_secret when code_verifier is missing" time="0.004">
    </testcase>
    <testcase classname="AuthService &gt; exchangeCodeForTokens - error responses" name="should handle token exchange with error JSON response" time="0.007">
    </testcase>
    <testcase classname="AuthService &gt; exchangeCodeForTokens - error responses" name="should handle token exchange with non-JSON error response" time="0.004">
    </testcase>
    <testcase classname="AuthService &gt; exchangeCodeForTokens - error responses" name="should handle token exchange with error object (no description)" time="0.003">
    </testcase>
    <testcase classname="AuthService &gt; exchangeCodeForTokens - error responses" name="should log detailed error information on token exchange failure" time="0.007">
    </testcase>
    <testcase classname="AuthService &gt; getUserProfile - comprehensive coverage" name="should handle introspection response with all fields" time="0.003">
    </testcase>
    <testcase classname="AuthService &gt; getUserProfile - comprehensive coverage" name="should handle inactive token in introspection response" time="0.001">
    </testcase>
    <testcase classname="AuthService &gt; getUserProfile - comprehensive coverage" name="should handle network errors during introspection" time="0.001">
    </testcase>
    <testcase classname="AuthService &gt; getUserProfile - comprehensive coverage" name="should use default values for missing optional fields" time="0.001">
    </testcase>
    <testcase classname="AuthService &gt; getUserProfile - comprehensive coverage" name="should use empty email when email missing from introspection and JWT" time="0.001">
    </testcase>
    <testcase classname="AuthService &gt; decodeJwtPayload" name="should decode a valid JWT payload" time="0.003">
    </testcase>
    <testcase classname="AuthService &gt; decodeJwtPayload" name="should return empty object for non-JWT string" time="0.001">
    </testcase>
    <testcase classname="AuthService &gt; decodeJwtPayload" name="should return empty object for malformed JWT payload" time="0.002">
    </testcase>
    <testcase classname="AuthService &gt; decodeJwtPayload" name="should use JWT claims as baseline when introspection returns partial data" time="0.003">
    </testcase>
    <testcase classname="AuthService &gt; decodeJwtPayload" name="should use JWT fallback when introspection fails" time="0.002">
    </testcase>
    <testcase classname="AuthService &gt; refreshToken - comprehensive coverage" name="should include client_secret in refresh request" time="0.002">
    </testcase>
    <testcase classname="AuthService &gt; refreshToken - comprehensive coverage" name="should store new tokens after refresh" time="0.002">
    </testcase>
    <testcase classname="AuthService &gt; refreshToken - comprehensive coverage" name="should handle refresh without client_secret" time="0.001">
    </testcase>
    <testcase classname="AuthService &gt; logout - comprehensive coverage" name="should include all required OAuth2 logout parameters" time="0.001">
    </testcase>
    <testcase classname="AuthService &gt; logout - comprehensive coverage" name="should generate unique state for each logout request" time="0.002">
    </testcase>
    <testcase classname="AuthService &gt; logout - comprehensive coverage" name="should clear all token-related items from storage" time="0.002">
    </testcase>
    <testcase classname="AuthService &gt; logout - comprehensive coverage" name="should use POST_LOGOUT_REDIRECT_URI from config" time="0.002">
    </testcase>
    <testcase classname="AuthService &gt; logout - comprehensive coverage" name="should construct correct logout URL with encoded access token" time="0.002">
    </testcase>
    <testcase classname="AuthService &gt; storeTokens - comprehensive coverage" name="should store token with scope and expiration" time="0.001">
    </testcase>
    <testcase classname="AuthService &gt; storeTokens - comprehensive coverage" name="should store empty scopes if scope not in token response" time="0.002">
    </testcase>
    <testcase classname="AuthService &gt; storeUserProfile" name="should store user profile as JSON" time="0.001">
    </testcase>
    <testcase classname="AuthService &gt; PKCE helper methods" name="should generate code verifier with correct format" time="0.003">
    </testcase>
    <testcase classname="AuthService &gt; PKCE helper methods" name="should generate code challenge from verifier" time="0.004">
    </testcase>
    <testcase classname="AuthService &gt; PKCE helper methods" name="should base64 URL encode correctly" time="0.003">
    </testcase>
    <testcase classname="AuthService &gt; Edge cases and error scenarios" name="should handle very long token expiration time" time="0.001">
    </testcase>
    <testcase classname="AuthService &gt; Edge cases and error scenarios" name="should handle token expiration at exact boundary" time="0.001">
    </testcase>
    <testcase classname="AuthService &gt; Edge cases and error scenarios" name="should handle invalid expiration time string" time="0.003">
    </testcase>
    <testcase classname="AuthService &gt; Edge cases and error scenarios" name="should handle empty token storage" time="0.001">
    </testcase>
    <testcase classname="AuthService &gt; Edge cases and error scenarios" name="should return default scopes when scopes string is empty" time="0.002">
    </testcase>
    <testcase classname="AuthService &gt; State management" name="should generate state with proper format" time="0.002">
    </testcase>
    <testcase classname="AuthService &gt; State management" name="should store state in both session and local storage" time="0.002">
    </testcase>
    <testcase classname="AuthService &gt; State management" name="should store debug info with timestamp and URL" time="0.003">
    </testcase>
    <testcase classname="AuthService &gt; Token exchange form data preparation" name="should prepare form data with all required fields" time="0.003">
    </testcase>
    <testcase classname="AuthService &gt; Token exchange form data preparation" name="should handle PKCE disabled" time="0.002">
    </testcase>
    <testcase classname="AuthService &gt; Token exchange form data preparation" name="should handle missing code verifier with warning" time="0.001">
    </testcase>
  </testsuite>
  <testsuite name="accountErrorUtils" errors="0" failures="0" skipped="0" timestamp="2026-05-05T09:38:08" time="1.244" tests="27">
    <testcase classname="accountErrorUtils &gt; getAccountErrorMessage &gt; Error instance handling" name="should return error message from Error instance" time="0.002">
    </testcase>
    <testcase classname="accountErrorUtils &gt; getAccountErrorMessage &gt; Error instance handling" name="should return error message for different operation types" time="0.002">
    </testcase>
    <testcase classname="accountErrorUtils &gt; getAccountErrorMessage &gt; Status code handling - Create operation" name="should return 400 message for create with invalid data" time="0.001">
    </testcase>
    <testcase classname="accountErrorUtils &gt; getAccountErrorMessage &gt; Status code handling - Create operation" name="should return 401 message for create unauthorized" time="0.001">
    </testcase>
    <testcase classname="accountErrorUtils &gt; getAccountErrorMessage &gt; Status code handling - Create operation" name="should return 403 message for create forbidden" time="0.001">
    </testcase>
    <testcase classname="accountErrorUtils &gt; getAccountErrorMessage &gt; Status code handling - Create operation" name="should return 409 message for create conflict" time="0.001">
    </testcase>
    <testcase classname="accountErrorUtils &gt; getAccountErrorMessage &gt; Status code handling - Create operation" name="should return 500 message for create server error" time="0">
    </testcase>
    <testcase classname="accountErrorUtils &gt; getAccountErrorMessage &gt; Status code handling - Update operation" name="should return 400 message for update with invalid data" time="0">
    </testcase>
    <testcase classname="accountErrorUtils &gt; getAccountErrorMessage &gt; Status code handling - Update operation" name="should return 404 message for update not found" time="0.001">
    </testcase>
    <testcase classname="accountErrorUtils &gt; getAccountErrorMessage &gt; Status code handling - Delete operation" name="should return 400 message for delete with invalid request" time="0.001">
    </testcase>
    <testcase classname="accountErrorUtils &gt; getAccountErrorMessage &gt; Status code handling - Delete operation" name="should return 404 message for delete not found" time="0">
    </testcase>
    <testcase classname="accountErrorUtils &gt; getAccountErrorMessage &gt; Status code handling - Fetch operation" name="should return 400 message for fetch with invalid request" time="0">
    </testcase>
    <testcase classname="accountErrorUtils &gt; getAccountErrorMessage &gt; Status code handling - Fetch operation" name="should return 401 message for fetch unauthorized" time="0">
    </testcase>
    <testcase classname="accountErrorUtils &gt; getAccountErrorMessage &gt; Status code handling - Fetch operation" name="should return 403 message for fetch forbidden" time="0.001">
    </testcase>
    <testcase classname="accountErrorUtils &gt; getAccountErrorMessage &gt; Status code handling - Fetch operation" name="should return 404 message for fetch not found" time="0.001">
    </testcase>
    <testcase classname="accountErrorUtils &gt; getAccountErrorMessage &gt; Custom messages handling" name="should use custom messages when provided" time="0.001">
    </testcase>
    <testcase classname="accountErrorUtils &gt; getAccountErrorMessage &gt; Custom messages handling" name="should fall back to default when custom message not found" time="0.001">
    </testcase>
    <testcase classname="accountErrorUtils &gt; getAccountErrorMessage &gt; Custom messages handling" name="should override default messages with custom ones" time="0.001">
    </testcase>
    <testcase classname="accountErrorUtils &gt; getAccountErrorMessage &gt; Fallback handling" name="should return fallback message for unknown status code" time="0.001">
    </testcase>
    <testcase classname="accountErrorUtils &gt; getAccountErrorMessage &gt; Fallback handling" name="should return fallback message for update operation" time="0.001">
    </testcase>
    <testcase classname="accountErrorUtils &gt; getAccountErrorMessage &gt; Fallback handling" name="should return fallback message for delete operation" time="0.001">
    </testcase>
    <testcase classname="accountErrorUtils &gt; getAccountErrorMessage &gt; Fallback handling" name="should return fallback message for fetch operation" time="0.001">
    </testcase>
    <testcase classname="accountErrorUtils &gt; getAccountErrorMessage &gt; Edge cases" name="should handle null error" time="0.002">
    </testcase>
    <testcase classname="accountErrorUtils &gt; getAccountErrorMessage &gt; Edge cases" name="should handle undefined error" time="0.001">
    </testcase>
    <testcase classname="accountErrorUtils &gt; getAccountErrorMessage &gt; Edge cases" name="should handle string error" time="0">
    </testcase>
    <testcase classname="accountErrorUtils &gt; getAccountErrorMessage &gt; Edge cases" name="should handle number error" time="0.001">
    </testcase>
    <testcase classname="accountErrorUtils &gt; getAccountErrorMessage &gt; Edge cases" name="should handle object without status" time="0.001">
    </testcase>
  </testsuite>
  <testsuite name="UserService" errors="0" failures="0" skipped="2" timestamp="2026-05-05T09:38:08" time="1.47" tests="88">
    <testcase classname="UserService &gt; V1 User APIs &gt; createUserV1" name="should create user with all fields" time="0.008">
    </testcase>
    <testcase classname="UserService &gt; V1 User APIs &gt; createUserV1" name="should create user with minimal fields" time="0.002">
    </testcase>
    <testcase classname="UserService &gt; V1 User APIs &gt; createUserV1" name="should handle API error response" time="0.001">
    </testcase>
    <testcase classname="UserService &gt; V1 User APIs &gt; getUserV1" name="should fetch user by id" time="0.003">
    </testcase>
    <testcase classname="UserService &gt; V1 User APIs &gt; getUserV1" name="should handle user not found" time="0.002">
    </testcase>
    <testcase classname="UserService &gt; V1 User APIs &gt; updateUserV1" name="should update user with patches" time="0.002">
    </testcase>
    <testcase classname="UserService &gt; V1 User APIs &gt; updateUserV1" name="should handle update error" time="0.001">
    </testcase>
    <testcase classname="UserService &gt; V1 User APIs &gt; deleteUserV1" name="should delete user by id" time="0.005">
    </testcase>
    <testcase classname="UserService &gt; V1 User APIs &gt; deleteUserV1" name="should delete external user when flag is true" time="0.002">
    </testcase>
    <testcase classname="UserService &gt; V1 User APIs &gt; filterUsersV1" name="should filter users with search params" time="0.006">
    </testcase>
    <testcase classname="UserService &gt; V1 User APIs &gt; filterUsersV1" name="should filter users without params" time="0.002">
    </testcase>
    <testcase classname="UserService &gt; V1 User APIs &gt; filterUsersV1" name="should handle filter error" time="0.001">
    </testcase>
    <testcase classname="UserService &gt; V1 User APIs &gt; filterUsersV1" name="should include all search params in URL" time="0.003">
    </testcase>
    <testcase classname="UserService &gt; V2 User APIs &gt; createUserV2" name="should create user with accounts" time="0.002">
    </testcase>
    <testcase classname="UserService &gt; V2 User APIs &gt; createUserV2" name="should handle V2 API error" time="0.002">
    </testcase>
    <testcase classname="UserService &gt; V2 User APIs &gt; getUserV2" name="should fetch user via V2 API" time="0.002">
    </testcase>
    <testcase classname="UserService &gt; V2 User APIs &gt; updateUserV2" name="should update user via V2 API" time="0.002">
    </testcase>
    <testcase classname="UserService &gt; V2 User APIs &gt; filterUsersV2" name="should filter users with account names" time="0.002">
    </testcase>
    <testcase classname="UserService &gt; V2 User APIs &gt; filterUsersV2" name="should handle filter error with message" time="0.071">
    </testcase>
    <testcase classname="UserService &gt; V2 User APIs &gt; filterUsersV2" name="should handle 401 error" time="0.002">
    </testcase>
    <testcase classname="UserService &gt; V2 User APIs &gt; filterUsersV2" name="should handle 405 error" time="0.002">
    </testcase>
    <testcase classname="UserService &gt; V2 User APIs &gt; filterUsersV2" name="should handle 404 error" time="0.002">
    </testcase>
    <testcase classname="UserService &gt; V2 User APIs &gt; filterUsersV2" name="should handle 500 error" time="0.003">
    </testcase>
    <testcase classname="UserService &gt; Special User Types &gt; createExternalUser" name="should create external user without password" time="0.002">
    </testcase>
    <testcase classname="UserService &gt; Special User Types &gt; createFederatedUser" name="should create federated user with IDP" time="0.001">
    </testcase>
    <testcase classname="UserService &gt; Special User Types &gt; getExternalUser" name="should fetch external user" time="0.001">
    </testcase>
    <testcase classname="UserService &gt; Special User Types &gt; updateExternalUser" name="should update external user" time="0.002">
    </testcase>
    <testcase classname="UserService &gt; Special User Types &gt; deleteExternalUser" name="should delete external user" time="0.002">
    </testcase>
    <testcase classname="UserService &gt; User Status Management &gt; changeUserStatus" name="should approve user status change" time="0.003">
    </testcase>
    <testcase classname="UserService &gt; User Status Management &gt; changeUserStatus" name="should reject user status change" time="0.002">
    </testcase>
    <testcase classname="UserService &gt; User Status Management &gt; deleteUsersByFilter" name="should delete users by filter" time="0.003">
    </testcase>
    <testcase classname="UserService &gt; User-Account-Role Mapping &gt; associateAccountAndRoles" name="should associate account and roles" time="0.002">
    </testcase>
    <testcase classname="UserService &gt; User-Account-Role Mapping &gt; associateAccountAndRoles" name="should handle multiple role operations" time="0.001">
    </testcase>
    <testcase classname="UserService &gt; Self-Service APIs &gt; getSelfUser" name="should fetch current user" time="0.003">
    </testcase>
    <testcase classname="UserService &gt; Self-Service APIs &gt; getSelfUser" name="should throw when no token is stored" time="0.017">
    </testcase>
    <testcase classname="UserService &gt; Self-Service APIs &gt; getSelfUser" name="should add user-id header when JWT contains user_id claim" time="0.003">
    </testcase>
    <testcase classname="UserService &gt; Self-Service APIs &gt; getSelfUser" name="should omit user-id header when JWT is malformed" time="0.002">
    </testcase>
    <testcase classname="UserService &gt; Self-Service APIs &gt; updateSelfUser" name="should update current user" time="0.002">
    </testcase>
    <testcase classname="UserService &gt; Self-Service APIs &gt; updateSelfUser" name="should throw when no token is stored" time="0.002">
    </testcase>
    <testcase classname="UserService &gt; Self-Service APIs &gt; updateSelfUser" name="should send PATCH to /v1/users/self" time="0.001">
    </testcase>
    <testcase classname="UserService &gt; Self-Service APIs &gt; deleteSelfUser" name="should delete current user" time="0.002">
    </testcase>
    <testcase classname="UserService &gt; Self-Service APIs &gt; deleteSelfUser" name="should delete self as external user" time="0.002">
    </testcase>
    <testcase classname="UserService &gt; User Attributes &gt; getUserAttributes" name="should fetch user attributes" time="0.002">
    </testcase>
    <testcase classname="UserService &gt; User Attributes &gt; updateUserAttributes" name="should update user attributes" time="0.001">
    </testcase>
    <testcase classname="UserService &gt; Utility Functions &gt; getUserByUserName" name="should fetch user by username" time="0.002">
    </testcase>
    <testcase classname="UserService &gt; Utility Functions &gt; getUserByUserName" name="should fetch user by username and account" time="0.002">
    </testcase>
    <testcase classname="UserService &gt; User Events &gt; addUserEvent" name="should add user event" time="0.002">
    </testcase>
    <testcase classname="UserService &gt; Data Validation" name="should handle user with all account roles" time="0.002">
    </testcase>
    <testcase classname="UserService &gt; Data Validation" name="should handle user with different statuses" time="0.003">
    </testcase>
    <testcase classname="UserService &gt; Error Handling and Edge Cases &gt; HTTP Error Status Codes" name="should handle 401 Unauthorized response" time="0.002">
    </testcase>
    <testcase classname="UserService &gt; Error Handling and Edge Cases &gt; HTTP Error Status Codes" name="should handle 403 Forbidden response" time="0.002">
    </testcase>
    <testcase classname="UserService &gt; Error Handling and Edge Cases &gt; HTTP Error Status Codes" name="should handle 404 Not Found response" time="0.002">
    </testcase>
    <testcase classname="UserService &gt; Error Handling and Edge Cases &gt; HTTP Error Status Codes" name="should handle 500 Internal Server Error" time="0.002">
    </testcase>
    <testcase classname="UserService &gt; Error Handling and Edge Cases &gt; HTTP Error Status Codes" name="should handle 409 Conflict response" time="0.001">
    </testcase>
    <testcase classname="UserService &gt; Error Handling and Edge Cases &gt; Network and Exception Handling" name="should handle network error in fetch" time="0.001">
    </testcase>
    <testcase classname="UserService &gt; Error Handling and Edge Cases &gt; Network and Exception Handling" name="should handle JSON parse error" time="0.002">
    </testcase>
    <testcase classname="UserService &gt; Error Handling and Edge Cases &gt; Network and Exception Handling" name="should handle non-Error exception" time="0.002">
    </testcase>
    <testcase classname="UserService &gt; Error Handling and Edge Cases &gt; Network and Exception Handling" name="should handle timeout error" time="0.002">
    </testcase>
    <testcase classname="UserService &gt; Error Handling and Edge Cases &gt; Response Format Variations" name="should handle response without data field" time="0.002">
    </testcase>
    <testcase classname="UserService &gt; Error Handling and Edge Cases &gt; Response Format Variations" name="should handle empty users array in filter response" time="0.002">
    </testcase>
    <testcase classname="UserService &gt; Error Handling and Edge Cases &gt; Response Format Variations" name="should handle null response data" time="0.001">
    </testcase>
    <testcase classname="UserService &gt; Error Handling and Edge Cases &gt; Response Format Variations" name="should handle response with only httpStatus" time="0.002">
    </testcase>
    <testcase classname="UserService &gt; Error Handling and Edge Cases &gt; Edge Cases for Filter Parameters" name="should handle empty array filters" time="0.001">
    </testcase>
    <testcase classname="UserService &gt; Error Handling and Edge Cases &gt; Edge Cases for Filter Parameters" name="should handle filter with all optional parameters" time="0.001">
    </testcase>
    <testcase classname="UserService &gt; Error Handling and Edge Cases &gt; Edge Cases for Filter Parameters" name="should handle special characters in filter values" time="0.001">
    </testcase>
    <testcase classname="UserService &gt; Error Handling and Edge Cases &gt; Edge Cases for User Creation" name="should handle user creation with empty optional fields" time="0.001">
    </testcase>
    <testcase classname="UserService &gt; Error Handling and Edge Cases &gt; Edge Cases for User Creation" name="should handle user creation with undefined optional fields" time="0.001">
    </testcase>
    <testcase classname="UserService &gt; Error Handling and Edge Cases &gt; Edge Cases for User Creation" name="should handle user creation with maximum field lengths" time="0.002">
    </testcase>
    <testcase classname="UserService &gt; Error Handling and Edge Cases &gt; Edge Cases for User Updates" name="should handle empty patches array" time="0.001">
    </testcase>
    <testcase classname="UserService &gt; Error Handling and Edge Cases &gt; Edge Cases for User Updates" name="should handle patch with null value" time="0.001">
    </testcase>
    <testcase classname="UserService &gt; Error Handling and Edge Cases &gt; Edge Cases for User Deletion" name="should handle deletion with ID 0" time="0">
      <skipped/>
    </testcase>
    <testcase classname="UserService &gt; Error Handling and Edge Cases &gt; Edge Cases for User Deletion" name="should handle deletion with negative ID" time="0">
      <skipped/>
    </testcase>
    <testcase classname="UserService &gt; Password Reset Request &gt; requestPasswordReset" name="should extract user_id from JWT token and add to headers" time="0.002">
    </testcase>
    <testcase classname="UserService &gt; Password Reset Request &gt; requestPasswordReset" name="should call password reset API successfully" time="0.002">
    </testcase>
    <testcase classname="UserService &gt; Password Reset Request &gt; requestPasswordReset" name="should show user-friendly error for SMTP failures (500 with mail server error)" time="0.002">
    </testcase>
    <testcase classname="UserService &gt; Password Reset Request &gt; requestPasswordReset" name="should handle rate limiting (429)" time="0.002">
    </testcase>
    <testcase classname="UserService &gt; Password Reset Request &gt; requestPasswordReset" name="should handle JWT decoding failures" time="0.003">
    </testcase>
    <testcase classname="UserService &gt; Password Reset Request &gt; requestPasswordReset" name="should handle missing user_id claim in token" time="0.002">
    </testcase>
    <testcase classname="UserService &gt; Password Reset Request &gt; requestPasswordReset" name="should handle user not found (404)" time="0.002">
    </testcase>
    <testcase classname="UserService &gt; Password Reset Request &gt; requestPasswordReset" name="should handle invalid request (400)" time="0.003">
    </testcase>
    <testcase classname="UserService &gt; Password Reset Request &gt; requestPasswordReset" name="should throw error when token is missing from localStorage" time="0.004">
    </testcase>
    <testcase classname="UserService &gt; Password Reset Request &gt; requestPasswordReset" name="should handle INTERNAL_SERVER_ERROR code specifically" time="0.003">
    </testcase>
    <testcase classname="UserService &gt; Password Reset Request &gt; requestPasswordReset" name="should handle non-JSON error responses" time="0.002">
    </testcase>
    <testcase classname="UserService &gt; Password Reset Request &gt; requestPasswordReset" name="should handle SMTP-specific error message" time="0.002">
    </testcase>
    <testcase classname="UserService &gt; Password Reset Request &gt; requestPasswordReset" name="should handle token with only 2 parts (invalid format)" time="0.002">
    </testcase>
    <testcase classname="UserService &gt; Password Reset Request &gt; requestPasswordReset" name="should handle token with more than 3 parts" time="0.002">
    </testcase>
    <testcase classname="UserService &gt; Password Reset Request &gt; requestPasswordReset" name="should handle token with malformed base64 payload" time="0.002">
    </testcase>
    <testcase classname="UserService &gt; Password Reset Request &gt; requestPasswordReset" name="should handle token with invalid JSON in payload" time="0.004">
    </testcase>
  </testsuite>
  <testsuite name="accountRoleUtils" errors="0" failures="0" skipped="0" timestamp="2026-05-05T09:38:08" time="1.354" tests="27">
    <testcase classname="accountRoleUtils &gt; processUserAccount" name="should add found account to mappings" time="0.003">
    </testcase>
    <testcase classname="accountRoleUtils &gt; processUserAccount" name="should add account by ID if name not found" time="0.002">
    </testcase>
    <testcase classname="accountRoleUtils &gt; processUserAccount" name="should handle account not found in available accounts" time="0.002">
    </testcase>
    <testcase classname="accountRoleUtils &gt; initializeAccountRoleMappings" name="should initialize mappings for user with existing accounts" time="0.002">
    </testcase>
    <testcase classname="accountRoleUtils &gt; initializeAccountRoleMappings" name="should add available accounts not in user accounts" time="0.001">
    </testcase>
    <testcase classname="accountRoleUtils &gt; initializeAccountRoleMappings" name="should handle user with no existing accounts" time="0.001">
    </testcase>
    <testcase classname="accountRoleUtils &gt; initializeAccountRoleMappings" name="should handle user with undefined accounts" time="0.001">
    </testcase>
    <testcase classname="accountRoleUtils &gt; calculateAccountRoleOperations" name="should calculate role additions when roles are selected" time="0.003">
    </testcase>
    <testcase classname="accountRoleUtils &gt; calculateAccountRoleOperations" name="should calculate role removals when roles are deselected" time="0.002">
    </testcase>
    <testcase classname="accountRoleUtils &gt; calculateAccountRoleOperations" name="should remove all roles when account is deselected" time="0.001">
    </testcase>
    <testcase classname="accountRoleUtils &gt; calculateAccountRoleOperations" name="should handle no changes scenario" time="0.001">
    </testcase>
    <testcase classname="accountRoleUtils &gt; canApproveAccountRoleChanges" name="should return true when at least one account is selected" time="0.001">
    </testcase>
    <testcase classname="accountRoleUtils &gt; canApproveAccountRoleChanges" name="should return false when no accounts are selected" time="0.001">
    </testcase>
    <testcase classname="accountRoleUtils &gt; canApproveAccountRoleChanges" name="should return false for empty mappings" time="0.001">
    </testcase>
    <testcase classname="accountRoleUtils &gt; getAccountToggleTooltip" name="should return removal tooltip when account is selected" time="0.001">
    </testcase>
    <testcase classname="accountRoleUtils &gt; getAccountToggleTooltip" name="should return grant tooltip when account is not selected" time="0.002">
    </testcase>
    <testcase classname="accountRoleUtils &gt; updateRoleSelection" name="should update role selection for specific account" time="0.001">
    </testcase>
    <testcase classname="accountRoleUtils &gt; updateRoleSelection" name="should not affect other accounts" time="0.002">
    </testcase>
    <testcase classname="accountRoleUtils &gt; toggleAccountSelection" name="should set selected roles to default roles when selecting" time="0.001">
    </testcase>
    <testcase classname="accountRoleUtils &gt; toggleAccountSelection" name="should clear selected roles when deselecting" time="0.002">
    </testcase>
    <testcase classname="accountRoleUtils &gt; loadAvailableAccounts" name="should load accounts from API with success response" time="0.003">
    </testcase>
    <testcase classname="accountRoleUtils &gt; loadAvailableAccounts" name="should handle direct array response format" time="0.001">
    </testcase>
    <testcase classname="accountRoleUtils &gt; loadAvailableAccounts" name="should return empty array on API error" time="0.002">
    </testcase>
    <testcase classname="accountRoleUtils &gt; loadAvailableAccounts" name="should handle undefined response" time="0.001">
    </testcase>
    <testcase classname="accountRoleUtils &gt; loadAvailableRoles" name="should load roles from role service" time="0.002">
    </testcase>
    <testcase classname="accountRoleUtils &gt; loadAvailableRoles" name="should return empty array on API error" time="0.002">
    </testcase>
    <testcase classname="accountRoleUtils &gt; loadAvailableRoles" name="should handle undefined response content" time="0.001">
    </testcase>
  </testsuite>
  <testsuite name="apiUtils" errors="0" failures="0" skipped="0" timestamp="2026-05-05T09:38:08" time="1.346" tests="36">
    <testcase classname="apiUtils &gt; handleApiResponse" name="should parse successful JSON response" time="0.004">
    </testcase>
    <testcase classname="apiUtils &gt; handleApiResponse" name="should throw error for failed response with JSON error" time="0.029">
    </testcase>
    <testcase classname="apiUtils &gt; handleApiResponse" name="should throw error for failed response with error field" time="0.002">
    </testcase>
    <testcase classname="apiUtils &gt; handleApiResponse" name="should throw error for failed response with details field" time="0.002">
    </testcase>
    <testcase classname="apiUtils &gt; handleApiResponse" name="should use text response when JSON parsing fails" time="0.002">
    </testcase>
    <testcase classname="apiUtils &gt; handleApiResponse" name="should use default error message when no error details available" time="0.002">
    </testcase>
    <testcase classname="apiUtils &gt; handleApiResponse" name="should include context in error logging" time="0.002">
    </testcase>
    <testcase classname="apiUtils &gt; getApiHeaders" name="should return basic headers without token" time="0.002">
    </testcase>
    <testcase classname="apiUtils &gt; getApiHeaders" name="should include Authorization header when token exists" time="0.001">
    </testcase>
    <testcase classname="apiUtils &gt; getApiHeaders" name="should not include Authorization header when token is null" time="0.003">
    </testcase>
    <testcase classname="apiUtils &gt; makeFetchRequest" name="should make successful request and return data" time="0.01">
    </testcase>
    <testcase classname="apiUtils &gt; makeFetchRequest" name="should handle failed request" time="0.001">
    </testcase>
    <testcase classname="apiUtils &gt; makeFetchRequest" name="should handle non-JSON response" time="0.001">
    </testcase>
    <testcase classname="apiUtils &gt; makeFetchRequest" name="should handle network errors" time="0.003">
    </testcase>
    <testcase classname="apiUtils &gt; makeFetchRequest" name="should merge custom headers with default headers" time="0.004">
    </testcase>
    <testcase classname="apiUtils &gt; makeFetchRequest" name="should include Authorization header when token is present" time="0.002">
    </testcase>
    <testcase classname="apiUtils &gt; makeFetchRequest" name="should handle error when not instance of Error" time="0.002">
    </testcase>
    <testcase classname="apiUtils &gt; getApiHeaders — JWT user_id extraction" name="extracts user_id from a valid JWT and adds user-id header" time="0.004">
    </testcase>
    <testcase classname="apiUtils &gt; getApiHeaders — JWT user_id extraction" name="falls back to userId claim when user_id is absent" time="0.001">
    </testcase>
    <testcase classname="apiUtils &gt; getApiHeaders — JWT user_id extraction" name="does not add user-id header when JWT has no id claim" time="0.002">
    </testcase>
    <testcase classname="apiUtils &gt; getApiHeaders — JWT user_id extraction" name="proceeds without user-id when JWT is malformed" time="0.001">
    </testcase>
    <testcase classname="apiUtils &gt; parseJsonSafe" name="parses normal JSON without modification" time="0.001">
    </testcase>
    <testcase classname="apiUtils &gt; parseJsonSafe" name="preserves large numeric id values as strings" time="0.002">
    </testcase>
    <testcase classname="apiUtils &gt; parseJsonSafe" name="only quotes id values with 16+ digits" time="0.002">
    </testcase>
    <testcase classname="apiUtils &gt; fetchWithTokenRefresh" name="makes request normally when token is not expired" time="0.002">
    </testcase>
    <testcase classname="apiUtils &gt; fetchWithTokenRefresh" name="refreshes token before request when token is expired" time="0.017">
    </testcase>
    <testcase classname="apiUtils &gt; fetchWithTokenRefresh" name="throws when token is expired and refresh fails" time="0.002">
    </testcase>
    <testcase classname="apiUtils &gt; fetchWithTokenRefresh" name="retries with new token on 401 response" time="0.002">
    </testcase>
    <testcase classname="apiUtils &gt; fetchWithTokenRefresh" name="throws when 401 and token refresh fails during retry" time="0.002">
    </testcase>
    <testcase classname="apiUtils &gt; decodeJwtToken" name="returns the decoded payload from a valid JWT" time="0.002">
    </testcase>
    <testcase classname="apiUtils &gt; decodeJwtToken" name="returns null for a malformed token" time="0.002">
    </testcase>
    <testcase classname="apiUtils &gt; decodeJwtToken" name="returns null for a token with non-base64 payload" time="0.001">
    </testcase>
    <testcase classname="apiUtils &gt; getTenantIdFromToken" name="returns null when no token is stored" time="0.001">
    </testcase>
    <testcase classname="apiUtils &gt; getTenantIdFromToken" name="returns tenantId field from JWT payload" time="0.001">
    </testcase>
    <testcase classname="apiUtils &gt; getTenantIdFromToken" name="returns tenant_id field when tenantId is absent" time="0.001">
    </testcase>
    <testcase classname="apiUtils &gt; getTenantIdFromToken" name="returns null when neither tenantId nor tenant_id is present" time="0.001">
    </testcase>
  </testsuite>
  <testsuite name="ClientRegistrationService" errors="0" failures="0" skipped="0" timestamp="2026-05-05T09:38:09" time="1.195" tests="25">
    <testcase classname="ClientRegistrationService &gt; createClient" name="should create a client successfully" time="0.006">
    </testcase>
    <testcase classname="ClientRegistrationService &gt; createClient" name="should filter out empty redirect URIs" time="0.001">
    </testcase>
    <testcase classname="ClientRegistrationService &gt; createClient" name="should filter out empty post logout redirect URIs" time="0.001">
    </testcase>
    <testcase classname="ClientRegistrationService &gt; createClient" name="should set default createdBy if not provided" time="0.002">
    </testcase>
    <testcase classname="ClientRegistrationService &gt; getClient" name="should get client by ID" time="0.002">
    </testcase>
    <testcase classname="ClientRegistrationService &gt; getClient" name="should get client by ID with status filter" time="0.002">
    </testcase>
    <testcase classname="ClientRegistrationService &gt; updateClient" name="should update client successfully" time="0.002">
    </testcase>
    <testcase classname="ClientRegistrationService &gt; updateClient" name="should filter empty URIs when updating" time="0.002">
    </testcase>
    <testcase classname="ClientRegistrationService &gt; deleteClient" name="should delete client successfully" time="0.001">
    </testcase>
    <testcase classname="ClientRegistrationService &gt; getClients" name="should return empty array with info message" time="0.002">
    </testcase>
    <testcase classname="ClientRegistrationService &gt; validateClientData" name="should return no errors for valid data" time="0.003">
    </testcase>
    <testcase classname="ClientRegistrationService &gt; validateClientData" name="should return error if clientId is missing" time="0.001">
    </testcase>
    <testcase classname="ClientRegistrationService &gt; validateClientData" name="should return error if clientName is missing" time="0.002">
    </testcase>
    <testcase classname="ClientRegistrationService &gt; validateClientData" name="should return error if authorizationGrantTypes is empty" time="0.001">
    </testcase>
    <testcase classname="ClientRegistrationService &gt; validateClientData" name="should return error if authorization_code flow has no redirect URIs" time="0.001">
    </testcase>
    <testcase classname="ClientRegistrationService &gt; validateClientData" name="should validate redirect URI format" time="0.001">
    </testcase>
    <testcase classname="ClientRegistrationService &gt; validateClientData" name="should validate post-logout redirect URI format" time="0.001">
    </testcase>
    <testcase classname="ClientRegistrationService &gt; validateClientData" name="should allow empty strings in URI arrays" time="0.001">
    </testcase>
    <testcase classname="ClientRegistrationService &gt; validateClientData" name="should validate negative accessTokenValidity" time="0.002">
    </testcase>
    <testcase classname="ClientRegistrationService &gt; validateClientData" name="should validate negative refreshTokenValidity" time="0.003">
    </testcase>
    <testcase classname="ClientRegistrationService &gt; validateClientData" name="should validate negative authorizationCodeValidity" time="0.001">
    </testcase>
    <testcase classname="ClientRegistrationService &gt; validateClientData" name="should allow undefined validity values" time="0.001">
    </testcase>
    <testcase classname="ClientRegistrationService &gt; validateClientData" name="should return multiple errors for multiple issues" time="0.002">
    </testcase>
    <testcase classname="ClientRegistrationService &gt; getDefaultClientData" name="should return default client data" time="0.001">
    </testcase>
    <testcase classname="ClientRegistrationService &gt; getDefaultClientData" name="should return new object instance each time" time="0.001">
    </testcase>
  </testsuite>
  <testsuite name="RoleService" errors="0" failures="0" skipped="21" timestamp="2026-05-05T09:38:09" time="1.407" tests="43">
    <testcase classname="RoleService &gt; getRoles" name="should fetch roles with pagination" time="0.008">
    </testcase>
    <testcase classname="RoleService &gt; getRoles" name="should send empty array when no filter name provided" time="0.003">
    </testcase>
    <testcase classname="RoleService &gt; getRoles" name="should send filter name in array when provided" time="0.002">
    </testcase>
    <testcase classname="RoleService &gt; getRoles" name="should handle API error with handleApiError" time="0.051">
    </testcase>
    <testcase classname="RoleService &gt; getRoles" name="should calculate pagination correctly" time="0.002">
    </testcase>
    <testcase classname="RoleService &gt; getRoles" name="should handle empty results" time="0.002">
    </testcase>
    <testcase classname="RoleService &gt; getRoles" name="should include pagination in API call" time="0.002">
    </testcase>
    <testcase classname="RoleService &gt; getRoleByName" name="should fetch role by name" time="0.002">
    </testcase>
    <testcase classname="RoleService &gt; getRoleByName" name="should handle response without results array" time="0.001">
    </testcase>
    <testcase classname="RoleService &gt; getRoleByName" name="should return first result from results array" time="0.001">
    </testcase>
    <testcase classname="RoleService &gt; getRoleByName" name="should handle API error" time="0.02">
    </testcase>
    <testcase classname="RoleService &gt; getRolesByIds" name="should fetch roles by IDs" time="0.001">
    </testcase>
    <testcase classname="RoleService &gt; getRolesByIds" name="should return empty array when no results" time="0.001">
    </testcase>
    <testcase classname="RoleService &gt; getRolesByIds" name="should handle empty ID array" time="0.002">
    </testcase>
    <testcase classname="RoleService &gt; createRole" name="should create role successfully" time="0.002">
    </testcase>
    <testcase classname="RoleService &gt; createRole" name="should handle response without results array" time="0.001">
    </testcase>
    <testcase classname="RoleService &gt; createRole" name="should handle API error" time="0.003">
    </testcase>
    <testcase classname="RoleService &gt; updateRole" name="should update role successfully" time="0.003">
    </testcase>
    <testcase classname="RoleService &gt; updateRole" name="should handle response without results array" time="0.001">
    </testcase>
    <testcase classname="RoleService &gt; updateRole" name="should handle partial update" time="0.002">
    </testcase>
    <testcase classname="RoleService &gt; deleteRole" name="should delete role successfully" time="0.001">
    </testcase>
    <testcase classname="RoleService &gt; deleteRole" name="should handle API error" time="0.002">
    </testcase>
    <testcase classname="RoleService &gt; Error Handling and Edge Cases &gt; HTTP Error Responses" name="should handle 401 Unauthorized error in getRoles" time="0">
      <skipped/>
    </testcase>
    <testcase classname="RoleService &gt; Error Handling and Edge Cases &gt; HTTP Error Responses" name="should handle 403 Forbidden error in createRole" time="0">
      <skipped/>
    </testcase>
    <testcase classname="RoleService &gt; Error Handling and Edge Cases &gt; HTTP Error Responses" name="should handle 404 Not Found error in updateRole" time="0">
      <skipped/>
    </testcase>
    <testcase classname="RoleService &gt; Error Handling and Edge Cases &gt; HTTP Error Responses" name="should handle 409 Conflict error in createRole" time="0">
      <skipped/>
    </testcase>
    <testcase classname="RoleService &gt; Error Handling and Edge Cases &gt; HTTP Error Responses" name="should handle 500 Internal Server Error" time="0">
      <skipped/>
    </testcase>
    <testcase classname="RoleService &gt; Error Handling and Edge Cases &gt; Network Errors" name="should handle network timeout in getRoles" time="0">
      <skipped/>
    </testcase>
    <testcase classname="RoleService &gt; Error Handling and Edge Cases &gt; Network Errors" name="should handle connection refused error" time="0">
      <skipped/>
    </testcase>
    <testcase classname="RoleService &gt; Error Handling and Edge Cases &gt; Response Format Variations" name="should handle empty results array" time="0">
      <skipped/>
    </testcase>
    <testcase classname="RoleService &gt; Error Handling and Edge Cases &gt; Response Format Variations" name="should handle null response" time="0">
      <skipped/>
    </testcase>
    <testcase classname="RoleService &gt; Error Handling and Edge Cases &gt; Response Format Variations" name="should handle undefined results field" time="0">
      <skipped/>
    </testcase>
    <testcase classname="RoleService &gt; Error Handling and Edge Cases &gt; Response Format Variations" name="should handle response with extra fields" time="0">
      <skipped/>
    </testcase>
    <testcase classname="RoleService &gt; Error Handling and Edge Cases &gt; Edge Cases for Create/Update" name="should handle role creation with empty description" time="0">
      <skipped/>
    </testcase>
    <testcase classname="RoleService &gt; Error Handling and Edge Cases &gt; Edge Cases for Create/Update" name="should handle role update with undefined description" time="0">
      <skipped/>
    </testcase>
    <testcase classname="RoleService &gt; Error Handling and Edge Cases &gt; Edge Cases for Create/Update" name="should handle role creation with empty scopes array" time="0">
      <skipped/>
    </testcase>
    <testcase classname="RoleService &gt; Error Handling and Edge Cases &gt; Edge Cases for Create/Update" name="should handle role creation with many scopes" time="0">
      <skipped/>
    </testcase>
    <testcase classname="RoleService &gt; Error Handling and Edge Cases &gt; Edge Cases for Create/Update" name="should handle role name with special characters" time="0">
      <skipped/>
    </testcase>
    <testcase classname="RoleService &gt; Error Handling and Edge Cases &gt; Edge Cases for Delete" name="should handle deletion of role with special characters" time="0">
      <skipped/>
    </testcase>
    <testcase classname="RoleService &gt; Error Handling and Edge Cases &gt; Edge Cases for Delete" name="should handle deletion of empty string role name" time="0">
      <skipped/>
    </testcase>
    <testcase classname="RoleService &gt; Error Handling and Edge Cases &gt; Pagination Edge Cases" name="should handle getRoles with zero pageSize" time="0">
      <skipped/>
    </testcase>
    <testcase classname="RoleService &gt; Error Handling and Edge Cases &gt; Pagination Edge Cases" name="should handle getRoles with negative pagination values" time="0">
      <skipped/>
    </testcase>
    <testcase classname="RoleService &gt; Error Handling and Edge Cases &gt; Pagination Edge Cases" name="should handle getRoles with very large pageSize" time="0">
      <skipped/>
    </testcase>
  </testsuite>
  <testsuite name="DefaultRedirect" errors="0" failures="0" skipped="10" timestamp="2026-05-05T09:38:06" time="4.297" tests="16">
    <testcase classname="DefaultRedirect" name="redirects to /uidam/users when user has ViewUsers scope" time="0.092">
    </testcase>
    <testcase classname="DefaultRedirect" name="redirects to /uidam/accounts when user has only account scopes" time="0.042">
    </testcase>
    <testcase classname="DefaultRedirect" name="redirects to /uidam/roles when user has only role-management scope" time="0.026">
    </testcase>
    <testcase classname="DefaultRedirect" name="redirects to /login when user has no matching scopes" time="0.03">
    </testcase>
    <testcase classname="DashboardGuard" name="redirects away from /uidam/dashboard when DASHBOARD feature flag is false" time="0.029">
    </testcase>
    <testcase classname="DashboardGuard" name="redirects to /login from /uidam/dashboard when user has no scopes" time="0.023">
    </testcase>
    <testcase classname="App" name="should pass basic test" time="0">
      <skipped/>
    </testcase>
    <testcase classname="App" name="renders the app without crashing" time="0">
      <skipped/>
    </testcase>
    <testcase classname="App" name="renders with Redux Provider" time="0">
      <skipped/>
    </testcase>
    <testcase classname="App" name="renders with QueryClientProvider" time="0">
      <skipped/>
    </testcase>
    <testcase classname="App" name="renders with ThemeProvider and CssBaseline" time="0">
      <skipped/>
    </testcase>
    <testcase classname="App" name="shows loading fallback for lazy components" time="0">
      <skipped/>
    </testcase>
    <testcase classname="App" name="renders Toaster component" time="0">
      <skipped/>
    </testcase>
    <testcase classname="App" name="applies theme mode from store" time="0">
      <skipped/>
    </testcase>
    <testcase classname="App" name="initializes QueryClient with correct options" time="0">
      <skipped/>
    </testcase>
    <testcase classname="App" name="exports App as default" time="0">
      <skipped/>
    </testcase>
  </testsuite>
  <testsuite name="User Approval Index Exports" errors="0" failures="0" skipped="0" timestamp="2026-05-05T09:37:32" time="38.305" tests="4">
    <testcase classname="User Approval Index Exports" name="should export UserApproval component" time="0.003">
    </testcase>
    <testcase classname="User Approval Index Exports" name="should be a valid React component" time="0.001">
    </testcase>
    <testcase classname="User Approval Index Exports" name="should have UserApproval in exports" time="0.002">
    </testcase>
    <testcase classname="User Approval Index Exports" name="should have exactly one named export" time="0.001">
    </testcase>
  </testsuite>
  <testsuite name="client.ts types and constants" errors="0" failures="0" skipped="0" timestamp="2026-05-05T09:38:09" time="1.37" tests="18">
    <testcase classname="client.ts types and constants &gt; GRANT_TYPES" name="should have correct grant type values" time="0.003">
    </testcase>
    <testcase classname="client.ts types and constants &gt; GRANT_TYPES" name="should contain all expected grant types" time="0.002">
    </testcase>
    <testcase classname="client.ts types and constants &gt; AUTH_METHODS" name="should have correct auth method values" time="0.001">
    </testcase>
    <testcase classname="client.ts types and constants &gt; AUTH_METHODS" name="should contain all expected auth methods" time="0.002">
    </testcase>
    <testcase classname="client.ts types and constants &gt; CLIENT_STATUS" name="should have correct status values" time="0.001">
    </testcase>
    <testcase classname="client.ts types and constants &gt; CLIENT_STATUS" name="should contain all expected status values" time="0.002">
    </testcase>
    <testcase classname="client.ts types and constants &gt; Type compatibility" name="should allow valid GrantType values" time="0.001">
    </testcase>
    <testcase classname="client.ts types and constants &gt; Type compatibility" name="should allow valid AuthMethod values" time="0.001">
    </testcase>
    <testcase classname="client.ts types and constants &gt; Type compatibility" name="should allow valid ClientStatus values" time="0">
    </testcase>
    <testcase classname="client.ts types and constants &gt; RegisteredClientDetails interface" name="should accept valid client details with required fields" time="0.001">
    </testcase>
    <testcase classname="client.ts types and constants &gt; RegisteredClientDetails interface" name="should accept client details with optional fields" time="0.001">
    </testcase>
    <testcase classname="client.ts types and constants &gt; RegisteredClientDetails interface" name="should accept scopes as both array and Set" time="0.001">
    </testcase>
    <testcase classname="client.ts types and constants &gt; ClientFormData interface" name="should accept valid form data" time="0.001">
    </testcase>
    <testcase classname="client.ts types and constants &gt; ClientFormData interface" name="should accept form data with optional fields" time="0.001">
    </testcase>
    <testcase classname="client.ts types and constants &gt; ClientListItem interface" name="should accept valid list item with required fields" time="0.002">
    </testcase>
    <testcase classname="client.ts types and constants &gt; ClientListItem interface" name="should accept list item with optional fields" time="0.001">
    </testcase>
    <testcase classname="client.ts types and constants &gt; BaseResponse interface" name="should accept valid base response" time="0.001">
    </testcase>
    <testcase classname="client.ts types and constants &gt; BaseResponse interface" name="should accept response without optional data field" time="0.001">
    </testcase>
  </testsuite>
  <testsuite name="runtimeConfig" errors="0" failures="0" skipped="0" timestamp="2026-05-05T09:38:09" time="1.376" tests="10">
    <testcase classname="runtimeConfig &gt; loadRuntimeConfig" name="should load config from /config.json successfully" time="0.003">
    </testcase>
    <testcase classname="runtimeConfig &gt; loadRuntimeConfig" name="should handle fetch error" time="0.026">
    </testcase>
    <testcase classname="runtimeConfig &gt; loadRuntimeConfig" name="should handle JSON parse error" time="0.002">
    </testcase>
    <testcase classname="runtimeConfig &gt; loadRuntimeConfig" name="should set window._APP_CONFIG" time="0.003">
    </testcase>
    <testcase classname="runtimeConfig &gt; getConfig" name="should return empty object when config not loaded" time="0.001">
    </testcase>
    <testcase classname="runtimeConfig &gt; getConfig" name="should return loaded config" time="0">
    </testcase>
    <testcase classname="runtimeConfig &gt; getConfig" name="should return same config on multiple calls" time="0.001">
    </testcase>
    <testcase classname="runtimeConfig &gt; loadConfig" name="should be an alias for loadRuntimeConfig" time="0.001">
    </testcase>
    <testcase classname="runtimeConfig &gt; loadConfig" name="should load config successfully" time="0.002">
    </testcase>
    <testcase classname="runtimeConfig &gt; RuntimeConfig interface" name="should allow dynamic keys" time="0.001">
    </testcase>
  </testsuite>
  <testsuite name="logger utility" errors="0" failures="0" skipped="0" timestamp="2026-05-05T09:38:10" time="1.355" tests="18">
    <testcase classname="logger utility &gt; logger object structure" name="should have debug method" time="0.003">
    </testcase>
    <testcase classname="logger utility &gt; logger object structure" name="should have info method" time="0.001">
    </testcase>
    <testcase classname="logger utility &gt; logger object structure" name="should have warn method" time="0">
    </testcase>
    <testcase classname="logger utility &gt; logger object structure" name="should have error method" time="0.001">
    </testcase>
    <testcase classname="logger utility &gt; development mode (NODE_ENV !== production)" name="should log debug messages with [DEBUG] prefix" time="0.001">
    </testcase>
    <testcase classname="logger utility &gt; development mode (NODE_ENV !== production)" name="should log info messages with [INFO] prefix" time="0.001">
    </testcase>
    <testcase classname="logger utility &gt; development mode (NODE_ENV !== production)" name="should log warn messages with [WARN] prefix" time="0.002">
    </testcase>
    <testcase classname="logger utility &gt; development mode (NODE_ENV !== production)" name="should log error messages with [ERROR] prefix" time="0.002">
    </testcase>
    <testcase classname="logger utility &gt; development mode (NODE_ENV !== production)" name="should handle multiple arguments in debug" time="0.001">
    </testcase>
    <testcase classname="logger utility &gt; development mode (NODE_ENV !== production)" name="should handle multiple arguments in info" time="0.002">
    </testcase>
    <testcase classname="logger utility &gt; development mode (NODE_ENV !== production)" name="should handle multiple arguments in warn" time="0.002">
    </testcase>
    <testcase classname="logger utility &gt; production mode (NODE_ENV === production)" name="should verify logger methods exist and are callable" time="0.001">
    </testcase>
    <testcase classname="logger utility &gt; production mode (NODE_ENV === production)" name="should ALWAYS log error messages regardless of environment" time="0.003">
    </testcase>
    <testcase classname="logger utility &gt; production mode (NODE_ENV === production)" name="should handle error with multiple arguments" time="0.002">
    </testcase>
    <testcase classname="logger utility &gt; test mode (NODE_ENV === test)" name="should log debug messages in test mode" time="0.002">
    </testcase>
    <testcase classname="logger utility &gt; test mode (NODE_ENV === test)" name="should log info messages in test mode" time="0.002">
    </testcase>
    <testcase classname="logger utility &gt; test mode (NODE_ENV === test)" name="should log warn messages in test mode" time="0.001">
    </testcase>
    <testcase classname="logger utility &gt; test mode (NODE_ENV === test)" name="should log error messages in test mode" time="0.002">
    </testcase>
  </testsuite>
  <testsuite name="uiSlice" errors="0" failures="0" skipped="0" timestamp="2026-05-05T09:38:10" time="1.52" tests="20">
    <testcase classname="uiSlice" name="should have correct initial state" time="0.012">
    </testcase>
    <testcase classname="uiSlice &gt; theme actions" name="should toggle theme from light to dark" time="0.006">
    </testcase>
    <testcase classname="uiSlice &gt; theme actions" name="should toggle theme from dark to light" time="0.003">
    </testcase>
    <testcase classname="uiSlice &gt; theme actions" name="should set theme mode to light" time="0.003">
    </testcase>
    <testcase classname="uiSlice &gt; theme actions" name="should set theme mode to dark" time="0.002">
    </testcase>
    <testcase classname="uiSlice &gt; sidebar actions" name="should toggle sidebar from open to closed" time="0.002">
    </testcase>
    <testcase classname="uiSlice &gt; sidebar actions" name="should toggle sidebar from closed to open" time="0.001">
    </testcase>
    <testcase classname="uiSlice &gt; sidebar actions" name="should set sidebar open to true" time="0.002">
    </testcase>
    <testcase classname="uiSlice &gt; sidebar actions" name="should set sidebar open to false" time="0.001">
    </testcase>
    <testcase classname="uiSlice &gt; loading actions" name="should set loading to true" time="0.002">
    </testcase>
    <testcase classname="uiSlice &gt; loading actions" name="should set loading to false" time="0.003">
    </testcase>
    <testcase classname="uiSlice &gt; loading actions" name="should toggle loading state multiple times" time="0.002">
    </testcase>
    <testcase classname="uiSlice &gt; notification actions" name="should show success notification" time="0.002">
    </testcase>
    <testcase classname="uiSlice &gt; notification actions" name="should show error notification" time="0.002">
    </testcase>
    <testcase classname="uiSlice &gt; notification actions" name="should show warning notification" time="0.001">
    </testcase>
    <testcase classname="uiSlice &gt; notification actions" name="should show info notification" time="0.001">
    </testcase>
    <testcase classname="uiSlice &gt; notification actions" name="should hide notification" time="0.002">
    </testcase>
    <testcase classname="uiSlice &gt; notification actions" name="should replace existing notification with new one" time="0.001">
    </testcase>
    <testcase classname="uiSlice &gt; combined state changes" name="should handle multiple state changes correctly" time="0.005">
    </testcase>
    <testcase classname="uiSlice &gt; combined state changes" name="should maintain independent state for each property" time="0.004">
    </testcase>
  </testsuite>
  <testsuite name="Redux Store Configuration" errors="0" failures="0" skipped="0" timestamp="2026-05-05T09:38:10" time="1.377" tests="14">
    <testcase classname="Redux Store Configuration &gt; store initialization" name="should create store with correct structure" time="0.004">
    </testcase>
    <testcase classname="Redux Store Configuration &gt; store initialization" name="should have auth reducer in state" time="0.001">
    </testcase>
    <testcase classname="Redux Store Configuration &gt; store initialization" name="should have ui reducer in state" time="0.001">
    </testcase>
    <testcase classname="Redux Store Configuration &gt; store initialization" name="should initialize with default auth state" time="0.003">
    </testcase>
    <testcase classname="Redux Store Configuration &gt; store initialization" name="should initialize with default ui state" time="0.002">
    </testcase>
    <testcase classname="Redux Store Configuration &gt; store middleware configuration" name="should configure serializable check middleware" time="0.001">
    </testcase>
    <testcase classname="Redux Store Configuration &gt; store dispatching" name="should dispatch auth actions" time="0.002">
    </testcase>
    <testcase classname="Redux Store Configuration &gt; store dispatching" name="should dispatch ui actions" time="0.002">
    </testcase>
    <testcase classname="Redux Store Configuration &gt; type exports" name="should export RootState type" time="0.002">
    </testcase>
    <testcase classname="Redux Store Configuration &gt; type exports" name="should export AppDispatch type" time="0">
    </testcase>
    <testcase classname="Redux Store Configuration &gt; store state shape" name="should maintain consistent state shape" time="0.001">
    </testcase>
    <testcase classname="Redux Store Configuration &gt; store state shape" name="should return new state reference on dispatch" time="0.001">
    </testcase>
    <testcase classname="Redux Store Configuration &gt; store subscription" name="should allow subscribing to state changes" time="0.002">
    </testcase>
    <testcase classname="Redux Store Configuration &gt; store subscription" name="should stop calling listener after unsubscribe" time="0.002">
    </testcase>
  </testsuite>
  <testsuite name="AccountService" errors="0" failures="0" skipped="0" timestamp="2026-05-05T09:38:10" time="1.442" tests="51">
    <testcase classname="AccountService &gt; createAccount" name="should create account successfully" time="0.004">
    </testcase>
    <testcase classname="AccountService &gt; createAccount" name="should handle HTTP error on create" time="0.002">
    </testcase>
    <testcase classname="AccountService &gt; createAccount" name="should handle network error on create" time="0.002">
    </testcase>
    <testcase classname="AccountService &gt; createAccount" name="should handle JSON parse error on create" time="0.002">
    </testcase>
    <testcase classname="AccountService &gt; getAccount" name="should retrieve account" time="0.003">
    </testcase>
    <testcase classname="AccountService &gt; getAccount" name="should handle 404 on get" time="0.002">
    </testcase>
    <testcase classname="AccountService &gt; getAccount" name="should handle network error on get" time="0.002">
    </testcase>
    <testcase classname="AccountService &gt; updateAccount" name="should handle error on update" time="0.002">
    </testcase>
    <testcase classname="AccountService &gt; deleteAccount" name="should handle error on delete" time="0.002">
    </testcase>
    <testcase classname="AccountService &gt; HTTP Methods" name="should use POST for create" time="0.003">
    </testcase>
    <testcase classname="AccountService &gt; HTTP Methods" name="should use GET for retrieve" time="0.001">
    </testcase>
    <testcase classname="AccountService &gt; HTTP Methods" name="should use POST for update" time="0.001">
    </testcase>
    <testcase classname="AccountService &gt; HTTP Methods" name="should use DELETE for delete" time="0.002">
    </testcase>
    <testcase classname="AccountService &gt; API Endpoints" name="should call correct endpoint for create" time="0.001">
    </testcase>
    <testcase classname="AccountService &gt; API Endpoints" name="should call correct endpoint for get" time="0.001">
    </testcase>
    <testcase classname="AccountService &gt; API Endpoints" name="should call correct endpoint for update" time="0.002">
    </testcase>
    <testcase classname="AccountService &gt; API Endpoints" name="should call correct endpoint for delete" time="0.001">
    </testcase>
    <testcase classname="AccountService &gt; Error Codes" name="should handle 400 Bad Request" time="0.001">
    </testcase>
    <testcase classname="AccountService &gt; Error Codes" name="should handle 401 Unauthorized" time="0.001">
    </testcase>
    <testcase classname="AccountService &gt; Error Codes" name="should handle 403 Forbidden" time="0.001">
    </testcase>
    <testcase classname="AccountService &gt; Error Codes" name="should handle 500 Server Error" time="0.001">
    </testcase>
    <testcase classname="AccountService &gt; Error Codes" name="should handle 404 Not Found" time="0.001">
    </testcase>
    <testcase classname="AccountService &gt; Error Codes" name="should handle 405 Method Not Allowed" time="0.001">
    </testcase>
    <testcase classname="AccountService &gt; Response Handling" name="should handle successful update with text response" time="0.001">
    </testcase>
    <testcase classname="AccountService &gt; Response Handling" name="should handle successful delete with text response" time="0.001">
    </testcase>
    <testcase classname="AccountService &gt; Response Handling" name="should handle error instance in catch block" time="0.001">
    </testcase>
    <testcase classname="AccountService &gt; Response Handling" name="should handle non-Error exception in catch block" time="0.001">
    </testcase>
    <testcase classname="AccountService &gt; Edge Cases" name="should handle empty accountName in create" time="0.001">
    </testcase>
    <testcase classname="AccountService &gt; Edge Cases" name="should handle undefined optional fields in create" time="0.001">
    </testcase>
    <testcase classname="AccountService &gt; Edge Cases" name="should handle empty update object" time="0.001">
    </testcase>
    <testcase classname="AccountService &gt; Edge Cases" name="should handle special characters in accountId" time="0.001">
    </testcase>
    <testcase classname="AccountService &gt; filterAccounts" name="should filter accounts successfully" time="0.004">
    </testcase>
    <testcase classname="AccountService &gt; filterAccounts" name="should handle filterAccounts error" time="0.002">
    </testcase>
    <testcase classname="AccountService &gt; filterAccounts" name="should build query parameters correctly" time="0.001">
    </testcase>
    <testcase classname="AccountService &gt; getAllAccounts" name="should get all accounts with default filter" time="0.001">
    </testcase>
    <testcase classname="AccountService &gt; getAllAccounts" name="should pass parameters to getAllAccounts" time="0.001">
    </testcase>
    <testcase classname="AccountService &gt; getAccountsByStatus" name="should get accounts by status" time="0.002">
    </testcase>
    <testcase classname="AccountService &gt; getChildAccounts" name="should get child accounts of a parent" time="0.002">
    </testcase>
    <testcase classname="AccountService &gt; searchAccountsByName" name="should search accounts by name" time="0.002">
    </testcase>
    <testcase classname="AccountService &gt; User Account Role Mapping &gt; assignUserToAccount" name="should assign user to account successfully" time="0.001">
    </testcase>
    <testcase classname="AccountService &gt; User Account Role Mapping &gt; assignUserToAccount" name="should handle assignUserToAccount error" time="0.042">
    </testcase>
    <testcase classname="AccountService &gt; User Account Role Mapping &gt; getUserAccountMappings" name="should get user account mappings successfully" time="0.003">
    </testcase>
    <testcase classname="AccountService &gt; User Account Role Mapping &gt; getUserAccountMappings" name="should handle getUserAccountMappings error" time="0.033">
    </testcase>
    <testcase classname="AccountService &gt; User Account Role Mapping &gt; getAccountUserMappings" name="should get account user mappings successfully" time="0.003">
    </testcase>
    <testcase classname="AccountService &gt; User Account Role Mapping &gt; getAccountUserMappings" name="should handle getAccountUserMappings error" time="0.002">
    </testcase>
    <testcase classname="AccountService &gt; User Account Role Mapping &gt; updateUserAccountRoles" name="should update user account roles successfully" time="0.003">
    </testcase>
    <testcase classname="AccountService &gt; User Account Role Mapping &gt; updateUserAccountRoles" name="should handle updateUserAccountRoles error" time="0.002">
    </testcase>
    <testcase classname="AccountService &gt; User Account Role Mapping &gt; removeUserFromAccount" name="should remove user from account successfully" time="0.001">
    </testcase>
    <testcase classname="AccountService &gt; User Account Role Mapping &gt; removeUserFromAccount" name="should handle removeUserFromAccount error" time="0.001">
    </testcase>
    <testcase classname="AccountService &gt; User Account Role Mapping &gt; bulkAssignUsersToAccount" name="should bulk assign users to account successfully" time="0.001">
    </testcase>
    <testcase classname="AccountService &gt; User Account Role Mapping &gt; bulkAssignUsersToAccount" name="should handle bulkAssignUsersToAccount error" time="0.002">
    </testcase>
  </testsuite>
  <testsuite name="api-client" errors="0" failures="0" skipped="1" timestamp="2026-05-05T09:38:10" time="1.326" tests="30">
    <testcase classname="api-client &gt; ApiClient instances" name="should create userManagementApi instance" time="0.003">
    </testcase>
    <testcase classname="api-client &gt; ApiClient instances" name="should create authServerApi instance" time="0.001">
    </testcase>
    <testcase classname="api-client &gt; ApiClient instances" name="should create ApiClient with correct configuration" time="0.002">
    </testcase>
    <testcase classname="api-client &gt; Token management" name="should store auth token in localStorage" time="0.002">
    </testcase>
    <testcase classname="api-client &gt; Token management" name="should clear auth token from localStorage" time="0.021">
    </testcase>
    <testcase classname="api-client &gt; Token management" name="should retrieve token from localStorage" time="0.001">
    </testcase>
    <testcase classname="api-client &gt; HTTP methods" name="should make GET request" time="0.002">
    </testcase>
    <testcase classname="api-client &gt; HTTP methods" name="should make GET request with config" time="0.002">
    </testcase>
    <testcase classname="api-client &gt; HTTP methods" name="should make POST request" time="0.002">
    </testcase>
    <testcase classname="api-client &gt; HTTP methods" name="should make POST request with config" time="0.001">
    </testcase>
    <testcase classname="api-client &gt; HTTP methods" name="should make PUT request" time="0.002">
    </testcase>
    <testcase classname="api-client &gt; HTTP methods" name="should make PATCH request" time="0.002">
    </testcase>
    <testcase classname="api-client &gt; HTTP methods" name="should make DELETE request" time="0.002">
    </testcase>
    <testcase classname="api-client &gt; HTTP methods" name="should make DELETE request with config" time="0.002">
    </testcase>
    <testcase classname="api-client &gt; Request interceptor" name="should add correlation ID to requests" time="0.003">
    </testcase>
    <testcase classname="api-client &gt; Request interceptor" name="should add Authorization header when token exists" time="0.003">
    </testcase>
    <testcase classname="api-client &gt; Request interceptor" name="should extract user-id from JWT token and add as header" time="0.002">
    </testcase>
    <testcase classname="api-client &gt; Request interceptor" name="should handle invalid JWT token gracefully" time="0.003">
    </testcase>
    <testcase classname="api-client &gt; Request interceptor" name="should handle request interceptor errors" time="0.03">
    </testcase>
    <testcase classname="api-client &gt; Request interceptor" name="should convert non-Error objects to Error in request interceptor" time="0.014">
    </testcase>
    <testcase classname="api-client &gt; Response interceptor" name="should handle successful responses" time="0.002">
    </testcase>
    <testcase classname="api-client &gt; Response interceptor" name="should handle 401 errors without refresh token" time="0.002">
    </testcase>
    <testcase classname="api-client &gt; Response interceptor" name="should handle 401 errors with refresh token" time="0">
      <skipped/>
    </testcase>
    <testcase classname="api-client &gt; Response interceptor" name="should not retry 401 errors twice" time="0.002">
    </testcase>
    <testcase classname="api-client &gt; Response interceptor" name="should handle non-401 errors" time="0.001">
    </testcase>
    <testcase classname="api-client &gt; Response interceptor" name="should convert non-Error objects to Error in response interceptor" time="0.002">
    </testcase>
    <testcase classname="api-client &gt; Response interceptor" name="should handle network errors" time="0.002">
    </testcase>
    <testcase classname="api-client &gt; API configuration" name="should use correct base URLs from config" time="0.001">
    </testcase>
    <testcase classname="api-client &gt; API configuration" name="should have timeout configured" time="0.002">
    </testcase>
    <testcase classname="api-client &gt; API configuration" name="should have correct OAuth config" time="0.001">
    </testcase>
  </testsuite>
  <testsuite name="SessionService" errors="0" failures="0" skipped="0" timestamp="2026-05-05T09:38:10" time="1.38" tests="14">
    <testcase classname="SessionService &gt; getActiveSessions" name="should fetch and map active sessions for current user successfully" time="0.006">
    </testcase>
    <testcase classname="SessionService &gt; getActiveSessions" name="should map token id to sessionId" time="0.001">
    </testcase>
    <testcase classname="SessionService &gt; getActiveSessions" name="should map isCurrentSession to isCurrent" time="0.001">
    </testcase>
    <testcase classname="SessionService &gt; getActiveSessions" name="should map accessTokenIssuedAt to loginTime" time="0.001">
    </testcase>
    <testcase classname="SessionService &gt; getActiveSessions" name="should map accessTokenExpiresAt to lastActivity" time="0.001">
    </testcase>
    <testcase classname="SessionService &gt; getActiveSessions" name="should map totalTokens to totalCount" time="0.001">
    </testcase>
    <testcase classname="SessionService &gt; getActiveSessions" name="should return empty sessions when data.tokens is missing" time="0.001">
    </testcase>
    <testcase classname="SessionService &gt; getActiveSessions" name="should handle errors when fetching sessions" time="0.037">
    </testcase>
    <testcase classname="SessionService &gt; terminateSessions" name="should invalidate specified token IDs for current user" time="0.001">
    </testcase>
    <testcase classname="SessionService &gt; terminateSessions" name="should handle errors when terminating sessions" time="0.002">
    </testcase>
    <testcase classname="SessionService &gt; getAdminActiveSessions" name="should fetch and map active sessions for a specific user (admin)" time="0.002">
    </testcase>
    <testcase classname="SessionService &gt; getAdminActiveSessions" name="should handle errors when fetching admin sessions" time="0.002">
    </testcase>
    <testcase classname="SessionService &gt; terminateAdminSessions" name="should invalidate specified token IDs for a given user (admin)" time="0.002">
    </testcase>
    <testcase classname="SessionService &gt; terminateAdminSessions" name="should handle errors when terminating admin sessions" time="0.001">
    </testcase>
  </testsuite>
  <testsuite name="authSlice" errors="0" failures="0" skipped="1" timestamp="2026-05-05T09:38:11" time="1.441" tests="11">
    <testcase classname="authSlice" name="should have correct initial state when no stored data" time="0.013">
    </testcase>
    <testcase classname="authSlice" name="should initialize from localStorage if valid data exists" time="0">
      <skipped/>
    </testcase>
    <testcase classname="authSlice" name="should not initialize from localStorage if token is expired" time="0.003">
    </testcase>
    <testcase classname="authSlice" name="should handle loginStart action" time="0.005">
    </testcase>
    <testcase classname="authSlice" name="should handle loginSuccess action" time="0.006">
    </testcase>
    <testcase classname="authSlice" name="should handle loginFailure action" time="0.002">
    </testcase>
    <testcase classname="authSlice" name="should handle logout action" time="0.017">
    </testcase>
    <testcase classname="authSlice" name="should handle updateUser action" time="0.003">
    </testcase>
    <testcase classname="authSlice" name="should handle clearError action" time="0.003">
    </testcase>
    <testcase classname="authSlice" name="should maintain authentication state through multiple actions" time="0.003">
    </testcase>
    <testcase classname="authSlice" name="should handle invalid localStorage data gracefully" time="0.002">
    </testcase>
  </testsuite>
  <testsuite name="AssistantService" errors="0" failures="0" skipped="0" timestamp="2026-05-05T09:38:11" time="1.569" tests="16">
    <testcase classname="AssistantService &gt; startSession" name="should start a new session and return session ID" time="0.004">
    </testcase>
    <testcase classname="AssistantService &gt; startSession" name="should handle start session errors" time="0.024">
    </testcase>
    <testcase classname="AssistantService &gt; startSession" name="should return different session IDs for multiple calls" time="0.001">
    </testcase>
    <testcase classname="AssistantService &gt; endSession" name="should end session successfully" time="0.002">
    </testcase>
    <testcase classname="AssistantService &gt; endSession" name="should handle end session errors" time="0.001">
    </testcase>
    <testcase classname="AssistantService &gt; endSession" name="should return success message on session termination" time="0">
    </testcase>
    <testcase classname="AssistantService &gt; sendMessage" name="should send message and return response" time="0.001">
    </testcase>
    <testcase classname="AssistantService &gt; sendMessage" name="should handle send message errors" time="0.004">
    </testcase>
    <testcase classname="AssistantService &gt; sendMessage" name="should send message with correct payload structure" time="0.002">
    </testcase>
    <testcase classname="AssistantService &gt; sendMessage" name="should handle empty message" time="0.001">
    </testcase>
    <testcase classname="AssistantService &gt; sendMessage" name="should handle long messages" time="0">
    </testcase>
    <testcase classname="AssistantService &gt; sendMessage" name="should handle special characters in message" time="0.001">
    </testcase>
    <testcase classname="AssistantService &gt; Service Instance" name="should export a singleton instance" time="0.002">
    </testcase>
    <testcase classname="AssistantService &gt; Service Instance" name="should allow creating new instances" time="0.001">
    </testcase>
    <testcase classname="AssistantService &gt; Integration Scenarios" name="should handle complete conversation flow" time="0.002">
    </testcase>
    <testcase classname="AssistantService &gt; Integration Scenarios" name="should handle rapid consecutive messages" time="0.001">
    </testcase>
  </testsuite>
  <testsuite name="apiErrorHandler" errors="0" failures="0" skipped="0" timestamp="2026-05-05T09:38:11" time="1.48" tests="10">
    <testcase classname="apiErrorHandler &gt; handleApiError" name="should throw error after logging response error details" time="0.043">
    </testcase>
    <testcase classname="apiErrorHandler &gt; handleApiError" name="should log request error details when response is missing" time="0.003">
    </testcase>
    <testcase classname="apiErrorHandler &gt; handleApiError" name="should log error code and name" time="0.002">
    </testcase>
    <testcase classname="apiErrorHandler &gt; handleApiError" name="should use default context value" time="0.002">
    </testcase>
    <testcase classname="apiErrorHandler &gt; handleApiError" name="should use custom context value" time="0.002">
    </testcase>
    <testcase classname="apiErrorHandler &gt; handleApiError" name="should log response data keys when response data is an object" time="0.003">
    </testcase>
    <testcase classname="apiErrorHandler &gt; handleApiError" name="should not log response data keys when response data is not an object" time="0.002">
    </testcase>
    <testcase classname="apiErrorHandler &gt; handleApiError" name="should log end marker after error logging" time="0.002">
    </testcase>
    <testcase classname="apiErrorHandler &gt; handleApiError" name="should handle error without response or request" time="0.002">
    </testcase>
    <testcase classname="apiErrorHandler &gt; handleApiError" name="should handle error with request but no config" time="0.002">
    </testcase>
  </testsuite>
  <testsuite name="session-management/index" errors="0" failures="0" skipped="0" timestamp="2026-05-05T09:38:11" time="1.576" tests="1">
    <testcase classname="session-management/index" name="exports ActiveSessionsManagement component" time="0.002">
    </testcase>
  </testsuite>
  <testsuite name="Services Index Exports" errors="0" failures="0" skipped="0" timestamp="2026-05-05T09:38:11" time="1.492" tests="16">
    <testcase classname="Services Index Exports &gt; Class Exports" name="should export UserService class" time="0.003">
    </testcase>
    <testcase classname="Services Index Exports &gt; Class Exports" name="should export RoleService class" time="0.001">
    </testcase>
    <testcase classname="Services Index Exports &gt; Class Exports" name="should export ScopeService class" time="0.002">
    </testcase>
    <testcase classname="Services Index Exports &gt; Class Exports" name="should export AuthService" time="0.001">
    </testcase>
    <testcase classname="Services Index Exports &gt; Class Exports" name="should export authService instance" time="0.001">
    </testcase>
    <testcase classname="Services Index Exports &gt; Service Instances" name="should export userService instance" time="0.002">
    </testcase>
    <testcase classname="Services Index Exports &gt; Service Instances" name="should export roleService instance" time="0.002">
    </testcase>
    <testcase classname="Services Index Exports &gt; Service Instances" name="should export scopeService instance" time="0.001">
    </testcase>
    <testcase classname="Services Index Exports &gt; Service Instances" name="should create singleton service instances" time="0.002">
    </testcase>
    <testcase classname="Services Index Exports &gt; API Client Exports" name="should export userManagementApi" time="0.001">
    </testcase>
    <testcase classname="Services Index Exports &gt; API Client Exports" name="should export authServerApi" time="0.001">
    </testcase>
    <testcase classname="Services Index Exports &gt; API Client Exports" name="should export API clients as objects with methods" time="0.001">
    </testcase>
    <testcase classname="Services Index Exports &gt; All Exports" name="should have all expected exports" time="0.002">
    </testcase>
    <testcase classname="Services Index Exports &gt; All Exports" name="should export at least 10 items" time="0.001">
    </testcase>
    <testcase classname="Services Index Exports &gt; Service Functionality" name="should allow creating new instances of services" time="0.001">
    </testcase>
    <testcase classname="Services Index Exports &gt; Service Functionality" name="should have different instances when creating new services" time="0">
    </testcase>
  </testsuite>
  <testsuite name="Login" errors="0" failures="0" skipped="0" timestamp="2026-05-05T09:37:32" time="41.122" tests="25">
    <testcase classname="Login &gt; Rendering" name="renders login page with title" time="0.093">
    </testcase>
    <testcase classname="Login &gt; Rendering" name="renders authorization server description" time="0.037">
    </testcase>
    <testcase classname="Login &gt; Rendering" name="renders sign in button" time="0.119">
    </testcase>
    <testcase classname="Login &gt; Rendering" name="renders instruction text" time="0.023">
    </testcase>
    <testcase classname="Login &gt; Login Flow" name="calls authService.initiateLogin when sign in button is clicked" time="0.132">
    </testcase>
    <testcase classname="Login &gt; Login Flow" name="shows loading state when login is in progress" time="0.056">
    </testcase>
    <testcase classname="Login &gt; Login Flow" name="disables button during loading" time="0.049">
    </testcase>
    <testcase classname="Login &gt; Login Flow" name="handles login failure" time="0.113">
    </testcase>
    <testcase classname="Login &gt; Login Flow" name="handles non-Error exceptions" time="0.228">
    </testcase>
    <testcase classname="Login &gt; Error Handling from URL" name="displays error from URL query parameters" time="0.038">
    </testcase>
    <testcase classname="Login &gt; Error Handling from URL" name="displays error description from URL" time="0.036">
    </testcase>
    <testcase classname="Login &gt; Error Handling from URL" name="prefers error_description over error code" time="0.029">
    </testcase>
    <testcase classname="Login &gt; Error Handling from URL" name="does not display error alert when no error in URL" time="0.017">
    </testcase>
    <testcase classname="Login &gt; Error Display from Store" name="displays error from Redux store" time="0.019">
    </testcase>
    <testcase classname="Login &gt; Error Display from Store" name="shows error alert with severity" time="0.042">
    </testcase>
    <testcase classname="Login &gt; UI States" name="shows login icon when not loading" time="0.017">
    </testcase>
    <testcase classname="Login &gt; UI States" name="shows progress indicator when loading" time="0.048">
    </testcase>
    <testcase classname="Login &gt; UI States" name="applies gradient background" time="0.024">
    </testcase>
    <testcase classname="Login &gt; Accessibility" name="button has appropriate role and name" time="0.058">
    </testcase>
    <testcase classname="Login &gt; Accessibility" name="error alert is accessible" time="0.037">
    </testcase>
    <testcase classname="Login &gt; Cross-Tab Auth Sync" name="redirects to dashboard immediately when already authenticated" time="0.017">
    </testcase>
    <testcase classname="Login &gt; Cross-Tab Auth Sync" name="does not redirect when not authenticated" time="0.015">
    </testcase>
    <testcase classname="Login &gt; Cross-Tab Auth Sync" name="redirects to dashboard when another tab logs in (storage event with new token)" time="0.019">
    </testcase>
    <testcase classname="Login &gt; Cross-Tab Auth Sync" name="does not redirect when another tab removes the token (logout event)" time="0.023">
    </testcase>
    <testcase classname="Login &gt; Cross-Tab Auth Sync" name="ignores storage events for unrelated keys" time="0.017">
    </testcase>
  </testsuite>
  <testsuite name="Type Definitions" errors="0" failures="0" skipped="0" timestamp="2026-05-05T09:38:12" time="1.335" tests="12">
    <testcase classname="Type Definitions" name="should have valid type definitions (compile-time check)" time="0.002">
    </testcase>
    <testcase classname="Type Definitions &gt; Enum Values" name="should export UserStatus enum values" time="0.002">
    </testcase>
    <testcase classname="Type Definitions &gt; Enum Values" name="should export AccountStatus enum values" time="0.001">
    </testcase>
    <testcase classname="Type Definitions &gt; Enum Values" name="should export ClientStatus enum values" time="0">
    </testcase>
    <testcase classname="Type Definitions &gt; Enum Values" name="should export ApprovalType enum values" time="0.001">
    </testcase>
    <testcase classname="Type Definitions &gt; Enum Values" name="should export ApprovalStatus enum values" time="0.001">
    </testcase>
    <testcase classname="Type Definitions &gt; Type Usage Examples" name="should allow creating User objects with correct types" time="0.001">
    </testcase>
    <testcase classname="Type Definitions &gt; Type Usage Examples" name="should allow creating Role objects with correct types" time="0.001">
    </testcase>
    <testcase classname="Type Definitions &gt; Type Usage Examples" name="should allow creating Scope objects with correct types" time="0.001">
    </testcase>
    <testcase classname="Type Definitions &gt; Type Usage Examples" name="should allow creating Account objects with correct types" time="0.001">
    </testcase>
    <testcase classname="Type Definitions &gt; Type Usage Examples" name="should allow creating OAuthClient objects with correct types" time="0.001">
    </testcase>
    <testcase classname="Type Definitions &gt; Type Usage Examples" name="should allow UserV2 to extend User with accountRoleMappings" time="0.001">
    </testcase>
  </testsuite>
  <testsuite name="getAccountPaperStyles" errors="0" failures="0" skipped="0" timestamp="2026-05-05T09:38:12" time="1.298" tests="11">
    <testcase classname="getAccountPaperStyles" name="should return default styles for unselected account" time="0.003">
    </testcase>
    <testcase classname="getAccountPaperStyles" name="should return selected styles for selected account" time="0.001">
    </testcase>
    <testcase classname="getAccountPaperStyles" name="should return default account styles for selected default account" time="0.001">
    </testcase>
    <testcase classname="getAccountPaperStyles" name="should handle default account flag when not selected" time="0.001">
    </testcase>
    <testcase classname="getAccountPaperStyles" name="should have consistent padding and margin across all states" time="0.002">
    </testcase>
    <testcase classname="getAccountPaperStyles" name="should use blue theme for selected non-default accounts" time="0">
    </testcase>
    <testcase classname="getAccountPaperStyles" name="should use green theme for selected default accounts" time="0.001">
    </testcase>
    <testcase classname="getAccountPaperStyles" name="should have thicker border for selected accounts" time="0.002">
    </testcase>
    <testcase classname="getAccountPaperStyles" name="should have full opacity for selected accounts" time="0.001">
    </testcase>
    <testcase classname="getAccountPaperStyles" name="should have reduced opacity for unselected accounts" time="0.001">
    </testcase>
    <testcase classname="getAccountPaperStyles" name="should return SxProps type compatible object" time="0.003">
    </testcase>
  </testsuite>
  <testsuite name="formUtils" errors="0" failures="0" skipped="0" timestamp="2026-05-05T09:38:12" time="1.42" tests="8">
    <testcase classname="formUtils &gt; createFieldChangeHandler" name="should handle text input changes" time="0.003">
    </testcase>
    <testcase classname="formUtils &gt; createFieldChangeHandler" name="should handle checkbox changes" time="0.001">
    </testcase>
    <testcase classname="formUtils &gt; createFieldChangeHandler" name="should clear field error when user starts typing" time="0.002">
    </testcase>
    <testcase classname="formUtils &gt; createFieldChangeHandler" name="should not call setErrors if field has no error" time="0.002">
    </testcase>
    <testcase classname="formUtils &gt; createFieldChangeHandler" name="should handle textarea changes" time="0.001">
    </testcase>
    <testcase classname="formUtils &gt; createFieldChangeHandler" name="should handle select changes" time="0.002">
    </testcase>
    <testcase classname="formUtils &gt; createFieldChangeHandler" name="should preserve other form data when updating a field" time="0.001">
    </testcase>
    <testcase classname="formUtils &gt; createFieldChangeHandler" name="should handle unchecking a checkbox" time="0.001">
    </testcase>
  </testsuite>
  <testsuite name="tokenManager" errors="0" failures="0" skipped="0" timestamp="2026-05-05T09:38:12" time="1.125" tests="10">
    <testcase classname="tokenManager &gt; shouldRefreshToken" name="returns true when the token is expired" time="0.001">
    </testcase>
    <testcase classname="tokenManager &gt; shouldRefreshToken" name="returns false when the token is valid" time="0.001">
    </testcase>
    <testcase classname="tokenManager &gt; handleTokenRefresh" name="returns null when no refresh token is stored" time="0.001">
    </testcase>
    <testcase classname="tokenManager &gt; handleTokenRefresh" name="refreshes successfully and returns the new access token" time="0.001">
    </testcase>
    <testcase classname="tokenManager &gt; handleTokenRefresh" name="clears tokens and redirects to /login when refresh fails" time="0.002">
    </testcase>
    <testcase classname="tokenManager &gt; getValidToken" name="returns null when no access token is stored" time="0">
    </testcase>
    <testcase classname="tokenManager &gt; getValidToken" name="returns the current token directly when it is not expired" time="0">
    </testcase>
    <testcase classname="tokenManager &gt; getValidToken" name="refreshes and returns new token when the current one is expired" time="0.001">
    </testcase>
    <testcase classname="tokenManager &gt; getValidToken" name="returns null when expired and refresh also fails" time="0.001">
    </testcase>
    <testcase classname="tokenManager &gt; concurrent refresh handling" name="queues a second caller and resolves it with the same token" time="0.001">
    </testcase>
  </testsuite>
  <testsuite name="jsonPatchUtils" errors="0" failures="0" skipped="0" timestamp="2026-05-05T09:38:12" time="0.965" tests="22">
    <testcase classname="jsonPatchUtils &gt; createStatusChangeOperation" name="should create status change operation" time="0.001">
    </testcase>
    <testcase classname="jsonPatchUtils &gt; createStatusChangeOperation" name="should work with different status values" time="0.002">
    </testcase>
    <testcase classname="jsonPatchUtils &gt; createAddRoleOperation" name="should create add role operation" time="0">
    </testcase>
    <testcase classname="jsonPatchUtils &gt; createAddRoleOperation" name="should handle different account IDs and roles" time="0.001">
    </testcase>
    <testcase classname="jsonPatchUtils &gt; createAddRoleOperation" name="should handle special characters in account ID" time="0.001">
    </testcase>
    <testcase classname="jsonPatchUtils &gt; createRemoveRoleOperation" name="should create remove role operation" time="0.001">
    </testcase>
    <testcase classname="jsonPatchUtils &gt; createRemoveRoleOperation" name="should include role name in path" time="0">
    </testcase>
    <testcase classname="jsonPatchUtils &gt; createRemoveRoleOperation" name="should always have null value" time="0">
    </testcase>
    <testcase classname="jsonPatchUtils &gt; validateJsonPatchOperation" name="should validate valid add operation" time="0.001">
    </testcase>
    <testcase classname="jsonPatchUtils &gt; validateJsonPatchOperation" name="should validate valid remove operation" time="0">
    </testcase>
    <testcase classname="jsonPatchUtils &gt; validateJsonPatchOperation" name="should validate valid replace operation with status" time="0.001">
    </testcase>
    <testcase classname="jsonPatchUtils &gt; validateJsonPatchOperation" name="should reject operation without path" time="0">
    </testcase>
    <testcase classname="jsonPatchUtils &gt; validateJsonPatchOperation" name="should reject operation with invalid op" time="0.001">
    </testcase>
    <testcase classname="jsonPatchUtils &gt; validateJsonPatchOperation" name="should reject status operation without value" time="0">
    </testcase>
    <testcase classname="jsonPatchUtils &gt; validateJsonPatchOperation" name="should reject add operation without value" time="0.001">
    </testcase>
    <testcase classname="jsonPatchUtils &gt; validateJsonPatchOperation" name="should allow remove operation without value" time="0.013">
    </testcase>
    <testcase classname="jsonPatchUtils &gt; validateJsonPatchOperation" name="should validate replace operation on non-status path" time="0.001">
    </testcase>
    <testcase classname="jsonPatchUtils &gt; validateJsonPatchOperations" name="should return isValid true for all valid operations" time="0.001">
    </testcase>
    <testcase classname="jsonPatchUtils &gt; validateJsonPatchOperations" name="should identify invalid operations" time="0.001">
    </testcase>
    <testcase classname="jsonPatchUtils &gt; validateJsonPatchOperations" name="should return empty invalid operations array when all valid" time="0.001">
    </testcase>
    <testcase classname="jsonPatchUtils &gt; validateJsonPatchOperations" name="should handle empty operations array" time="0.001">
    </testcase>
    <testcase classname="jsonPatchUtils &gt; validateJsonPatchOperations" name="should identify all invalid operations in mixed array" time="0.001">
    </testcase>
  </testsuite>
  <testsuite name="Account Management Index Exports" errors="0" failures="0" skipped="0" timestamp="2026-05-05T09:37:37" time="36.853" tests="7">
    <testcase classname="Account Management Index Exports" name="should export AccountManagement component" time="0.003">
    </testcase>
    <testcase classname="Account Management Index Exports" name="should export CreateAccountModal component" time="0.002">
    </testcase>
    <testcase classname="Account Management Index Exports" name="should export EditAccountModal component" time="0.001">
    </testcase>
    <testcase classname="Account Management Index Exports" name="should export AccountDetailsModal component" time="0.001">
    </testcase>
    <testcase classname="Account Management Index Exports" name="should export DeleteAccountDialog component" time="0.002">
    </testcase>
    <testcase classname="Account Management Index Exports" name="should have all expected exports" time="0.003">
    </testcase>
    <testcase classname="Account Management Index Exports" name="should export exactly 5 named exports" time="0.001">
    </testcase>
  </testsuite>
  <testsuite name="Layout" errors="0" failures="0" skipped="0" timestamp="2026-05-05T09:37:38" time="39.101" tests="30">
    <testcase classname="Layout" name="should render children content" time="0.158">
    </testcase>
    <testcase classname="Layout" name="should render app bar with logo and title" time="0.066">
    </testcase>
    <testcase classname="Layout" name="should render navigation menu items" time="0.528">
    </testcase>
    <testcase classname="Layout" name="should display user avatar with first letter of firstName" time="0.041">
    </testcase>
    <testcase classname="Layout" name="should toggle sidebar when menu icon is clicked" time="0.043">
    </testcase>
    <testcase classname="Layout" name="should open user menu when avatar is clicked" time="0.062">
    </testcase>
    <testcase classname="Layout" name="should navigate when menu item is clicked" time="0.035">
    </testcase>
    <testcase classname="Layout" name="should logout and navigate to login when logout is clicked" time="0.132">
    </testcase>
    <testcase classname="Layout" name="should call authService.logout when logout is triggered" time="0.24">
    </testcase>
    <testcase classname="Layout" name="should handle logout failure gracefully" time="0.169">
    </testcase>
    <testcase classname="Layout" name="should clear Redux state after logout" time="0.2">
    </testcase>
    <testcase classname="Layout" name="should close user menu after logout" time="0.139">
    </testcase>
    <testcase classname="Layout" name="should close user menu when menu item is clicked" time="0.124">
    </testcase>
    <testcase classname="Layout" name="should display correct page title based on route" time="0.052">
    </testcase>
    <testcase classname="Layout" name="should show theme toggle button" time="0.045">
    </testcase>
    <testcase classname="Layout" name="should render sidebar when sidebarOpen is true" time="0.045">
    </testcase>
    <testcase classname="Layout" name="should handle user without firstName gracefully" time="0.04">
    </testcase>
    <testcase classname="Layout" name="should handle user without firstName or userName" time="0.042">
    </testcase>
    <testcase classname="Layout" name="should display user full name in menu" time="0.109">
    </testcase>
    <testcase classname="Layout" name="should apply selected style to current route navigation item" time="0.04">
    </testcase>
    <testcase classname="Layout &gt; Cross-Browser Session Invalidation" name="calls SessionService.getActiveSessions when document becomes visible" time="0.03">
    </testcase>
    <testcase classname="Layout &gt; Cross-Browser Session Invalidation" name="does not call SessionService.getActiveSessions when document becomes hidden" time="0.032">
    </testcase>
    <testcase classname="Layout &gt; Cross-Browser Session Invalidation" name="silently ignores errors from the visibility-based session check" time="0.035">
    </testcase>
    <testcase classname="Layout &gt; Cross-Browser Session Invalidation" name="removes the visibilitychange listener on unmount" time="0.032">
    </testcase>
    <testcase classname="Layout &gt; Profile Management" name="should fetch user profile on mount if firstName or lastName is missing" time="0.042">
    </testcase>
    <testcase classname="Layout &gt; Profile Management" name="should always fetch profile on mount to get latest user info" time="0.045">
    </testcase>
    <testcase classname="Layout &gt; Profile Management" name="should handle profile fetch error gracefully" time="0.099">
    </testcase>
    <testcase classname="Layout &gt; Profile Management" name="should update Redux store with fetched profile data" time="0.05">
    </testcase>
    <testcase classname="Layout &gt; Profile Management" name="should display updated user name in avatar after profile fetch" time="0.042">
    </testcase>
    <testcase classname="Layout &gt; Profile Management" name="should handle response without data property" time="0.046">
    </testcase>
  </testsuite>
</testsuites>