<?xml version="1.0" encoding="UTF-8"?>
<testsuites name="jest tests" tests="1646" failures="0" errors="0" time="243.314">
  <testsuite name="App" errors="0" failures="0" skipped="10" timestamp="2026-04-14T10:15:18" time="11.943" tests="10">
    <testcase classname="App should pass basic test" name="App should pass basic test" time="0">
      <skipped/>
    </testcase>
    <testcase classname="App renders the app without crashing" name="App renders the app without crashing" time="0">
      <skipped/>
    </testcase>
    <testcase classname="App renders with Redux Provider" name="App renders with Redux Provider" time="0">
      <skipped/>
    </testcase>
    <testcase classname="App renders with QueryClientProvider" name="App renders with QueryClientProvider" time="0">
      <skipped/>
    </testcase>
    <testcase classname="App renders with ThemeProvider and CssBaseline" name="App renders with ThemeProvider and CssBaseline" time="0">
      <skipped/>
    </testcase>
    <testcase classname="App shows loading fallback for lazy components" name="App shows loading fallback for lazy components" time="0">
      <skipped/>
    </testcase>
    <testcase classname="App renders Toaster component" name="App renders Toaster component" time="0">
      <skipped/>
    </testcase>
    <testcase classname="App applies theme mode from store" name="App applies theme mode from store" time="0">
      <skipped/>
    </testcase>
    <testcase classname="App initializes QueryClient with correct options" name="App initializes QueryClient with correct options" time="0">
      <skipped/>
    </testcase>
    <testcase classname="App exports App as default" name="App exports App as default" time="0">
      <skipped/>
    </testcase>
  </testsuite>
  <testsuite name="ActiveSessionsManagement" errors="0" failures="0" skipped="0" timestamp="2026-04-14T10:15:18" time="97.69" tests="10">
    <testcase classname="ActiveSessionsManagement should render active sessions" name="ActiveSessionsManagement should render active sessions" time="1.228">
    </testcase>
    <testcase classname="ActiveSessionsManagement should show current session badge" name="ActiveSessionsManagement should show current session badge" time="0.581">
    </testcase>
    <testcase classname="ActiveSessionsManagement should display loading state" name="ActiveSessionsManagement should display loading state" time="0.782">
    </testcase>
    <testcase classname="ActiveSessionsManagement should display error message on fetch failure" name="ActiveSessionsManagement should display error message on fetch failure" time="0.179">
    </testcase>
    <testcase classname="ActiveSessionsManagement should open confirmation dialog when terminating a session" name="ActiveSessionsManagement should open confirmation dialog when terminating a session" time="0.887">
    </testcase>
    <testcase classname="ActiveSessionsManagement should terminate a session when confirmed" name="ActiveSessionsManagement should terminate a session when confirmed" time="1.043">
    </testcase>
    <testcase classname="ActiveSessionsManagement should open confirmation dialog for terminating all sessions" name="ActiveSessionsManagement should open confirmation dialog for terminating all sessions" time="0.525">
    </testcase>
    <testcase classname="ActiveSessionsManagement should terminate all other sessions when confirmed" name="ActiveSessionsManagement should terminate all other sessions when confirmed" time="0.793">
    </testcase>
    <testcase classname="ActiveSessionsManagement should refresh sessions periodically" name="ActiveSessionsManagement should refresh sessions periodically" time="0.056">
    </testcase>
    <testcase classname="ActiveSessionsManagement should manually refresh sessions when refresh button is clicked" name="ActiveSessionsManagement should manually refresh sessions when refresh button is clicked" time="0.505">
    </testcase>
  </testsuite>
  <testsuite name="AdminSessionsModal" errors="0" failures="0" skipped="0" timestamp="2026-04-14T10:15:19" time="99.6" tests="18">
    <testcase classname="AdminSessionsModal does not fetch when modal is closed" name="AdminSessionsModal does not fetch when modal is closed" time="0.389">
    </testcase>
    <testcase classname="AdminSessionsModal does not fetch when username is null" name="AdminSessionsModal does not fetch when username is null" time="0.478">
    </testcase>
    <testcase classname="AdminSessionsModal shows loading spinner while fetching" name="AdminSessionsModal shows loading spinner while fetching" time="0.263">
    </testcase>
    <testcase classname="AdminSessionsModal displays username in dialog title" name="AdminSessionsModal displays username in dialog title" time="0.463">
    </testcase>
    <testcase classname="AdminSessionsModal displays sessions when fetched successfully" name="AdminSessionsModal displays sessions when fetched successfully" time="0.463">
    </testcase>
    <testcase classname="AdminSessionsModal shows Current chip for the current session" name="AdminSessionsModal shows Current chip for the current session" time="0.289">
    </testcase>
    <testcase classname="AdminSessionsModal shows no sessions message when list is empty" name="AdminSessionsModal shows no sessions message when list is empty" time="0.245">
    </testcase>
    <testcase classname="AdminSessionsModal shows error alert when fetch fails" name="AdminSessionsModal shows error alert when fetch fails" time="0.314">
    </testcase>
    <testcase classname="AdminSessionsModal shows generic error message for non-Error exception" name="AdminSessionsModal shows generic error message for non-Error exception" time="0.194">
    </testcase>
    <testcase classname="AdminSessionsModal terminates a non-current session" name="AdminSessionsModal terminates a non-current session" time="0.942">
    </testcase>
    <testcase classname="AdminSessionsModal shows error when terminate fails" name="AdminSessionsModal shows error when terminate fails" time="0.705">
    </testcase>
    <testcase classname="AdminSessionsModal calls onClose when Close button is clicked" name="AdminSessionsModal calls onClose when Close button is clicked" time="0.612">
    </testcase>
    <testcase classname="AdminSessionsModal fetches sessions when modal opens with a username" name="AdminSessionsModal fetches sessions when modal opens with a username" time="0.18">
    </testcase>
    <testcase classname="AdminSessionsModal clears sessions and errors when modal is closed" name="AdminSessionsModal clears sessions and errors when modal is closed" time="0.365">
    </testcase>
    <testcase classname="AdminSessionsModal shows browser and OS info when available" name="AdminSessionsModal shows browser and OS info when available" time="0.215">
    </testcase>
    <testcase classname="AdminSessionsModal renders phone icon for mobile device sessions" name="AdminSessionsModal renders phone icon for mobile device sessions" time="0.268">
    </testcase>
    <testcase classname="AdminSessionsModal renders tablet icon for tablet device sessions" name="AdminSessionsModal renders tablet icon for tablet device sessions" time="0.252">
    </testcase>
    <testcase classname="AdminSessionsModal handles sessions with invalid datetime strings without crashing" name="AdminSessionsModal handles sessions with invalid datetime strings without crashing" time="0.229">
    </testcase>
  </testsuite>
  <testsuite name="ViewClientModal" errors="0" failures="0" skipped="1" timestamp="2026-04-14T10:15:18" time="101.799" tests="20">
    <testcase classname="ViewClientModal should render modal when open" name="ViewClientModal should render modal when open" time="0.721">
    </testcase>
    <testcase classname="ViewClientModal should not render modal when closed" name="ViewClientModal should not render modal when closed" time="0.009">
    </testcase>
    <testcase classname="ViewClientModal should load and display client details" name="ViewClientModal should load and display client details" time="0.741">
    </testcase>
    <testcase classname="ViewClientModal should handle loading error" name="ViewClientModal should handle loading error" time="0.184">
    </testcase>
    <testcase classname="ViewClientModal should handle response without data" name="ViewClientModal should handle response without data" time="0.169">
    </testcase>
    <testcase classname="ViewClientModal should toggle client secret visibility" name="ViewClientModal should toggle client secret visibility" time="3.141">
    </testcase>
    <testcase classname="ViewClientModal should copy client ID to clipboard" name="ViewClientModal should copy client ID to clipboard" time="0">
      <skipped/>
    </testcase>
    <testcase classname="ViewClientModal should display token validity in human-readable format" name="ViewClientModal should display token validity in human-readable format" time="0.437">
    </testcase>
    <testcase classname="ViewClientModal should display authorization grant types as chips" name="ViewClientModal should display authorization grant types as chips" time="0.39">
    </testcase>
    <testcase classname="ViewClientModal should display scopes as chips" name="ViewClientModal should display scopes as chips" time="0.401">
    </testcase>
    <testcase classname="ViewClientModal should display redirect URIs with copy functionality" name="ViewClientModal should display redirect URIs with copy functionality" time="0.444">
    </testcase>
    <testcase classname="ViewClientModal should display post logout redirect URIs when available" name="ViewClientModal should display post logout redirect URIs when available" time="0.296">
    </testcase>
    <testcase classname="ViewClientModal should not display post logout section if URIs are empty" name="ViewClientModal should not display post logout section if URIs are empty" time="0.381">
    </testcase>
    <testcase classname="ViewClientModal should display authorization consent setting" name="ViewClientModal should display authorization consent setting" time="0.356">
    </testcase>
    <testcase classname="ViewClientModal should display requested by information" name="ViewClientModal should display requested by information" time="0.373">
    </testcase>
    <testcase classname="ViewClientModal should display additional information when available" name="ViewClientModal should display additional information when available" time="0.433">
    </testcase>
    <testcase classname="ViewClientModal should close modal when close button is clicked" name="ViewClientModal should close modal when close button is clicked" time="0.747">
    </testcase>
    <testcase classname="ViewClientModal should auto-hide copy success message after 2 seconds" name="ViewClientModal should auto-hide copy success message after 2 seconds" time="1.904">
    </testcase>
    <testcase classname="ViewClientModal should handle token validity of 0 seconds" name="ViewClientModal should handle token validity of 0 seconds" time="0.209">
    </testcase>
    <testcase classname="ViewClientModal should handle undefined token validity" name="ViewClientModal should handle undefined token validity" time="0.417">
    </testcase>
  </testsuite>
  <testsuite name="ClientFormFields" errors="0" failures="0" skipped="0" timestamp="2026-04-14T10:15:18" time="109.272" tests="20">
    <testcase classname="ClientFormFields Basic Information Fields should render all basic information fields" name="ClientFormFields Basic Information Fields should render all basic information fields" time="1.688">
    </testcase>
    <testcase classname="ClientFormFields Basic Information Fields should display form data values" name="ClientFormFields Basic Information Fields should display form data values" time="0.538">
    </testcase>
    <testcase classname="ClientFormFields Basic Information Fields should call onInputChange when client name changes" name="ClientFormFields Basic Information Fields should call onInputChange when client name changes" time="1.444">
    </testcase>
    <testcase classname="ClientFormFields Basic Information Fields should disable client ID when clientIdReadOnly is true" name="ClientFormFields Basic Information Fields should disable client ID when clientIdReadOnly is true" time="0.501">
    </testcase>
    <testcase classname="ClientFormFields Basic Information Fields should enable client ID when clientIdReadOnly is false" name="ClientFormFields Basic Information Fields should enable client ID when clientIdReadOnly is false" time="0.463">
    </testcase>
    <testcase classname="ClientFormFields OAuth2 Configuration should render OAuth2 configuration fields" name="ClientFormFields OAuth2 Configuration should render OAuth2 configuration fields" time="0.42">
    </testcase>
    <testcase classname="ClientFormFields OAuth2 Configuration should display selected grant types as chips" name="ClientFormFields OAuth2 Configuration should display selected grant types as chips" time="0.419">
    </testcase>
    <testcase classname="ClientFormFields OAuth2 Configuration should display selected scopes as chips" name="ClientFormFields OAuth2 Configuration should display selected scopes as chips" time="0.34">
    </testcase>
    <testcase classname="ClientFormFields URI Configuration should render URI accordion" name="ClientFormFields URI Configuration should render URI accordion" time="1.4">
    </testcase>
    <testcase classname="ClientFormFields URI Configuration should display redirect URIs" name="ClientFormFields URI Configuration should display redirect URIs" time="0.559">
    </testcase>
    <testcase classname="ClientFormFields URI Configuration should call onAddArrayField when adding a redirect URI" name="ClientFormFields URI Configuration should call onAddArrayField when adding a redirect URI" time="2.601">
    </testcase>
    <testcase classname="ClientFormFields URI Configuration should call onArrayFieldChange when URI value changes" name="ClientFormFields URI Configuration should call onArrayFieldChange when URI value changes" time="2.355">
    </testcase>
    <testcase classname="ClientFormFields URI Configuration should show delete button for multiple URIs" name="ClientFormFields URI Configuration should show delete button for multiple URIs" time="1.889">
    </testcase>
    <testcase classname="ClientFormFields URI Configuration should call onRemoveArrayField when deleting a URI" name="ClientFormFields URI Configuration should call onRemoveArrayField when deleting a URI" time="1.975">
    </testcase>
    <testcase classname="ClientFormFields Token Validity Configuration should render token validity accordion" name="ClientFormFields Token Validity Configuration should render token validity accordion" time="0.721">
    </testcase>
    <testcase classname="ClientFormFields Token Validity Configuration should display token validity values" name="ClientFormFields Token Validity Configuration should display token validity values" time="0.465">
    </testcase>
    <testcase classname="ClientFormFields Token Validity Configuration should call onInputChange when token validity changes" name="ClientFormFields Token Validity Configuration should call onInputChange when token validity changes" time="0.863">
    </testcase>
    <testcase classname="ClientFormFields Advanced Settings should render advanced settings accordion" name="ClientFormFields Advanced Settings should render advanced settings accordion" time="0.43">
    </testcase>
    <testcase classname="ClientFormFields Advanced Settings should toggle authorization consent switch" name="ClientFormFields Advanced Settings should toggle authorization consent switch" time="1.702">
    </testcase>
    <testcase classname="ClientFormFields Advanced Settings should call onInputChange when additional information changes" name="ClientFormFields Advanced Settings should call onInputChange when additional information changes" time="2.027">
    </testcase>
  </testsuite>
  <testsuite name="UserApproval Component" errors="0" failures="0" skipped="0" timestamp="2026-04-14T10:15:19" time="129.678" tests="33">
    <testcase classname="UserApproval Component Rendering renders the component with title" name="UserApproval Component Rendering renders the component with title" time="1.014">
    </testcase>
    <testcase classname="UserApproval Component Rendering renders both tabs" name="UserApproval Component Rendering renders both tabs" time="0.664">
    </testcase>
    <testcase classname="UserApproval Component Rendering displays pending users count in tab" name="UserApproval Component Rendering displays pending users count in tab" time="0.748">
    </testcase>
    <testcase classname="UserApproval Component Rendering loads and displays pending users on mount" name="UserApproval Component Rendering loads and displays pending users on mount" time="0.394">
    </testcase>
    <testcase classname="UserApproval Component Rendering shows loading state" name="UserApproval Component Rendering shows loading state" time="0.948">
    </testcase>
    <testcase classname="UserApproval Component Rendering shows empty state when no pending users" name="UserApproval Component Rendering shows empty state when no pending users" time="0.24">
    </testcase>
    <testcase classname="UserApproval Component Tab Navigation switches to deactivated users tab" name="UserApproval Component Tab Navigation switches to deactivated users tab" time="0.774">
    </testcase>
    <testcase classname="UserApproval Component Tab Navigation loads deactivated users when switching tabs" name="UserApproval Component Tab Navigation loads deactivated users when switching tabs" time="0.479">
    </testcase>
    <testcase classname="UserApproval Component User Approval Flow opens approval dialog when approve button clicked" name="UserApproval Component User Approval Flow opens approval dialog when approve button clicked" time="1.923">
    </testcase>
    <testcase classname="UserApproval Component User Approval Flow fetches complete user data when opening approval dialog" name="UserApproval Component User Approval Flow fetches complete user data when opening approval dialog" time="1.328">
    </testcase>
    <testcase classname="UserApproval Component User Approval Flow initializes account mappings in approval dialog" name="UserApproval Component User Approval Flow initializes account mappings in approval dialog" time="1.226">
    </testcase>
    <testcase classname="UserApproval Component User Approval Flow submits approval with correct operations" name="UserApproval Component User Approval Flow submits approval with correct operations" time="1.918">
    </testcase>
    <testcase classname="UserApproval Component User Approval Flow shows success message after approval" name="UserApproval Component User Approval Flow shows success message after approval" time="2.429">
    </testcase>
    <testcase classname="UserApproval Component User Approval Flow handles approval error" name="UserApproval Component User Approval Flow handles approval error" time="3.269">
    </testcase>
    <testcase classname="UserApproval Component User Rejection Flow opens reject dialog when reject button clicked" name="UserApproval Component User Rejection Flow opens reject dialog when reject button clicked" time="1.002">
    </testcase>
    <testcase classname="UserApproval Component User Rejection Flow requires rejection reason" name="UserApproval Component User Rejection Flow requires rejection reason" time="1.628">
    </testcase>
    <testcase classname="UserApproval Component User Rejection Flow enables submit button when reason provided" name="UserApproval Component User Rejection Flow enables submit button when reason provided" time="1.845">
    </testcase>
    <testcase classname="UserApproval Component User Rejection Flow submits rejection with correct status change" name="UserApproval Component User Rejection Flow submits rejection with correct status change" time="2.773">
    </testcase>
    <testcase classname="UserApproval Component User Rejection Flow shows success message after rejection" name="UserApproval Component User Rejection Flow shows success message after rejection" time="2.301">
    </testcase>
    <testcase classname="UserApproval Component User Reactivation Flow opens reactivate dialog when button clicked" name="UserApproval Component User Reactivation Flow opens reactivate dialog when button clicked" time="0.664">
    </testcase>
    <testcase classname="UserApproval Component User Reactivation Flow submits reactivation with correct status change" name="UserApproval Component User Reactivation Flow submits reactivation with correct status change" time="1.851">
    </testcase>
    <testcase classname="UserApproval Component User Reactivation Flow shows success message after reactivation" name="UserApproval Component User Reactivation Flow shows success message after reactivation" time="1.773">
    </testcase>
    <testcase classname="UserApproval Component Account and Role Management toggles account selection in approval dialog" name="UserApproval Component Account and Role Management toggles account selection in approval dialog" time="1.784">
    </testcase>
    <testcase classname="UserApproval Component Account and Role Management prevents deselecting last account" name="UserApproval Component Account and Role Management prevents deselecting last account" time="1.132">
    </testcase>
    <testcase classname="UserApproval Component Account and Role Management displays warning when no accounts selected" name="UserApproval Component Account and Role Management displays warning when no accounts selected" time="0.928">
    </testcase>
    <testcase classname="UserApproval Component Pagination changes page for pending users" name="UserApproval Component Pagination changes page for pending users" time="0.786">
    </testcase>
    <testcase classname="UserApproval Component Pagination changes rows per page" name="UserApproval Component Pagination changes rows per page" time="0.33">
    </testcase>
    <testcase classname="UserApproval Component Error Handling shows empty state when loading fails" name="UserApproval Component Error Handling shows empty state when loading fails" time="0.144">
    </testcase>
    <testcase classname="UserApproval Component Error Handling shows dialog error when user data fetch fails" name="UserApproval Component Error Handling shows dialog error when user data fetch fails" time="1.08">
    </testcase>
    <testcase classname="UserApproval Component Refresh Functionality refreshes pending users when refresh button clicked" name="UserApproval Component Refresh Functionality refreshes pending users when refresh button clicked" time="0.291">
    </testcase>
    <testcase classname="UserApproval Component Refresh Functionality refreshes deactivated users when on deactivated tab" name="UserApproval Component Refresh Functionality refreshes deactivated users when on deactivated tab" time="0.274">
    </testcase>
    <testcase classname="UserApproval Component Status Display displays correct status chip colors" name="UserApproval Component Status Display displays correct status chip colors" time="0.166">
    </testcase>
    <testcase classname="UserApproval Component Status Display shows user details correctly" name="UserApproval Component Status Display shows user details correctly" time="0.213">
    </testcase>
  </testsuite>
  <testsuite name="EditUserModal" errors="0" failures="0" skipped="0" timestamp="2026-04-14T10:15:18" time="134.856" tests="26">
    <testcase classname="EditUserModal Rendering should not render when open is false" name="EditUserModal Rendering should not render when open is false" time="0.503">
    </testcase>
    <testcase classname="EditUserModal Rendering should render when open is true with user data" name="EditUserModal Rendering should render when open is true with user data" time="1.561">
    </testcase>
    <testcase classname="EditUserModal Rendering should render all form fields" name="EditUserModal Rendering should render all form fields" time="0.889">
    </testcase>
    <testcase classname="EditUserModal Rendering should render form sections" name="EditUserModal Rendering should render form sections" time="0.931">
    </testcase>
    <testcase classname="EditUserModal Form Population should populate form with user data" name="EditUserModal Form Population should populate form with user data" time="0.815">
    </testcase>
    <testcase classname="EditUserModal Form Population should handle null user gracefully" name="EditUserModal Form Population should handle null user gracefully" time="0.338">
    </testcase>
    <testcase classname="EditUserModal Form Interactions should update first name on input" name="EditUserModal Form Interactions should update first name on input" time="3.44">
    </testcase>
    <testcase classname="EditUserModal Form Interactions should handle notification consent checkbox" name="EditUserModal Form Interactions should handle notification consent checkbox" time="1.345">
    </testcase>
    <testcase classname="EditUserModal Form Validation should prevent submission when form is invalid" name="EditUserModal Form Validation should prevent submission when form is invalid" time="1.273">
    </testcase>
    <testcase classname="EditUserModal Form Submission should successfully update user when valid data is provided" name="EditUserModal Form Submission should successfully update user when valid data is provided" time="3.94">
    </testcase>
    <testcase classname="EditUserModal Form Submission should handle API errors during update" name="EditUserModal Form Submission should handle API errors during update" time="4.527">
    </testcase>
    <testcase classname="EditUserModal Form Submission should show error when no changes detected" name="EditUserModal Form Submission should show error when no changes detected" time="1.43">
    </testcase>
    <testcase classname="EditUserModal Form Submission should require user to be selected for submission" name="EditUserModal Form Submission should require user to be selected for submission" time="1.278">
    </testcase>
    <testcase classname="EditUserModal Form Submission should show loading state while updating" name="EditUserModal Form Submission should show loading state while updating" time="4.327">
    </testcase>
    <testcase classname="EditUserModal Status Management should display user status in form" name="EditUserModal Status Management should display user status in form" time="0.488">
    </testcase>
    <testcase classname="EditUserModal Modal Actions should call onClose when Cancel button is clicked" name="EditUserModal Modal Actions should call onClose when Cancel button is clicked" time="0.968">
    </testcase>
    <testcase classname="EditUserModal Modal Actions should call onClose when dialog backdrop is clicked" name="EditUserModal Modal Actions should call onClose when dialog backdrop is clicked" time="0.571">
    </testcase>
    <testcase classname="EditUserModal Loading States should render loading state" name="EditUserModal Loading States should render loading state" time="0.731">
    </testcase>
    <testcase classname="EditUserModal Additional Field Updates should update email field" name="EditUserModal Additional Field Updates should update email field" time="3.242">
    </testcase>
    <testcase classname="EditUserModal Additional Field Updates should update phone number field" name="EditUserModal Additional Field Updates should update phone number field" time="2.164">
    </testcase>
    <testcase classname="EditUserModal Additional Field Updates should update address fields" name="EditUserModal Additional Field Updates should update address fields" time="1.598">
    </testcase>
    <testcase classname="EditUserModal Additional Field Updates should update multiple fields and submit changes" name="EditUserModal Additional Field Updates should update multiple fields and submit changes" time="2.758">
    </testcase>
    <testcase classname="EditUserModal Status Change should handle status dropdown changes" name="EditUserModal Status Change should handle status dropdown changes" time="0.415">
    </testcase>
    <testcase classname="EditUserModal Error Handling should clear errors when form is modified after error" name="EditUserModal Error Handling should clear errors when form is modified after error" time="2.623">
    </testcase>
    <testcase classname="EditUserModal Error Handling should prevent submission with empty required fields" name="EditUserModal Error Handling should prevent submission with empty required fields" time="0.935">
    </testcase>
    <testcase classname="EditUserModal Form Reset should reset form when user prop changes" name="EditUserModal Form Reset should reset form when user prop changes" time="0.634">
    </testcase>
  </testsuite>
  <testsuite name="ClientManagement" errors="0" failures="0" skipped="0" timestamp="2026-04-14T10:15:18" time="136.411" tests="22">
    <testcase classname="ClientManagement Initial Load should render loading state initially" name="ClientManagement Initial Load should render loading state initially" time="0.19">
    </testcase>
    <testcase classname="ClientManagement Initial Load should load and display clients" name="ClientManagement Initial Load should load and display clients" time="1.15">
    </testcase>
    <testcase classname="ClientManagement Initial Load should display error message when loading fails" name="ClientManagement Initial Load should display error message when loading fails" time="1.157">
    </testcase>
    <testcase classname="ClientManagement Initial Load should show empty state when no clients are available" name="ClientManagement Initial Load should show empty state when no clients are available" time="0.658">
    </testcase>
    <testcase classname="ClientManagement Status Colors should display correct chip colors for different statuses" name="ClientManagement Status Colors should display correct chip colors for different statuses" time="1.308">
    </testcase>
    <testcase classname="ClientManagement Client Actions should open create client modal when clicking register button" name="ClientManagement Client Actions should open create client modal when clicking register button" time="2.723">
    </testcase>
    <testcase classname="ClientManagement Client Actions should open action menu when clicking more actions button" name="ClientManagement Client Actions should open action menu when clicking more actions button" time="2.739">
    </testcase>
    <testcase classname="ClientManagement Client Actions should open view modal when clicking view details" name="ClientManagement Client Actions should open view modal when clicking view details" time="2.2">
    </testcase>
    <testcase classname="ClientManagement Client Actions should open edit modal when clicking edit client" name="ClientManagement Client Actions should open edit modal when clicking edit client" time="1.943">
    </testcase>
    <testcase classname="ClientManagement Client Actions should copy client ID to clipboard" name="ClientManagement Client Actions should copy client ID to clipboard" time="2.121">
    </testcase>
    <testcase classname="ClientManagement Client Actions should open delete confirmation dialog" name="ClientManagement Client Actions should open delete confirmation dialog" time="2.748">
    </testcase>
    <testcase classname="ClientManagement Client Actions should delete client when confirmed" name="ClientManagement Client Actions should delete client when confirmed" time="3.621">
    </testcase>
    <testcase classname="ClientManagement Client Actions should handle delete error" name="ClientManagement Client Actions should handle delete error" time="3.585">
    </testcase>
    <testcase classname="ClientManagement Client Actions should cancel delete when clicking cancel button" name="ClientManagement Client Actions should cancel delete when clicking cancel button" time="3.839">
    </testcase>
    <testcase classname="ClientManagement Modal Interactions should close create modal and reload clients after saving" name="ClientManagement Modal Interactions should close create modal and reload clients after saving" time="2.054">
    </testcase>
    <testcase classname="ClientManagement Modal Interactions should close edit modal and reload clients after saving" name="ClientManagement Modal Interactions should close edit modal and reload clients after saving" time="6.078">
    </testcase>
    <testcase classname="ClientManagement Modal Interactions should close modals when clicking close button" name="ClientManagement Modal Interactions should close modals when clicking close button" time="2.02">
    </testcase>
    <testcase classname="ClientManagement Grant Types and Scopes Display should display all grant types as chips" name="ClientManagement Grant Types and Scopes Display should display all grant types as chips" time="0.662">
    </testcase>
    <testcase classname="ClientManagement Grant Types and Scopes Display should display first 3 scopes and show more count for additional scopes" name="ClientManagement Grant Types and Scopes Display should display first 3 scopes and show more count for additional scopes" time="0.634">
    </testcase>
    <testcase classname="ClientManagement Error and Success Messages should dismiss error message when clicking close" name="ClientManagement Error and Success Messages should dismiss error message when clicking close" time="1.16">
    </testcase>
    <testcase classname="ClientManagement Error and Success Messages should auto-dismiss success message after 5 seconds" name="ClientManagement Error and Success Messages should auto-dismiss success message after 5 seconds" time="2.185">
    </testcase>
    <testcase classname="ClientManagement Refresh Functionality should reload clients when refresh is triggered" name="ClientManagement Refresh Functionality should reload clients when refresh is triggered" time="0.717">
    </testcase>
  </testsuite>
  <testsuite name="RoleManagement" errors="0" failures="0" skipped="0" timestamp="2026-04-14T10:15:19" time="139.699" tests="22">
    <testcase classname="RoleManagement Initial Rendering renders role management title and subtitle" name="RoleManagement Initial Rendering renders role management title and subtitle" time="1.333">
    </testcase>
    <testcase classname="RoleManagement Initial Rendering shows loading state initially" name="RoleManagement Initial Rendering shows loading state initially" time="0.772">
    </testcase>
    <testcase classname="RoleManagement Initial Rendering loads and displays roles after loading" name="RoleManagement Initial Rendering loads and displays roles after loading" time="0.633">
    </testcase>
    <testcase classname="RoleManagement Initial Rendering loads available scopes on mount" name="RoleManagement Initial Rendering loads available scopes on mount" time="0.148">
    </testcase>
    <testcase classname="RoleManagement Search Functionality allows searching for roles" name="RoleManagement Search Functionality allows searching for roles" time="3.684">
    </testcase>
    <testcase classname="RoleManagement Search Functionality searches on Enter key press" name="RoleManagement Search Functionality searches on Enter key press" time="1.846">
    </testcase>
    <testcase classname="RoleManagement Search Functionality shows no results message when search returns empty" name="RoleManagement Search Functionality shows no results message when search returns empty" time="2.139">
    </testcase>
    <testcase classname="RoleManagement Create Role opens create dialog when Create Role button is clicked" name="RoleManagement Create Role opens create dialog when Create Role button is clicked" time="1.809">
    </testcase>
    <testcase classname="RoleManagement Create Role validates required fields when creating role" name="RoleManagement Create Role validates required fields when creating role" time="1.974">
    </testcase>
    <testcase classname="RoleManagement Create Role creates role successfully with valid data" name="RoleManagement Create Role creates role successfully with valid data" time="6.353">
    </testcase>
    <testcase classname="RoleManagement Edit Role opens edit dialog with role data" name="RoleManagement Edit Role opens edit dialog with role data" time="2.482">
    </testcase>
    <testcase classname="RoleManagement Edit Role disables editing system roles" name="RoleManagement Edit Role disables editing system roles" time="2.299">
    </testcase>
    <testcase classname="RoleManagement Edit Role updates role successfully" name="RoleManagement Edit Role updates role successfully" time="6.062">
    </testcase>
    <testcase classname="RoleManagement Delete Role opens delete confirmation dialog" name="RoleManagement Delete Role opens delete confirmation dialog" time="1.895">
    </testcase>
    <testcase classname="RoleManagement Delete Role disables deleting system roles" name="RoleManagement Delete Role disables deleting system roles" time="1.524">
    </testcase>
    <testcase classname="RoleManagement Delete Role deletes role on confirmation" name="RoleManagement Delete Role deletes role on confirmation" time="2.531">
    </testcase>
    <testcase classname="RoleManagement Delete Role cancels delete operation" name="RoleManagement Delete Role cancels delete operation" time="3.467">
    </testcase>
    <testcase classname="RoleManagement Error Handling displays error when fetching roles fails" name="RoleManagement Error Handling displays error when fetching roles fails" time="0.23">
    </testcase>
    <testcase classname="RoleManagement Error Handling displays error when creating role fails" name="RoleManagement Error Handling displays error when creating role fails" time="4.075">
    </testcase>
    <testcase classname="RoleManagement Scope Display displays scopes with correct colors" name="RoleManagement Scope Display displays scopes with correct colors" time="0.712">
    </testcase>
    <testcase classname="RoleManagement Scope Display shows &quot;+X more&quot; for roles with many scopes" name="RoleManagement Scope Display shows &quot;+X more&quot; for roles with many scopes" time="0.622">
    </testcase>
    <testcase classname="RoleManagement Refresh Functionality refreshes roles and clears search" name="RoleManagement Refresh Functionality refreshes roles and clears search" time="2.117">
    </testcase>
  </testsuite>
  <testsuite name="CreateEditClientModal" errors="0" failures="0" skipped="2" timestamp="2026-04-14T10:15:30" time="145.858" tests="30">
    <testcase classname="CreateEditClientModal Create Mode - Comprehensive Tests should render all form sections" name="CreateEditClientModal Create Mode - Comprehensive Tests should render all form sections" time="1.736">
    </testcase>
    <testcase classname="CreateEditClientModal Create Mode - Comprehensive Tests should handle complete form submission with all fields filled" name="CreateEditClientModal Create Mode - Comprehensive Tests should handle complete form submission with all fields filled" time="0">
      <skipped/>
    </testcase>
    <testcase classname="CreateEditClientModal Create Mode - Comprehensive Tests should validate required fields before submission" name="CreateEditClientModal Create Mode - Comprehensive Tests should validate required fields before submission" time="1.644">
    </testcase>
    <testcase classname="CreateEditClientModal Create Mode - Comprehensive Tests should clear errors when user corrects input" name="CreateEditClientModal Create Mode - Comprehensive Tests should clear errors when user corrects input" time="7.543">
    </testcase>
    <testcase classname="CreateEditClientModal Create Mode - Comprehensive Tests should handle API error with specific error message" name="CreateEditClientModal Create Mode - Comprehensive Tests should handle API error with specific error message" time="6.205">
    </testcase>
    <testcase classname="CreateEditClientModal Create Mode - Comprehensive Tests should handle network error gracefully" name="CreateEditClientModal Create Mode - Comprehensive Tests should handle network error gracefully" time="0">
      <skipped/>
    </testcase>
    <testcase classname="CreateEditClientModal Create Mode - Comprehensive Tests should disable form during submission" name="CreateEditClientModal Create Mode - Comprehensive Tests should disable form during submission" time="4.606">
    </testcase>
    <testcase classname="CreateEditClientModal Edit Mode - Comprehensive Tests should load and display existing client data" name="CreateEditClientModal Edit Mode - Comprehensive Tests should load and display existing client data" time="0.889">
    </testcase>
    <testcase classname="CreateEditClientModal Edit Mode - Comprehensive Tests should prevent editing clientId in edit mode" name="CreateEditClientModal Edit Mode - Comprehensive Tests should prevent editing clientId in edit mode" time="0.942">
    </testcase>
    <testcase classname="CreateEditClientModal Edit Mode - Comprehensive Tests should update client with modified fields" name="CreateEditClientModal Edit Mode - Comprehensive Tests should update client with modified fields" time="7.112">
    </testcase>
    <testcase classname="CreateEditClientModal Edit Mode - Comprehensive Tests should handle update validation errors" name="CreateEditClientModal Edit Mode - Comprehensive Tests should handle update validation errors" time="1.54">
    </testcase>
    <testcase classname="CreateEditClientModal Edit Mode - Comprehensive Tests should handle update API failure" name="CreateEditClientModal Edit Mode - Comprehensive Tests should handle update API failure" time="2.152">
    </testcase>
    <testcase classname="CreateEditClientModal Edit Mode - Comprehensive Tests should show loading state while fetching client details" name="CreateEditClientModal Edit Mode - Comprehensive Tests should show loading state while fetching client details" time="0.712">
    </testcase>
    <testcase classname="CreateEditClientModal URI Management should add multiple redirect URIs" name="CreateEditClientModal URI Management should add multiple redirect URIs" time="2.048">
    </testcase>
    <testcase classname="CreateEditClientModal URI Management should remove redirect URI" name="CreateEditClientModal URI Management should remove redirect URI" time="2.191">
    </testcase>
    <testcase classname="CreateEditClientModal URI Management should add and remove post-logout redirect URIs" name="CreateEditClientModal URI Management should add and remove post-logout redirect URIs" time="2.029">
    </testcase>
    <testcase classname="CreateEditClientModal URI Management should validate URI formats" name="CreateEditClientModal URI Management should validate URI formats" time="2.207">
    </testcase>
    <testcase classname="CreateEditClientModal Token Validity Configuration should update all token validity fields" name="CreateEditClientModal Token Validity Configuration should update all token validity fields" time="4.179">
    </testcase>
    <testcase classname="CreateEditClientModal Token Validity Configuration should validate token validity values" name="CreateEditClientModal Token Validity Configuration should validate token validity values" time="2.647">
    </testcase>
    <testcase classname="CreateEditClientModal Advanced Settings should toggle all advanced settings" name="CreateEditClientModal Advanced Settings should toggle all advanced settings" time="1.44">
    </testcase>
    <testcase classname="CreateEditClientModal Advanced Settings should handle additional information input" name="CreateEditClientModal Advanced Settings should handle additional information input" time="7.971">
    </testcase>
    <testcase classname="CreateEditClientModal Advanced Settings should change client status" name="CreateEditClientModal Advanced Settings should change client status" time="0.309">
    </testcase>
    <testcase classname="CreateEditClientModal OAuth2 Configuration should select multiple grant types" name="CreateEditClientModal OAuth2 Configuration should select multiple grant types" time="0.306">
    </testcase>
    <testcase classname="CreateEditClientModal OAuth2 Configuration should select multiple authentication methods" name="CreateEditClientModal OAuth2 Configuration should select multiple authentication methods" time="0.298">
    </testcase>
    <testcase classname="CreateEditClientModal OAuth2 Configuration should select multiple scopes" name="CreateEditClientModal OAuth2 Configuration should select multiple scopes" time="0.314">
    </testcase>
    <testcase classname="CreateEditClientModal Modal Interaction should close modal on cancel without saving" name="CreateEditClientModal Modal Interaction should close modal on cancel without saving" time="0.932">
    </testcase>
    <testcase classname="CreateEditClientModal Modal Interaction should not close modal when clicking inside" name="CreateEditClientModal Modal Interaction should not close modal when clicking inside" time="0.286">
    </testcase>
    <testcase classname="CreateEditClientModal Modal Interaction should reset form when modal is closed and reopened" name="CreateEditClientModal Modal Interaction should reset form when modal is closed and reopened" time="1.902">
    </testcase>
    <testcase classname="CreateEditClientModal Error Handling should display multiple validation errors simultaneously" name="CreateEditClientModal Error Handling should display multiple validation errors simultaneously" time="0.99">
    </testcase>
    <testcase classname="CreateEditClientModal Error Handling should clear all errors after successful submission" name="CreateEditClientModal Error Handling should clear all errors after successful submission" time="5.391">
    </testcase>
  </testsuite>
  <testsuite name="CreateUserModal" errors="0" failures="0" skipped="25" timestamp="2026-04-14T10:15:19" time="158.817" tests="59">
    <testcase classname="CreateUserModal Rendering should render modal when open is true" name="CreateUserModal Rendering should render modal when open is true" time="2.322">
    </testcase>
    <testcase classname="CreateUserModal Rendering should not render modal when open is false" name="CreateUserModal Rendering should not render modal when open is false" time="0.023">
    </testcase>
    <testcase classname="CreateUserModal Rendering should render all required form fields" name="CreateUserModal Rendering should render all required form fields" time="0.662">
    </testcase>
    <testcase classname="CreateUserModal Rendering should render optional contact information fields" name="CreateUserModal Rendering should render optional contact information fields" time="0.608">
    </testcase>
    <testcase classname="CreateUserModal Rendering should render account and role assignments section" name="CreateUserModal Rendering should render account and role assignments section" time="0.472">
    </testcase>
    <testcase classname="CreateUserModal Rendering should render action buttons" name="CreateUserModal Rendering should render action buttons" time="1.849">
    </testcase>
    <testcase classname="CreateUserModal Rendering should render notification consent checkbox" name="CreateUserModal Rendering should render notification consent checkbox" time="0.498">
    </testcase>
    <testcase classname="CreateUserModal Rendering should display section headers with icons" name="CreateUserModal Rendering should display section headers with icons" time="0.454">
    </testcase>
    <testcase classname="CreateUserModal Form Validation - validateForm() should show error when first name is empty" name="CreateUserModal Form Validation - validateForm() should show error when first name is empty" time="1.22">
    </testcase>
    <testcase classname="CreateUserModal Form Validation - validateForm() should show error when last name is empty" name="CreateUserModal Form Validation - validateForm() should show error when last name is empty" time="1.053">
    </testcase>
    <testcase classname="CreateUserModal Form Validation - validateForm() should show error when email is empty" name="CreateUserModal Form Validation - validateForm() should show error when email is empty" time="0.974">
    </testcase>
    <testcase classname="CreateUserModal Form Validation - validateForm() should show error when email format is invalid" name="CreateUserModal Form Validation - validateForm() should show error when email format is invalid" time="4.506">
    </testcase>
    <testcase classname="CreateUserModal Form Validation - validateForm() should accept valid email formats" name="CreateUserModal Form Validation - validateForm() should accept valid email formats" time="2.851">
    </testcase>
    <testcase classname="CreateUserModal Form Validation - validateForm() should validate email with subdomain" name="CreateUserModal Form Validation - validateForm() should validate email with subdomain" time="0">
      <skipped/>
    </testcase>
    <testcase classname="CreateUserModal Form Validation - validateForm() should show error when username is empty" name="CreateUserModal Form Validation - validateForm() should show error when username is empty" time="0.823">
    </testcase>
    <testcase classname="CreateUserModal Form Validation - validateForm() should show error when username contains spaces" name="CreateUserModal Form Validation - validateForm() should show error when username contains spaces" time="3.016">
    </testcase>
    <testcase classname="CreateUserModal Form Validation - validateForm() should show error when username contains special characters" name="CreateUserModal Form Validation - validateForm() should show error when username contains special characters" time="0">
      <skipped/>
    </testcase>
    <testcase classname="CreateUserModal Form Validation - validateForm() should accept valid username with allowed characters" name="CreateUserModal Form Validation - validateForm() should accept valid username with allowed characters" time="0">
      <skipped/>
    </testcase>
    <testcase classname="CreateUserModal Form Validation - validateForm() should show error when password is empty" name="CreateUserModal Form Validation - validateForm() should show error when password is empty" time="0.84">
    </testcase>
    <testcase classname="CreateUserModal Form Validation - validateForm() should show error when password is less than 8 characters" name="CreateUserModal Form Validation - validateForm() should show error when password is less than 8 characters" time="1.796">
    </testcase>
    <testcase classname="CreateUserModal Form Validation - validateForm() should accept password with 8 or more characters" name="CreateUserModal Form Validation - validateForm() should accept password with 8 or more characters" time="0">
      <skipped/>
    </testcase>
    <testcase classname="CreateUserModal Form Validation - validateForm() should show error when confirm password is empty" name="CreateUserModal Form Validation - validateForm() should show error when confirm password is empty" time="1.068">
    </testcase>
    <testcase classname="CreateUserModal Form Validation - validateForm() should show error when passwords do not match" name="CreateUserModal Form Validation - validateForm() should show error when passwords do not match" time="0">
      <skipped/>
    </testcase>
    <testcase classname="CreateUserModal Form Validation - validateForm() should not show errors when all required fields are valid" name="CreateUserModal Form Validation - validateForm() should not show errors when all required fields are valid" time="0">
      <skipped/>
    </testcase>
    <testcase classname="CreateUserModal Form Validation - validateForm() should validate multiple fields simultaneously" name="CreateUserModal Form Validation - validateForm() should validate multiple fields simultaneously" time="0.822">
    </testcase>
    <testcase classname="CreateUserModal Form Submission should call UserService.createUserV2 with correct data on valid form submission" name="CreateUserModal Form Submission should call UserService.createUserV2 with correct data on valid form submission" time="0">
      <skipped/>
    </testcase>
    <testcase classname="CreateUserModal Form Submission should call onUserCreated and onClose on successful user creation" name="CreateUserModal Form Submission should call onUserCreated and onClose on successful user creation" time="9.265">
    </testcase>
    <testcase classname="CreateUserModal Form Submission should handle successful creation with data property" name="CreateUserModal Form Submission should handle successful creation with data property" time="0">
      <skipped/>
    </testcase>
    <testcase classname="CreateUserModal Form Submission should display error message on API failure" name="CreateUserModal Form Submission should display error message on API failure" time="0">
      <skipped/>
    </testcase>
    <testcase classname="CreateUserModal Form Submission should display error when API returns error message" name="CreateUserModal Form Submission should display error when API returns error message" time="7.809">
    </testcase>
    <testcase classname="CreateUserModal Form Submission should show loading state during submission" name="CreateUserModal Form Submission should show loading state during submission" time="7.102">
    </testcase>
    <testcase classname="CreateUserModal Form Submission should disable buttons during loading" name="CreateUserModal Form Submission should disable buttons during loading" time="7.578">
    </testcase>
    <testcase classname="CreateUserModal Form Submission should not submit if validation fails" name="CreateUserModal Form Submission should not submit if validation fails" time="0.847">
    </testcase>
    <testcase classname="CreateUserModal Form Submission should include optional fields when provided" name="CreateUserModal Form Submission should include optional fields when provided" time="0">
      <skipped/>
    </testcase>
    <testcase classname="CreateUserModal Form Submission should handle unexpected errors gracefully" name="CreateUserModal Form Submission should handle unexpected errors gracefully" time="0">
      <skipped/>
    </testcase>
    <testcase classname="CreateUserModal User Interactions should update first name field on input" name="CreateUserModal User Interactions should update first name field on input" time="0">
      <skipped/>
    </testcase>
    <testcase classname="CreateUserModal User Interactions should update email field on input" name="CreateUserModal User Interactions should update email field on input" time="0">
      <skipped/>
    </testcase>
    <testcase classname="CreateUserModal User Interactions should handle notification consent checkbox toggle" name="CreateUserModal User Interactions should handle notification consent checkbox toggle" time="0.523">
    </testcase>
    <testcase classname="CreateUserModal User Interactions should handle role selection from dropdown" name="CreateUserModal User Interactions should handle role selection from dropdown" time="0">
      <skipped/>
    </testcase>
    <testcase classname="CreateUserModal User Interactions should handle country selection" name="CreateUserModal User Interactions should handle country selection" time="0">
      <skipped/>
    </testcase>
    <testcase classname="CreateUserModal User Interactions should close modal when cancel button is clicked" name="CreateUserModal User Interactions should close modal when cancel button is clicked" time="0.615">
    </testcase>
    <testcase classname="CreateUserModal User Interactions should not close modal when loading" name="CreateUserModal User Interactions should not close modal when loading" time="0">
      <skipped/>
    </testcase>
    <testcase classname="CreateUserModal User Interactions should clear form data when modal closes" name="CreateUserModal User Interactions should clear form data when modal closes" time="1.526">
    </testcase>
    <testcase classname="CreateUserModal User Interactions should clear errors when modal closes" name="CreateUserModal User Interactions should clear errors when modal closes" time="0.914">
    </testcase>
    <testcase classname="CreateUserModal Edge Cases and Data Transformation should trim whitespace from text inputs" name="CreateUserModal Edge Cases and Data Transformation should trim whitespace from text inputs" time="0">
      <skipped/>
    </testcase>
    <testcase classname="CreateUserModal Edge Cases and Data Transformation should convert email to lowercase" name="CreateUserModal Edge Cases and Data Transformation should convert email to lowercase" time="0">
      <skipped/>
    </testcase>
    <testcase classname="CreateUserModal Edge Cases and Data Transformation should convert username to lowercase" name="CreateUserModal Edge Cases and Data Transformation should convert username to lowercase" time="0">
      <skipped/>
    </testcase>
    <testcase classname="CreateUserModal Edge Cases and Data Transformation should omit undefined optional fields from submission" name="CreateUserModal Edge Cases and Data Transformation should omit undefined optional fields from submission" time="0">
      <skipped/>
    </testcase>
    <testcase classname="CreateUserModal Edge Cases and Data Transformation should handle empty strings in optional fields" name="CreateUserModal Edge Cases and Data Transformation should handle empty strings in optional fields" time="0">
      <skipped/>
    </testcase>
    <testcase classname="CreateUserModal Edge Cases and Data Transformation should sync roles across accounts when roles change" name="CreateUserModal Edge Cases and Data Transformation should sync roles across accounts when roles change" time="0">
      <skipped/>
    </testcase>
    <testcase classname="CreateUserModal Error Display and Recovery should display API error in alert" name="CreateUserModal Error Display and Recovery should display API error in alert" time="0">
      <skipped/>
    </testcase>
    <testcase classname="CreateUserModal Error Display and Recovery should allow resubmission after error" name="CreateUserModal Error Display and Recovery should allow resubmission after error" time="0">
      <skipped/>
    </testcase>
    <testcase classname="CreateUserModal Error Display and Recovery should clear API error when modal is closed" name="CreateUserModal Error Display and Recovery should clear API error when modal is closed" time="0">
      <skipped/>
    </testcase>
    <testcase classname="CreateUserModal Helper Text and Labels should display password requirements helper text" name="CreateUserModal Helper Text and Labels should display password requirements helper text" time="0.279">
    </testcase>
    <testcase classname="CreateUserModal Helper Text and Labels should display username format helper text" name="CreateUserModal Helper Text and Labels should display username format helper text" time="0.257">
    </testcase>
    <testcase classname="CreateUserModal Helper Text and Labels should show required asterisk on required fields" name="CreateUserModal Helper Text and Labels should show required asterisk on required fields" time="0.352">
    </testcase>
    <testcase classname="CreateUserModal Accessibility should have proper ARIA labels" name="CreateUserModal Accessibility should have proper ARIA labels" time="0.317">
    </testcase>
    <testcase classname="CreateUserModal Accessibility should associate error messages with inputs" name="CreateUserModal Accessibility should associate error messages with inputs" time="0.68">
    </testcase>
    <testcase classname="CreateUserModal Accessibility should disable escape key when loading" name="CreateUserModal Accessibility should disable escape key when loading" time="7.128">
    </testcase>
  </testsuite>
  <testsuite name="UserDetailsModal" errors="0" failures="0" skipped="0" timestamp="2026-04-14T10:16:59" time="61.707" tests="23">
    <testcase classname="UserDetailsModal Rendering should not render when open is false" name="UserDetailsModal Rendering should not render when open is false" time="0.109">
    </testcase>
    <testcase classname="UserDetailsModal Rendering should render when open is true" name="UserDetailsModal Rendering should render when open is true" time="0.868">
    </testcase>
    <testcase classname="UserDetailsModal Rendering should return null when user is null" name="UserDetailsModal Rendering should return null when user is null" time="0.005">
    </testcase>
    <testcase classname="UserDetailsModal Rendering should display user name" name="UserDetailsModal Rendering should display user name" time="0.183">
    </testcase>
    <testcase classname="UserDetailsModal Rendering should display user status chip" name="UserDetailsModal Rendering should display user status chip" time="0.156">
    </testcase>
    <testcase classname="UserDetailsModal User Information Display should display basic information" name="UserDetailsModal User Information Display should display basic information" time="0.139">
    </testcase>
    <testcase classname="UserDetailsModal User Information Display should display location information" name="UserDetailsModal User Information Display should display location information" time="0.153">
    </testcase>
    <testcase classname="UserDetailsModal User Information Display should display roles" name="UserDetailsModal User Information Display should display roles" time="0.115">
    </testcase>
    <testcase classname="UserDetailsModal User Information Display should display accounts section" name="UserDetailsModal User Information Display should display accounts section" time="0.124">
    </testcase>
    <testcase classname="UserDetailsModal User Information Display should handle missing optional fields" name="UserDetailsModal User Information Display should handle missing optional fields" time="0.127">
    </testcase>
    <testcase classname="UserDetailsModal Status Colors should display success color for ACTIVE status" name="UserDetailsModal Status Colors should display success color for ACTIVE status" time="0.119">
    </testcase>
    <testcase classname="UserDetailsModal Status Colors should display warning color for PENDING status" name="UserDetailsModal Status Colors should display warning color for PENDING status" time="0.143">
    </testcase>
    <testcase classname="UserDetailsModal Status Colors should display error color for BLOCKED status" name="UserDetailsModal Status Colors should display error color for BLOCKED status" time="0.146">
    </testcase>
    <testcase classname="UserDetailsModal Modal Actions should call onClose when Close button is clicked" name="UserDetailsModal Modal Actions should call onClose when Close button is clicked" time="0.509">
    </testcase>
    <testcase classname="UserDetailsModal Modal Actions should call onClose when dialog is dismissed" name="UserDetailsModal Modal Actions should call onClose when dialog is dismissed" time="0.17">
    </testcase>
    <testcase classname="UserDetailsModal Modal Actions should render Edit button when onEdit is provided" name="UserDetailsModal Modal Actions should render Edit button when onEdit is provided" time="0.302">
    </testcase>
    <testcase classname="UserDetailsModal Modal Actions should call onEdit when Edit button is clicked" name="UserDetailsModal Modal Actions should call onEdit when Edit button is clicked" time="0.357">
    </testcase>
    <testcase classname="UserDetailsModal Modal Actions should not render Edit button when onEdit is not provided" name="UserDetailsModal Modal Actions should not render Edit button when onEdit is not provided" time="0.192">
    </testcase>
    <testcase classname="UserDetailsModal Date Formatting should format birth date correctly" name="UserDetailsModal Date Formatting should format birth date correctly" time="0.162">
    </testcase>
    <testcase classname="UserDetailsModal Date Formatting should render without date when missing" name="UserDetailsModal Date Formatting should render without date when missing" time="0.133">
    </testcase>
    <testcase classname="UserDetailsModal Locale and Timezone Display should display locale information" name="UserDetailsModal Locale and Timezone Display should display locale information" time="0.149">
    </testcase>
    <testcase classname="UserDetailsModal Locale and Timezone Display should display timezone information" name="UserDetailsModal Locale and Timezone Display should display timezone information" time="0.137">
    </testcase>
    <testcase classname="UserDetailsModal Notification Consent Display should show notification consent status" name="UserDetailsModal Notification Consent Display should show notification consent status" time="0.109">
    </testcase>
  </testsuite>
  <testsuite name="Profile" errors="0" failures="0" skipped="0" timestamp="2026-04-14T10:16:56" time="66.47" tests="35">
    <testcase classname="Profile loading state shows spinner while fetching" name="Profile loading state shows spinner while fetching" time="0.075">
    </testcase>
    <testcase classname="Profile error states shows error when getSelfUser throws an Error" name="Profile error states shows error when getSelfUser throws an Error" time="0.158">
    </testcase>
    <testcase classname="Profile error states shows generic message for non-Error exception" name="Profile error states shows generic message for non-Error exception" time="0.053">
    </testcase>
    <testcase classname="Profile error states shows error.message when response has no user structure" name="Profile error states shows error.message when response has no user structure" time="0.033">
    </testcase>
    <testcase classname="Profile error states shows fallback error text when message is absent" name="Profile error states shows fallback error text when message is absent" time="0.085">
    </testcase>
    <testcase classname="Profile no-user state shows error when response has no recognisable user structure" name="Profile no-user state shows error when response has no recognisable user structure" time="0.041">
    </testcase>
    <testcase classname="Profile profile display — response.data renders My Profile heading" name="Profile profile display — response.data renders My Profile heading" time="0.457">
    </testcase>
    <testcase classname="Profile profile display — response.data renders username" name="Profile profile display — response.data renders username" time="0.18">
    </testcase>
    <testcase classname="Profile profile display — response.data renders email" name="Profile profile display — response.data renders email" time="0.156">
    </testcase>
    <testcase classname="Profile profile display — response.data renders ACTIVE status chip" name="Profile profile display — response.data renders ACTIVE status chip" time="0.169">
    </testcase>
    <testcase classname="Profile profile display — response.data renders city in address card" name="Profile profile display — response.data renders city in address card" time="0.158">
    </testcase>
    <testcase classname="Profile profile display — response.data renders assigned roles as chips" name="Profile profile display — response.data renders assigned roles as chips" time="0.174">
    </testcase>
    <testcase classname="Profile profile display — response.data renders Enabled for notificationConsent=true" name="Profile profile display — response.data renders Enabled for notificationConsent=true" time="0.123">
    </testcase>
    <testcase classname="Profile profile display — response.data renders Disabled for notificationConsent=false" name="Profile profile display — response.data renders Disabled for notificationConsent=false" time="0.154">
    </testcase>
    <testcase classname="Profile profile display — response.data renders formatted birth date" name="Profile profile display — response.data renders formatted birth date" time="0.151">
    </testcase>
    <testcase classname="Profile profile display — response.data renders Not specified when birthDate is absent" name="Profile profile display — response.data renders Not specified when birthDate is absent" time="0.136">
    </testcase>
    <testcase classname="Profile profile display — response.data renders No roles assigned when roles is empty" name="Profile profile display — response.data renders No roles assigned when roles is empty" time="0.15">
    </testcase>
    <testcase classname="Profile profile display — response.data renders associated accounts section" name="Profile profile display — response.data renders associated accounts section" time="0.149">
    </testcase>
    <testcase classname="Profile profile display — direct response shapes sets user when response has a numeric id field" name="Profile profile display — direct response shapes sets user when response has a numeric id field" time="0.158">
    </testcase>
    <testcase classname="Profile profile display — direct response shapes sets user when response has userName without id" name="Profile profile display — direct response shapes sets user when response has userName without id" time="0.136">
    </testcase>
    <testcase classname="Profile status chip colors — all statuses renders PENDING chip" name="Profile status chip colors — all statuses renders PENDING chip" time="0.139">
    </testcase>
    <testcase classname="Profile status chip colors — all statuses renders BLOCKED chip" name="Profile status chip colors — all statuses renders BLOCKED chip" time="0.151">
    </testcase>
    <testcase classname="Profile status chip colors — all statuses renders REJECTED chip" name="Profile status chip colors — all statuses renders REJECTED chip" time="0.155">
    </testcase>
    <testcase classname="Profile status chip colors — all statuses renders DELETED chip" name="Profile status chip colors — all statuses renders DELETED chip" time="0.168">
    </testcase>
    <testcase classname="Profile status chip colors — all statuses renders DEACTIVATED chip" name="Profile status chip colors — all statuses renders DEACTIVATED chip" time="0.13">
    </testcase>
    <testcase classname="Profile edit mode opens edit dialog when Edit Profile icon is clicked" name="Profile edit mode opens edit dialog when Edit Profile icon is clicked" time="1.128">
    </testcase>
    <testcase classname="Profile edit mode closes edit dialog on Cancel" name="Profile edit mode closes edit dialog on Cancel" time="1.99">
    </testcase>
    <testcase classname="Profile edit mode shows No changes detected when nothing was changed" name="Profile edit mode shows No changes detected when nothing was changed" time="1.306">
    </testcase>
    <testcase classname="Profile edit mode saves changes and shows success message" name="Profile edit mode saves changes and shows success message" time="1.75">
    </testcase>
    <testcase classname="Profile edit mode shows error when updateSelfUser rejects" name="Profile edit mode shows error when updateSelfUser rejects" time="1.361">
    </testcase>
    <testcase classname="Profile edit mode shows error from response.message when update returns no data" name="Profile edit mode shows error from response.message when update returns no data" time="1.369">
    </testcase>
    <testcase classname="Profile edit mode shows fallback Failed to update profile when response has no message" name="Profile edit mode shows fallback Failed to update profile when response has no message" time="1.547">
    </testcase>
    <testcase classname="Profile formatDate edge cases returns Not specified when birthDate is undefined" name="Profile formatDate edge cases returns Not specified when birthDate is undefined" time="0.152">
    </testcase>
    <testcase classname="Profile formatDate edge cases returns the raw string for unparseable dates" name="Profile formatDate edge cases returns the raw string for unparseable dates" time="0.159">
    </testcase>
    <testcase classname="Profile getStatusColor edge cases applies default chip color for an unrecognised status value" name="Profile getStatusColor edge cases applies default chip color for an unrecognised status value" time="0.165">
    </testcase>
  </testsuite>
  <testsuite name="ScopeManagement" errors="0" failures="0" skipped="13" timestamp="2026-04-14T10:17:08" time="69.04" tests="24">
    <testcase classname="ScopeManagement Basic Rendering renders the scope management page with title" name="ScopeManagement Basic Rendering renders the scope management page with title" time="0.616">
    </testcase>
    <testcase classname="ScopeManagement Basic Rendering renders search input and add button" name="ScopeManagement Basic Rendering renders search input and add button" time="0.727">
    </testcase>
    <testcase classname="ScopeManagement Scope Loading shows loading state initially" name="ScopeManagement Scope Loading shows loading state initially" time="0.273">
    </testcase>
    <testcase classname="ScopeManagement Scope Loading loads and displays scopes successfully" name="ScopeManagement Scope Loading loads and displays scopes successfully" time="0.808">
    </testcase>
    <testcase classname="ScopeManagement Scope Loading displays error message when loading fails" name="ScopeManagement Scope Loading displays error message when loading fails" time="0.407">
    </testcase>
    <testcase classname="ScopeManagement Search Functionality triggers search when typing in search field" name="ScopeManagement Search Functionality triggers search when typing in search field" time="1.214">
    </testcase>
    <testcase classname="ScopeManagement Search Functionality resets page to 0 when searching" name="ScopeManagement Search Functionality resets page to 0 when searching" time="0">
      <skipped/>
    </testcase>
    <testcase classname="ScopeManagement Pagination changes page when next button clicked" name="ScopeManagement Pagination changes page when next button clicked" time="1.511">
    </testcase>
    <testcase classname="ScopeManagement Pagination changes rows per page" name="ScopeManagement Pagination changes rows per page" time="1.42">
    </testcase>
    <testcase classname="ScopeManagement Scope Type Display displays administrative badge for administrative scopes" name="ScopeManagement Scope Type Display displays administrative badge for administrative scopes" time="0.327">
    </testcase>
    <testcase classname="ScopeManagement Scope Type Display displays predefined badge for predefined scopes" name="ScopeManagement Scope Type Display displays predefined badge for predefined scopes" time="0">
      <skipped/>
    </testcase>
    <testcase classname="ScopeManagement Create Scope opens dialog when Add Scope button clicked" name="ScopeManagement Create Scope opens dialog when Add Scope button clicked" time="0">
      <skipped/>
    </testcase>
    <testcase classname="ScopeManagement Create Scope creates new scope with valid data" name="ScopeManagement Create Scope creates new scope with valid data" time="0">
      <skipped/>
    </testcase>
    <testcase classname="ScopeManagement Create Scope shows validation errors for invalid scope name" name="ScopeManagement Create Scope shows validation errors for invalid scope name" time="0">
      <skipped/>
    </testcase>
    <testcase classname="ScopeManagement Edit Scope opens edit dialog with scope data" name="ScopeManagement Edit Scope opens edit dialog with scope data" time="0">
      <skipped/>
    </testcase>
    <testcase classname="ScopeManagement Edit Scope updates scope with new data" name="ScopeManagement Edit Scope updates scope with new data" time="0">
      <skipped/>
    </testcase>
    <testcase classname="ScopeManagement Edit Scope does not allow editing predefined scopes" name="ScopeManagement Edit Scope does not allow editing predefined scopes" time="0.635">
    </testcase>
    <testcase classname="ScopeManagement Delete Scope opens delete confirmation dialog" name="ScopeManagement Delete Scope opens delete confirmation dialog" time="0">
      <skipped/>
    </testcase>
    <testcase classname="ScopeManagement Delete Scope deletes scope when confirmed" name="ScopeManagement Delete Scope deletes scope when confirmed" time="0">
      <skipped/>
    </testcase>
    <testcase classname="ScopeManagement Delete Scope does not allow deleting predefined scopes" name="ScopeManagement Delete Scope does not allow deleting predefined scopes" time="0.618">
    </testcase>
    <testcase classname="ScopeManagement Delete Scope closes dialog when cancel button clicked" name="ScopeManagement Delete Scope closes dialog when cancel button clicked" time="0">
      <skipped/>
    </testcase>
    <testcase classname="ScopeManagement Refresh Functionality refreshes scope list and clears search" name="ScopeManagement Refresh Functionality refreshes scope list and clears search" time="0">
      <skipped/>
    </testcase>
    <testcase classname="ScopeManagement Empty State displays message when no scopes found" name="ScopeManagement Empty State displays message when no scopes found" time="0">
      <skipped/>
    </testcase>
    <testcase classname="ScopeManagement Error Recovery retries loading after error" name="ScopeManagement Error Recovery retries loading after error" time="0">
      <skipped/>
    </testcase>
  </testsuite>
  <testsuite name="DeleteUserDialog" errors="0" failures="0" skipped="1" timestamp="2026-04-14T10:17:00" time="77.561" tests="39">
    <testcase classname="DeleteUserDialog Rendering should render dialog when open is true" name="DeleteUserDialog Rendering should render dialog when open is true" time="0.523">
    </testcase>
    <testcase classname="DeleteUserDialog Rendering should not render dialog when open is false" name="DeleteUserDialog Rendering should not render dialog when open is false" time="0.013">
    </testcase>
    <testcase classname="DeleteUserDialog Rendering should not render when user is null" name="DeleteUserDialog Rendering should not render when user is null" time="0.04">
    </testcase>
    <testcase classname="DeleteUserDialog Rendering should render warning alert" name="DeleteUserDialog Rendering should render warning alert" time="0.123">
    </testcase>
    <testcase classname="DeleteUserDialog Rendering should display user information" name="DeleteUserDialog Rendering should display user information" time="0.223">
    </testcase>
    <testcase classname="DeleteUserDialog Rendering should display user status as chip" name="DeleteUserDialog Rendering should display user status as chip" time="0.138">
    </testcase>
    <testcase classname="DeleteUserDialog Rendering should display associated accounts" name="DeleteUserDialog Rendering should display associated accounts" time="0.12">
    </testcase>
    <testcase classname="DeleteUserDialog Rendering should render confirmation checkbox" name="DeleteUserDialog Rendering should render confirmation checkbox" time="0.198">
    </testcase>
    <testcase classname="DeleteUserDialog Rendering should render action buttons" name="DeleteUserDialog Rendering should render action buttons" time="0.4">
    </testcase>
    <testcase classname="DeleteUserDialog Rendering should have delete button disabled by default" name="DeleteUserDialog Rendering should have delete button disabled by default" time="0.291">
    </testcase>
    <testcase classname="DeleteUserDialog User Status Colors should display ACTIVE status with success color" name="DeleteUserDialog User Status Colors should display ACTIVE status with success color" time="0.103">
    </testcase>
    <testcase classname="DeleteUserDialog User Status Colors should display PENDING status with warning color" name="DeleteUserDialog User Status Colors should display PENDING status with warning color" time="0.115">
    </testcase>
    <testcase classname="DeleteUserDialog User Status Colors should display BLOCKED status with error color" name="DeleteUserDialog User Status Colors should display BLOCKED status with error color" time="0.085">
    </testcase>
    <testcase classname="DeleteUserDialog User Status Colors should display REJECTED status with error color" name="DeleteUserDialog User Status Colors should display REJECTED status with error color" time="0.084">
    </testcase>
    <testcase classname="DeleteUserDialog User Status Colors should display DEACTIVATED status with default color" name="DeleteUserDialog User Status Colors should display DEACTIVATED status with default color" time="0.089">
    </testcase>
    <testcase classname="DeleteUserDialog Checkbox Interaction should enable delete button when checkbox is checked" name="DeleteUserDialog Checkbox Interaction should enable delete button when checkbox is checked" time="0.649">
    </testcase>
    <testcase classname="DeleteUserDialog Checkbox Interaction should disable delete button when checkbox is unchecked" name="DeleteUserDialog Checkbox Interaction should disable delete button when checkbox is unchecked" time="0.665">
    </testcase>
    <testcase classname="DeleteUserDialog Delete Functionality should call deleteUserV1 when delete button is clicked" name="DeleteUserDialog Delete Functionality should call deleteUserV1 when delete button is clicked" time="0.838">
    </testcase>
    <testcase classname="DeleteUserDialog Delete Functionality should call onUserDeleted on successful deletion" name="DeleteUserDialog Delete Functionality should call onUserDeleted on successful deletion" time="0.788">
    </testcase>
    <testcase classname="DeleteUserDialog Delete Functionality should call onClose on successful deletion" name="DeleteUserDialog Delete Functionality should call onClose on successful deletion" time="0.705">
    </testcase>
    <testcase classname="DeleteUserDialog Delete Functionality should display loading state during deletion" name="DeleteUserDialog Delete Functionality should display loading state during deletion" time="0">
      <skipped/>
    </testcase>
    <testcase classname="DeleteUserDialog Delete Functionality should disable buttons during deletion" name="DeleteUserDialog Delete Functionality should disable buttons during deletion" time="0.816">
    </testcase>
    <testcase classname="DeleteUserDialog Error Handling should display error message when deletion fails" name="DeleteUserDialog Error Handling should display error message when deletion fails" time="0.73">
    </testcase>
    <testcase classname="DeleteUserDialog Error Handling should display error when API returns non-SUCCESS code" name="DeleteUserDialog Error Handling should display error when API returns non-SUCCESS code" time="1.002">
    </testcase>
    <testcase classname="DeleteUserDialog Error Handling should handle 403 Forbidden error" name="DeleteUserDialog Error Handling should handle 403 Forbidden error" time="0.85">
    </testcase>
    <testcase classname="DeleteUserDialog Error Handling should handle 404 Not Found error" name="DeleteUserDialog Error Handling should handle 404 Not Found error" time="0.759">
    </testcase>
    <testcase classname="DeleteUserDialog Error Handling should handle 409 Conflict error" name="DeleteUserDialog Error Handling should handle 409 Conflict error" time="0.664">
    </testcase>
    <testcase classname="DeleteUserDialog Error Handling should handle 500 Internal Server Error" name="DeleteUserDialog Error Handling should handle 500 Internal Server Error" time="0.584">
    </testcase>
    <testcase classname="DeleteUserDialog Error Handling should not call onUserDeleted on error" name="DeleteUserDialog Error Handling should not call onUserDeleted on error" time="0.736">
    </testcase>
    <testcase classname="DeleteUserDialog Error Handling should not close dialog on error" name="DeleteUserDialog Error Handling should not close dialog on error" time="0.674">
    </testcase>
    <testcase classname="DeleteUserDialog Cancel Functionality should call onClose when cancel button is clicked" name="DeleteUserDialog Cancel Functionality should call onClose when cancel button is clicked" time="0.258">
    </testcase>
    <testcase classname="DeleteUserDialog Cancel Functionality should reset confirmation checkbox on cancel" name="DeleteUserDialog Cancel Functionality should reset confirmation checkbox on cancel" time="0.575">
    </testcase>
    <testcase classname="DeleteUserDialog Cancel Functionality should clear error message on cancel" name="DeleteUserDialog Cancel Functionality should clear error message on cancel" time="1.266">
    </testcase>
    <testcase classname="DeleteUserDialog Edge Cases should handle user without accounts" name="DeleteUserDialog Edge Cases should handle user without accounts" time="0.068">
    </testcase>
    <testcase classname="DeleteUserDialog Edge Cases should handle user with undefined accounts" name="DeleteUserDialog Edge Cases should handle user with undefined accounts" time="0.067">
    </testcase>
    <testcase classname="DeleteUserDialog Edge Cases should not attempt deletion without user" name="DeleteUserDialog Edge Cases should not attempt deletion without user" time="0.06">
    </testcase>
    <testcase classname="DeleteUserDialog Edge Cases should not attempt deletion without confirmation" name="DeleteUserDialog Edge Cases should not attempt deletion without confirmation" time="0.176">
    </testcase>
    <testcase classname="DeleteUserDialog Edge Cases should handle single account" name="DeleteUserDialog Edge Cases should handle single account" time="0.066">
    </testcase>
    <testcase classname="DeleteUserDialog Edge Cases should handle account with single role" name="DeleteUserDialog Edge Cases should handle account with single role" time="0.06">
    </testcase>
  </testsuite>
  <testsuite name="UserManagement" errors="0" failures="0" skipped="1" timestamp="2026-04-14T10:15:18" time="180.901" tests="49">
    <testcase classname="UserManagement Initial Load should render loading state initially" name="UserManagement Initial Load should render loading state initially" time="1.01">
    </testcase>
    <testcase classname="UserManagement Initial Load should load and display users" name="UserManagement Initial Load should load and display users" time="0.903">
    </testcase>
    <testcase classname="UserManagement Initial Load should show empty state when no users are available" name="UserManagement Initial Load should show empty state when no users are available" time="0.962">
    </testcase>
    <testcase classname="UserManagement Initial Load should handle load error" name="UserManagement Initial Load should handle load error" time="1.015">
    </testcase>
    <testcase classname="UserManagement Initial Load should handle invalid response format" name="UserManagement Initial Load should handle invalid response format" time="0.828">
    </testcase>
    <testcase classname="UserManagement Status Display should display correct status chips for different user statuses" name="UserManagement Status Display should display correct status chips for different user statuses" time="1.233">
    </testcase>
    <testcase classname="UserManagement Status Display should return correct status colors" name="UserManagement Status Display should return correct status colors" time="0.947">
    </testcase>
    <testcase classname="UserManagement Search Functionality should filter users when searching" name="UserManagement Search Functionality should filter users when searching" time="4.364">
    </testcase>
    <testcase classname="UserManagement Search Functionality should handle search with whitespace" name="UserManagement Search Functionality should handle search with whitespace" time="3.133">
    </testcase>
    <testcase classname="UserManagement Search Functionality should not add userNames filter when search is empty" name="UserManagement Search Functionality should not add userNames filter when search is empty" time="0">
      <skipped/>
    </testcase>
    <testcase classname="UserManagement Search Functionality should reset to first page when searching" name="UserManagement Search Functionality should reset to first page when searching" time="1.633">
    </testcase>
    <testcase classname="UserManagement Status Filter Functionality should display status filter dropdown" name="UserManagement Status Filter Functionality should display status filter dropdown" time="1.024">
    </testcase>
    <testcase classname="UserManagement Status Filter Functionality should filter users by ACTIVE status" name="UserManagement Status Filter Functionality should filter users by ACTIVE status" time="2.901">
    </testcase>
    <testcase classname="UserManagement Status Filter Functionality should filter users by PENDING status" name="UserManagement Status Filter Functionality should filter users by PENDING status" time="2.805">
    </testcase>
    <testcase classname="UserManagement Status Filter Functionality should filter users by BLOCKED status" name="UserManagement Status Filter Functionality should filter users by BLOCKED status" time="2.434">
    </testcase>
    <testcase classname="UserManagement Status Filter Functionality should filter users by REJECTED status" name="UserManagement Status Filter Functionality should filter users by REJECTED status" time="3.037">
    </testcase>
    <testcase classname="UserManagement Status Filter Functionality should filter users by DEACTIVATED status" name="UserManagement Status Filter Functionality should filter users by DEACTIVATED status" time="2.471">
    </testcase>
    <testcase classname="UserManagement Status Filter Functionality should clear status filter when selecting &quot;All Status&quot;" name="UserManagement Status Filter Functionality should clear status filter when selecting &quot;All Status&quot;" time="3.487">
    </testcase>
    <testcase classname="UserManagement Status Filter Functionality should combine search term and status filter" name="UserManagement Status Filter Functionality should combine search term and status filter" time="3.462">
    </testcase>
    <testcase classname="UserManagement Status Filter Functionality should reset to first page when changing status filter" name="UserManagement Status Filter Functionality should reset to first page when changing status filter" time="2.146">
    </testcase>
    <testcase classname="UserManagement Pagination should display default page size as 10" name="UserManagement Pagination should display default page size as 10" time="0.764">
    </testcase>
    <testcase classname="UserManagement Pagination should handle page change" name="UserManagement Pagination should handle page change" time="2.811">
    </testcase>
    <testcase classname="UserManagement Pagination should handle rows per page change" name="UserManagement Pagination should handle rows per page change" time="1.725">
    </testcase>
    <testcase classname="UserManagement Pagination should maintain filters when changing pages" name="UserManagement Pagination should maintain filters when changing pages" time="4.944">
    </testcase>
    <testcase classname="UserManagement Pagination should call API with correct search parameters" name="UserManagement Pagination should call API with correct search parameters" time="0.785">
    </testcase>
    <testcase classname="UserManagement User Actions should open create user modal" name="UserManagement User Actions should open create user modal" time="1.475">
    </testcase>
    <testcase classname="UserManagement User Actions should open actions menu when clicking more actions button" name="UserManagement User Actions should open actions menu when clicking more actions button" time="1.898">
    </testcase>
    <testcase classname="UserManagement User Actions should open view details modal" name="UserManagement User Actions should open view details modal" time="2.348">
    </testcase>
    <testcase classname="UserManagement User Actions should open view modal when clicking on table row" name="UserManagement User Actions should open view modal when clicking on table row" time="1.265">
    </testcase>
    <testcase classname="UserManagement User Actions should open edit modal from menu" name="UserManagement User Actions should open edit modal from menu" time="2.394">
    </testcase>
    <testcase classname="UserManagement User Actions should open edit modal from details modal" name="UserManagement User Actions should open edit modal from details modal" time="1.896">
    </testcase>
    <testcase classname="UserManagement User Actions should open manage accounts modal" name="UserManagement User Actions should open manage accounts modal" time="2.121">
    </testcase>
    <testcase classname="UserManagement User Actions should open delete dialog" name="UserManagement User Actions should open delete dialog" time="2.186">
    </testcase>
    <testcase classname="UserManagement Modal Interactions should reload users after creating a user" name="UserManagement Modal Interactions should reload users after creating a user" time="1.703">
    </testcase>
    <testcase classname="UserManagement Modal Interactions should reload users after updating a user" name="UserManagement Modal Interactions should reload users after updating a user" time="3.039">
    </testcase>
    <testcase classname="UserManagement Modal Interactions should reload users after deleting a user" name="UserManagement Modal Interactions should reload users after deleting a user" time="2.719">
    </testcase>
    <testcase classname="UserManagement Modal Interactions should reload users after managing accounts" name="UserManagement Modal Interactions should reload users after managing accounts" time="2.95">
    </testcase>
    <testcase classname="UserManagement Modal Interactions should close modals without reloading when cancelled" name="UserManagement Modal Interactions should close modals without reloading when cancelled" time="2.488">
    </testcase>
    <testcase classname="UserManagement Snackbar Messages should auto-hide snackbar after 6 seconds" name="UserManagement Snackbar Messages should auto-hide snackbar after 6 seconds" time="1.643">
    </testcase>
    <testcase classname="UserManagement Snackbar Messages should close snackbar when clicking close button" name="UserManagement Snackbar Messages should close snackbar when clicking close button" time="2.261">
    </testcase>
    <testcase classname="UserManagement Account Display should display user accounts with roles" name="UserManagement Account Display should display user accounts with roles" time="0.879">
    </testcase>
    <testcase classname="UserManagement Account Display should handle users with no accounts" name="UserManagement Account Display should handle users with no accounts" time="0.972">
    </testcase>
    <testcase classname="UserManagement Error Handling should clear error when dismiss button is clicked" name="UserManagement Error Handling should clear error when dismiss button is clicked" time="0.856">
    </testcase>
    <testcase classname="UserManagement Admin Sessions should open admin sessions modal when clicking Manage Active Sessions" name="UserManagement Admin Sessions should open admin sessions modal when clicking Manage Active Sessions" time="2.176">
    </testcase>
    <testcase classname="UserManagement Admin Sessions should close admin sessions modal" name="UserManagement Admin Sessions should close admin sessions modal" time="2.485">
    </testcase>
    <testcase classname="UserManagement Response Format Handling should handle response wrapped in data property" name="UserManagement Response Format Handling should handle response wrapped in data property" time="0.736">
    </testcase>
    <testcase classname="UserManagement Response Format Handling should fetch total count when page is exactly full (rowsPerPage=10)" name="UserManagement Response Format Handling should fetch total count when page is exactly full (rowsPerPage=10)" time="0.218">
    </testcase>
    <testcase classname="UserManagement Response Format Handling should handle total count fetch failure gracefully" name="UserManagement Response Format Handling should handle total count fetch failure gracefully" time="0.949">
    </testcase>
    <testcase classname="UserManagement Response Format Handling should handle total count response wrapped in data property" name="UserManagement Response Format Handling should handle total count response wrapped in data property" time="0.771">
    </testcase>
  </testsuite>
  <testsuite name="AccountManagement" errors="0" failures="0" skipped="0" timestamp="2026-04-14T10:17:29" time="54.918" tests="10">
    <testcase classname="AccountManagement renders account management title" name="AccountManagement renders account management title" time="0.772">
    </testcase>
    <testcase classname="AccountManagement displays subtitle" name="AccountManagement displays subtitle" time="0.371">
    </testcase>
    <testcase classname="AccountManagement displays accounts after loading" name="AccountManagement displays accounts after loading" time="0.926">
    </testcase>
    <testcase classname="AccountManagement displays account statuses with correct colors" name="AccountManagement displays account statuses with correct colors" time="0.865">
    </testcase>
    <testcase classname="AccountManagement displays account roles" name="AccountManagement displays account roles" time="0.842">
    </testcase>
    <testcase classname="AccountManagement shows &quot;No roles&quot; for accounts without roles" name="AccountManagement shows &quot;No roles&quot; for accounts without roles" time="0.847">
    </testcase>
    <testcase classname="AccountManagement displays account created by information" name="AccountManagement displays account created by information" time="0.817">
    </testcase>
    <testcase classname="AccountManagement displays create account button" name="AccountManagement displays create account button" time="0.946">
    </testcase>
    <testcase classname="AccountManagement calls filterAccounts on mount" name="AccountManagement calls filterAccounts on mount" time="0.292">
    </testcase>
    <testcase classname="AccountManagement displays loading state" name="AccountManagement displays loading state" time="0.39">
    </testcase>
  </testsuite>
  <testsuite name="DeleteAccountDialog" errors="0" failures="0" skipped="0" timestamp="2026-04-14T10:17:33" time="56.766" tests="21">
    <testcase classname="DeleteAccountDialog Rendering should not render when account is null" name="DeleteAccountDialog Rendering should not render when account is null" time="0.023">
    </testcase>
    <testcase classname="DeleteAccountDialog Rendering renders when open with all account details" name="DeleteAccountDialog Rendering renders when open with all account details" time="0.598">
    </testcase>
    <testcase classname="DeleteAccountDialog Rendering should render without parentId" name="DeleteAccountDialog Rendering should render without parentId" time="0.094">
    </testcase>
    <testcase classname="DeleteAccountDialog Rendering should render without roles" name="DeleteAccountDialog Rendering should render without roles" time="0.106">
    </testcase>
    <testcase classname="DeleteAccountDialog Rendering should render status chips for different statuses" name="DeleteAccountDialog Rendering should render status chips for different statuses" time="0.374">
    </testcase>
    <testcase classname="DeleteAccountDialog Rendering displays confirmation warning" name="DeleteAccountDialog Rendering displays confirmation warning" time="0.06">
    </testcase>
    <testcase classname="DeleteAccountDialog Rendering displays precautionary checklist" name="DeleteAccountDialog Rendering displays precautionary checklist" time="0.065">
    </testcase>
    <testcase classname="DeleteAccountDialog User Interactions calls onClose when cancel is clicked" name="DeleteAccountDialog User Interactions calls onClose when cancel is clicked" time="0.313">
    </testcase>
    <testcase classname="DeleteAccountDialog User Interactions successfully deletes account and calls callbacks" name="DeleteAccountDialog User Interactions successfully deletes account and calls callbacks" time="0.339">
    </testcase>
    <testcase classname="DeleteAccountDialog User Interactions displays loading state during deletion" name="DeleteAccountDialog User Interactions displays loading state during deletion" time="0.336">
    </testcase>
    <testcase classname="DeleteAccountDialog Error Handling handles error from API response" name="DeleteAccountDialog Error Handling handles error from API response" time="0.41">
    </testcase>
    <testcase classname="DeleteAccountDialog Error Handling handles 400 error" name="DeleteAccountDialog Error Handling handles 400 error" time="0.513">
    </testcase>
    <testcase classname="DeleteAccountDialog Error Handling handles 401 error" name="DeleteAccountDialog Error Handling handles 401 error" time="0.654">
    </testcase>
    <testcase classname="DeleteAccountDialog Error Handling handles 403 error" name="DeleteAccountDialog Error Handling handles 403 error" time="0.492">
    </testcase>
    <testcase classname="DeleteAccountDialog Error Handling handles 404 error" name="DeleteAccountDialog Error Handling handles 404 error" time="0.44">
    </testcase>
    <testcase classname="DeleteAccountDialog Error Handling handles 409 error" name="DeleteAccountDialog Error Handling handles 409 error" time="0.557">
    </testcase>
    <testcase classname="DeleteAccountDialog Error Handling handles 500 error" name="DeleteAccountDialog Error Handling handles 500 error" time="0.471">
    </testcase>
    <testcase classname="DeleteAccountDialog Error Handling handles Error object" name="DeleteAccountDialog Error Handling handles Error object" time="0.342">
    </testcase>
    <testcase classname="DeleteAccountDialog Error Handling clears error when close icon is clicked" name="DeleteAccountDialog Error Handling clears error when close icon is clicked" time="0.618">
    </testcase>
    <testcase classname="DeleteAccountDialog Error Handling clears error state when dialog closes" name="DeleteAccountDialog Error Handling clears error state when dialog closes" time="0.837">
    </testcase>
    <testcase classname="DeleteAccountDialog Error Handling prevents closing dialog during deletion" name="DeleteAccountDialog Error Handling prevents closing dialog during deletion" time="0.641">
    </testcase>
  </testsuite>
  <testsuite name="EditAccountModal" errors="0" failures="0" skipped="4" timestamp="2026-04-14T10:18:18" time="13.491" tests="23">
    <testcase classname="EditAccountModal should render modal when open with account" name="EditAccountModal should render modal when open with account" time="0.691">
    </testcase>
    <testcase classname="EditAccountModal should not render when account is null" name="EditAccountModal should not render when account is null" time="0.006">
    </testcase>
    <testcase classname="EditAccountModal should render account name as disabled field" name="EditAccountModal should render account name as disabled field" time="0.327">
    </testcase>
    <testcase classname="EditAccountModal should render account ID as disabled field" name="EditAccountModal should render account ID as disabled field" time="0.342">
    </testcase>
    <testcase classname="EditAccountModal should initialize form with account data" name="EditAccountModal should initialize form with account data" time="0">
      <skipped/>
    </testcase>
    <testcase classname="EditAccountModal should handle parent ID change" name="EditAccountModal should handle parent ID change" time="0.43">
    </testcase>
    <testcase classname="EditAccountModal should handle status change" name="EditAccountModal should handle status change" time="0">
      <skipped/>
    </testcase>
    <testcase classname="EditAccountModal should validate parent ID as positive number" name="EditAccountModal should validate parent ID as positive number" time="0.575">
    </testcase>
    <testcase classname="EditAccountModal should successfully update account" name="EditAccountModal should successfully update account" time="0">
      <skipped/>
    </testcase>
    <testcase classname="EditAccountModal should handle update error" name="EditAccountModal should handle update error" time="0.724">
    </testcase>
    <testcase classname="EditAccountModal should handle network error" name="EditAccountModal should handle network error" time="0.686">
    </testcase>
    <testcase classname="EditAccountModal should disable form during submission" name="EditAccountModal should disable form during submission" time="0.426">
    </testcase>
    <testcase classname="EditAccountModal should call onClose when Cancel button is clicked" name="EditAccountModal should call onClose when Cancel button is clicked" time="0.252">
    </testcase>
    <testcase classname="EditAccountModal should not close modal when loading" name="EditAccountModal should not close modal when loading" time="0.453">
    </testcase>
    <testcase classname="EditAccountModal should display account creation info" name="EditAccountModal should display account creation info" time="0.218">
    </testcase>
    <testcase classname="EditAccountModal should handle missing creation info" name="EditAccountModal should handle missing creation info" time="0.255">
    </testcase>
    <testcase classname="EditAccountModal should clear field error when user starts typing" name="EditAccountModal should clear field error when user starts typing" time="0.571">
    </testcase>
    <testcase classname="EditAccountModal should dismiss error alert" name="EditAccountModal should dismiss error alert" time="0.53">
    </testcase>
    <testcase classname="EditAccountModal should show all status options" name="EditAccountModal should show all status options" time="0">
      <skipped/>
    </testcase>
    <testcase classname="EditAccountModal should reinitialize form when modal opens with different account" name="EditAccountModal should reinitialize form when modal opens with different account" time="0.333">
    </testcase>
    <testcase classname="EditAccountModal should handle account without roles" name="EditAccountModal should handle account without roles" time="0.187">
    </testcase>
    <testcase classname="EditAccountModal should require status field" name="EditAccountModal should require status field" time="0.176">
    </testcase>
    <testcase classname="EditAccountModal should handle empty parent ID" name="EditAccountModal should handle empty parent ID" time="0.515">
    </testcase>
  </testsuite>
  <testsuite name="ChangePassword Component" errors="0" failures="0" skipped="0" timestamp="2026-04-14T10:17:35" time="59.596" tests="8">
    <testcase classname="ChangePassword Component should render change password page" name="ChangePassword Component should render change password page" time="0.71">
    </testcase>
    <testcase classname="ChangePassword Component should call API and show success message on button click" name="ChangePassword Component should call API and show success message on button click" time="0.43">
    </testcase>
    <testcase classname="ChangePassword Component should show error message if API fails" name="ChangePassword Component should show error message if API fails" time="2.123">
    </testcase>
    <testcase classname="ChangePassword Component should navigate back to profile on cancel" name="ChangePassword Component should navigate back to profile on cancel" time="0.865">
    </testcase>
    <testcase classname="ChangePassword Component should show loading state during API call" name="ChangePassword Component should show loading state during API call" time="0.146">
    </testcase>
    <testcase classname="ChangePassword Component should disable cancel button during loading" name="ChangePassword Component should disable cancel button during loading" time="0.216">
    </testcase>
    <testcase classname="ChangePassword Component should show back to profile button after success" name="ChangePassword Component should show back to profile button after success" time="0.305">
    </testcase>
    <testcase classname="ChangePassword Component should handle rate limit error" name="ChangePassword Component should handle rate limit error" time="0.169">
    </testcase>
  </testsuite>
  <testsuite name="User Approval Index Exports" errors="0" failures="0" skipped="0" timestamp="2026-04-14T10:17:39" time="57.498" tests="4">
    <testcase classname="User Approval Index Exports should export UserApproval component" name="User Approval Index Exports should export UserApproval component" time="0.004">
    </testcase>
    <testcase classname="User Approval Index Exports should be a valid React component" name="User Approval Index Exports should be a valid React component" time="0.002">
    </testcase>
    <testcase classname="User Approval Index Exports should have UserApproval in exports" name="User Approval Index Exports should have UserApproval in exports" time="0.002">
    </testcase>
    <testcase classname="User Approval Index Exports should have exactly one named export" name="User Approval Index Exports should have exactly one named export" time="0.002">
    </testcase>
  </testsuite>
  <testsuite name="CreateAccountModal" errors="0" failures="0" skipped="1" timestamp="2026-04-14T10:18:24" time="12.97" tests="22">
    <testcase classname="CreateAccountModal should render modal when open" name="CreateAccountModal should render modal when open" time="0.757">
    </testcase>
    <testcase classname="CreateAccountModal should not render when open is false" name="CreateAccountModal should not render when open is false" time="0.007">
    </testcase>
    <testcase classname="CreateAccountModal should render all form fields" name="CreateAccountModal should render all form fields" time="0.154">
    </testcase>
    <testcase classname="CreateAccountModal should enable Create button when account name is filled" name="CreateAccountModal should enable Create button when account name is filled" time="0.395">
    </testcase>
    <testcase classname="CreateAccountModal should handle account name input change" name="CreateAccountModal should handle account name input change" time="0.221">
    </testcase>
    <testcase classname="CreateAccountModal should handle parent ID input change" name="CreateAccountModal should handle parent ID input change" time="0.225">
    </testcase>
    <testcase classname="CreateAccountModal should validate required account name" name="CreateAccountModal should validate required account name" time="0.341">
    </testcase>
    <testcase classname="CreateAccountModal should validate account name length" name="CreateAccountModal should validate account name length" time="0.3">
    </testcase>
    <testcase classname="CreateAccountModal should validate parent ID as positive number" name="CreateAccountModal should validate parent ID as positive number" time="0.316">
    </testcase>
    <testcase classname="CreateAccountModal should successfully create account" name="CreateAccountModal should successfully create account" time="0.307">
    </testcase>
    <testcase classname="CreateAccountModal should create account with parent ID" name="CreateAccountModal should create account with parent ID" time="0.352">
    </testcase>
    <testcase classname="CreateAccountModal should handle create account error" name="CreateAccountModal should handle create account error" time="0.367">
    </testcase>
    <testcase classname="CreateAccountModal should handle network error" name="CreateAccountModal should handle network error" time="0.375">
    </testcase>
    <testcase classname="CreateAccountModal should disable form during submission" name="CreateAccountModal should disable form during submission" time="0.261">
    </testcase>
    <testcase classname="CreateAccountModal should call onClose when Cancel button is clicked" name="CreateAccountModal should call onClose when Cancel button is clicked" time="0.161">
    </testcase>
    <testcase classname="CreateAccountModal should not close modal when loading" name="CreateAccountModal should not close modal when loading" time="0.301">
    </testcase>
    <testcase classname="CreateAccountModal should reset form when modal opens" name="CreateAccountModal should reset form when modal opens" time="0.108">
    </testcase>
    <testcase classname="CreateAccountModal should clear field error when user starts typing" name="CreateAccountModal should clear field error when user starts typing" time="0">
      <skipped/>
    </testcase>
    <testcase classname="CreateAccountModal should display loading state for roles" name="CreateAccountModal should display loading state for roles" time="0.102">
    </testcase>
    <testcase classname="CreateAccountModal should trim account name before submission" name="CreateAccountModal should trim account name before submission" time="0.31">
    </testcase>
    <testcase classname="CreateAccountModal should show loading spinner during submission" name="CreateAccountModal should show loading spinner during submission" time="0.292">
    </testcase>
    <testcase classname="CreateAccountModal should dismiss error alert" name="CreateAccountModal should dismiss error alert" time="0.41">
    </testcase>
  </testsuite>
  <testsuite name="AccountRoleSelector" errors="0" failures="0" skipped="0" timestamp="2026-04-14T10:18:31" time="8.004" tests="18">
    <testcase classname="AccountRoleSelector Rendering renders component with description text" name="AccountRoleSelector Rendering renders component with description text" time="0.132">
    </testcase>
    <testcase classname="AccountRoleSelector Rendering renders all account mappings" name="AccountRoleSelector Rendering renders all account mappings" time="0.063">
    </testcase>
    <testcase classname="AccountRoleSelector Rendering displays &quot;User&apos;s Current Account&quot; chip for existing accounts" name="AccountRoleSelector Rendering displays &quot;User&apos;s Current Account&quot; chip for existing accounts" time="0.057">
    </testcase>
    <testcase classname="AccountRoleSelector Rendering displays &quot;Available Account&quot; chip for new accounts" name="AccountRoleSelector Rendering displays &quot;Available Account&quot; chip for new accounts" time="0.055">
    </testcase>
    <testcase classname="AccountRoleSelector Rendering shows role selector for selected accounts" name="AccountRoleSelector Rendering shows role selector for selected accounts" time="0.049">
    </testcase>
    <testcase classname="AccountRoleSelector Rendering shows info text for unselected accounts" name="AccountRoleSelector Rendering shows info text for unselected accounts" time="0.053">
    </testcase>
    <testcase classname="AccountRoleSelector Account Toggle calls onAccountToggle when checkbox is clicked" name="AccountRoleSelector Account Toggle calls onAccountToggle when checkbox is clicked" time="0.149">
    </testcase>
    <testcase classname="AccountRoleSelector Account Toggle disables checkbox when it is the last selected account" name="AccountRoleSelector Account Toggle disables checkbox when it is the last selected account" time="0.076">
    </testcase>
    <testcase classname="AccountRoleSelector Account Toggle enables checkbox when multiple accounts are selected" name="AccountRoleSelector Account Toggle enables checkbox when multiple accounts are selected" time="0.102">
    </testcase>
    <testcase classname="AccountRoleSelector Empty Selection Mode allows unchecking all accounts when allowEmptySelection is true" name="AccountRoleSelector Empty Selection Mode allows unchecking all accounts when allowEmptySelection is true" time="0.057">
    </testcase>
    <testcase classname="AccountRoleSelector Empty Selection Mode does not show &quot;at least one account&quot; text when allowEmptySelection is true" name="AccountRoleSelector Empty Selection Mode does not show &quot;at least one account&quot; text when allowEmptySelection is true" time="0.045">
    </testcase>
    <testcase classname="AccountRoleSelector Approval Warning shows approval warning when no accounts are selected and showApprovalWarning is true" name="AccountRoleSelector Approval Warning shows approval warning when no accounts are selected and showApprovalWarning is true" time="0.04">
    </testcase>
    <testcase classname="AccountRoleSelector Approval Warning hides approval warning when showApprovalWarning is false" name="AccountRoleSelector Approval Warning hides approval warning when showApprovalWarning is false" time="0.026">
    </testcase>
    <testcase classname="AccountRoleSelector Approval Warning does not show warning when allowEmptySelection is true" name="AccountRoleSelector Approval Warning does not show warning when allowEmptySelection is true" time="0.026">
    </testcase>
    <testcase classname="AccountRoleSelector Multiple Accounts renders multiple account role selectors when multiple accounts are selected" name="AccountRoleSelector Multiple Accounts renders multiple account role selectors when multiple accounts are selected" time="0.046">
    </testcase>
    <testcase classname="AccountRoleSelector Multiple Accounts handles mixed selected and unselected accounts" name="AccountRoleSelector Multiple Accounts handles mixed selected and unselected accounts" time="0.048">
    </testcase>
    <testcase classname="AccountRoleSelector Edge Cases handles empty account mappings array" name="AccountRoleSelector Edge Cases handles empty account mappings array" time="0.017">
    </testcase>
    <testcase classname="AccountRoleSelector Edge Cases handles accounts with duplicate IDs" name="AccountRoleSelector Edge Cases handles accounts with duplicate IDs" time="0.05">
    </testcase>
  </testsuite>
  <testsuite name="AuthCallback Component" errors="0" failures="0" skipped="1" timestamp="2026-04-14T10:18:32" time="9.225" tests="14">
    <testcase classname="AuthCallback Component Success Flow renders loading state initially" name="AuthCallback Component Success Flow renders loading state initially" time="0.091">
    </testcase>
    <testcase classname="AuthCallback Component Success Flow handles successful authentication with code and state" name="AuthCallback Component Success Flow handles successful authentication with code and state" time="0.037">
    </testcase>
    <testcase classname="AuthCallback Component Success Flow logs authentication details for debugging" name="AuthCallback Component Success Flow logs authentication details for debugging" time="0.036">
    </testcase>
    <testcase classname="AuthCallback Component Error Handling displays error when OAuth error parameter is present" name="AuthCallback Component Error Handling displays error when OAuth error parameter is present" time="0.054">
    </testcase>
    <testcase classname="AuthCallback Component Error Handling uses default error message when error_description is missing" name="AuthCallback Component Error Handling uses default error message when error_description is missing" time="0.045">
    </testcase>
    <testcase classname="AuthCallback Component Error Handling displays error when code parameter is missing" name="AuthCallback Component Error Handling displays error when code parameter is missing" time="0.031">
    </testcase>
    <testcase classname="AuthCallback Component Error Handling displays error when state parameter is missing" name="AuthCallback Component Error Handling displays error when state parameter is missing" time="0.03">
    </testcase>
    <testcase classname="AuthCallback Component Error Handling handles authentication service errors" name="AuthCallback Component Error Handling handles authentication service errors" time="0.043">
    </testcase>
    <testcase classname="AuthCallback Component Error Handling redirects to login page after error" name="AuthCallback Component Error Handling redirects to login page after error" time="0.034">
    </testcase>
    <testcase classname="AuthCallback Component Error Handling displays redirecting message on error" name="AuthCallback Component Error Handling displays redirecting message on error" time="0.039">
    </testcase>
    <testcase classname="AuthCallback Component UI Elements renders loading progress indicator" name="AuthCallback Component UI Elements renders loading progress indicator" time="0.027">
    </testcase>
    <testcase classname="AuthCallback Component UI Elements renders error alert with correct severity" name="AuthCallback Component UI Elements renders error alert with correct severity" time="0.045">
    </testcase>
    <testcase classname="AuthCallback Component Redux Integration dispatches loginSuccess on successful authentication" name="AuthCallback Component Redux Integration dispatches loginSuccess on successful authentication" time="0">
      <skipped/>
    </testcase>
    <testcase classname="AuthCallback Component Redux Integration dispatches loginFailure on authentication error" name="AuthCallback Component Redux Integration dispatches loginFailure on authentication error" time="0.024">
    </testcase>
  </testsuite>
  <testsuite name="Assistant" errors="0" failures="0" skipped="0" timestamp="2026-04-14T10:18:34" time="8.983" tests="7">
    <testcase classname="Assistant renders assistant title" name="Assistant renders assistant title" time="0.333">
    </testcase>
    <testcase classname="Assistant displays welcome message on mount" name="Assistant displays welcome message on mount" time="0.09">
    </testcase>
    <testcase classname="Assistant starts session on mount" name="Assistant starts session on mount" time="0.223">
    </testcase>
    <testcase classname="Assistant displays input field" name="Assistant displays input field" time="0.068">
    </testcase>
    <testcase classname="Assistant displays send button" name="Assistant displays send button" time="0.068">
    </testcase>
    <testcase classname="Assistant handles text input" name="Assistant handles text input" time="1.081">
    </testcase>
    <testcase classname="Assistant disables send button when input is empty" name="Assistant disables send button when input is empty" time="0.078">
    </testcase>
  </testsuite>
  <testsuite name="RoleMultiSelect" errors="0" failures="0" skipped="3" timestamp="2026-04-14T10:18:36" time="8.156" tests="18">
    <testcase classname="RoleMultiSelect should render with label" name="RoleMultiSelect should render with label" time="0.172">
    </testcase>
    <testcase classname="RoleMultiSelect should display loading state" name="RoleMultiSelect should display loading state" time="0">
      <skipped/>
    </testcase>
    <testcase classname="RoleMultiSelect should display message when no roles available" name="RoleMultiSelect should display message when no roles available" time="0.197">
    </testcase>
    <testcase classname="RoleMultiSelect should display available roles" name="RoleMultiSelect should display available roles" time="0.15">
    </testcase>
    <testcase classname="RoleMultiSelect should display role descriptions" name="RoleMultiSelect should display role descriptions" time="0.13">
    </testcase>
    <testcase classname="RoleMultiSelect should display selected roles as chips" name="RoleMultiSelect should display selected roles as chips" time="0.04">
    </testcase>
    <testcase classname="RoleMultiSelect should handle role selection" name="RoleMultiSelect should handle role selection" time="0.291">
    </testcase>
    <testcase classname="RoleMultiSelect should be disabled when disabled prop is true" name="RoleMultiSelect should be disabled when disabled prop is true" time="0.048">
    </testcase>
    <testcase classname="RoleMultiSelect should be disabled when loading" name="RoleMultiSelect should be disabled when loading" time="0.045">
    </testcase>
    <testcase classname="RoleMultiSelect should display helper text when provided" name="RoleMultiSelect should display helper text when provided" time="0.028">
    </testcase>
    <testcase classname="RoleMultiSelect should not display helper text when not provided" name="RoleMultiSelect should not display helper text when not provided" time="0.024">
    </testcase>
    <testcase classname="RoleMultiSelect should show error state" name="RoleMultiSelect should show error state" time="0">
      <skipped/>
    </testcase>
    <testcase classname="RoleMultiSelect should handle empty value array" name="RoleMultiSelect should handle empty value array" time="0.047">
    </testcase>
    <testcase classname="RoleMultiSelect should handle undefined value" name="RoleMultiSelect should handle undefined value" time="0.048">
    </testcase>
    <testcase classname="RoleMultiSelect should render roles without descriptions" name="RoleMultiSelect should render roles without descriptions" time="0.123">
    </testcase>
    <testcase classname="RoleMultiSelect should display loading spinner" name="RoleMultiSelect should display loading spinner" time="0">
      <skipped/>
    </testcase>
    <testcase classname="RoleMultiSelect should have correct ARIA attributes" name="RoleMultiSelect should have correct ARIA attributes" time="0.049">
    </testcase>
    <testcase classname="RoleMultiSelect should open menu on click" name="RoleMultiSelect should open menu on click" time="0.131">
    </testcase>
  </testsuite>
  <testsuite name="AssistantWidget" errors="0" failures="0" skipped="0" timestamp="2026-04-14T10:18:37" time="8.29" tests="12">
    <testcase classname="AssistantWidget should render floating action button" name="AssistantWidget should render floating action button" time="0.056">
    </testcase>
    <testcase classname="AssistantWidget should render chat icon in FAB" name="AssistantWidget should render chat icon in FAB" time="0.02">
    </testcase>
    <testcase classname="AssistantWidget should not show drawer initially" name="AssistantWidget should not show drawer initially" time="0.016">
    </testcase>
    <testcase classname="AssistantWidget should open drawer when FAB is clicked" name="AssistantWidget should open drawer when FAB is clicked" time="0.37">
    </testcase>
    <testcase classname="AssistantWidget should render close button in drawer" name="AssistantWidget should render close button in drawer" time="0.131">
    </testcase>
    <testcase classname="AssistantWidget should close drawer when close button is clicked" name="AssistantWidget should close drawer when close button is clicked" time="0.191">
    </testcase>
    <testcase classname="AssistantWidget should close drawer when clicking outside (onClose)" name="AssistantWidget should close drawer when clicking outside (onClose)" time="0.014">
    </testcase>
    <testcase classname="AssistantWidget should render Assistant component inside drawer when open" name="AssistantWidget should render Assistant component inside drawer when open" time="0.19">
    </testcase>
    <testcase classname="AssistantWidget should have correct FAB positioning styles" name="AssistantWidget should have correct FAB positioning styles" time="0.024">
    </testcase>
    <testcase classname="AssistantWidget should allow opening drawer multiple times" name="AssistantWidget should allow opening drawer multiple times" time="0.109">
    </testcase>
    <testcase classname="AssistantWidget should render drawer with correct anchor" name="AssistantWidget should render drawer with correct anchor" time="0.096">
    </testcase>
    <testcase classname="AssistantWidget should maintain state across re-renders" name="AssistantWidget should maintain state across re-renders" time="0.113">
    </testcase>
  </testsuite>
  <testsuite name="ClientModalWrapper Component" errors="0" failures="0" skipped="0" timestamp="2026-04-14T10:18:39" time="7.67" tests="15">
    <testcase classname="ClientModalWrapper Component Basic Rendering renders modal with title and content" name="ClientModalWrapper Component Basic Rendering renders modal with title and content" time="0.118">
    </testcase>
    <testcase classname="ClientModalWrapper Component Basic Rendering renders primary and cancel buttons" name="ClientModalWrapper Component Basic Rendering renders primary and cancel buttons" time="0.182">
    </testcase>
    <testcase classname="ClientModalWrapper Component Basic Rendering does not render when open is false" name="ClientModalWrapper Component Basic Rendering does not render when open is false" time="0.006">
    </testcase>
    <testcase classname="ClientModalWrapper Component Error Handling displays error message when error prop is provided" name="ClientModalWrapper Component Error Handling displays error message when error prop is provided" time="0.081">
    </testcase>
    <testcase classname="ClientModalWrapper Component Error Handling does not display error alert when error is null" name="ClientModalWrapper Component Error Handling does not display error alert when error is null" time="0.037">
    </testcase>
    <testcase classname="ClientModalWrapper Component Error Handling displays validation errors when provided" name="ClientModalWrapper Component Error Handling displays validation errors when provided" time="0.073">
    </testcase>
    <testcase classname="ClientModalWrapper Component Error Handling does not display validation errors when array is empty" name="ClientModalWrapper Component Error Handling does not display validation errors when array is empty" time="0.039">
    </testcase>
    <testcase classname="ClientModalWrapper Component Error Handling displays both error and validation errors simultaneously" name="ClientModalWrapper Component Error Handling displays both error and validation errors simultaneously" time="0.052">
    </testcase>
    <testcase classname="ClientModalWrapper Component Button Interactions calls onClose when Cancel button is clicked" name="ClientModalWrapper Component Button Interactions calls onClose when Cancel button is clicked" time="0.085">
    </testcase>
    <testcase classname="ClientModalWrapper Component Button Interactions calls onPrimaryAction when primary button is clicked" name="ClientModalWrapper Component Button Interactions calls onPrimaryAction when primary button is clicked" time="0.082">
    </testcase>
    <testcase classname="ClientModalWrapper Component Button Interactions disables buttons when loading is true" name="ClientModalWrapper Component Button Interactions disables buttons when loading is true" time="0.115">
    </testcase>
    <testcase classname="ClientModalWrapper Component Button Interactions enables buttons when loading is false" name="ClientModalWrapper Component Button Interactions enables buttons when loading is false" time="0.132">
    </testcase>
    <testcase classname="ClientModalWrapper Component Custom Labels renders custom primary button label" name="ClientModalWrapper Component Custom Labels renders custom primary button label" time="0.081">
    </testcase>
    <testcase classname="ClientModalWrapper Component Custom Labels renders different modal titles" name="ClientModalWrapper Component Custom Labels renders different modal titles" time="0.045">
    </testcase>
    <testcase classname="ClientModalWrapper Component Validation Error Keys renders multiple validation errors correctly" name="ClientModalWrapper Component Validation Error Keys renders multiple validation errors correctly" time="0.042">
    </testcase>
  </testsuite>
  <testsuite name="RoleSelector" errors="0" failures="0" skipped="0" timestamp="2026-04-14T10:18:41" time="7.484" tests="11">
    <testcase classname="RoleSelector should render role selector with account name" name="RoleSelector should render role selector with account name" time="0.084">
    </testcase>
    <testcase classname="RoleSelector should display selected roles as chips" name="RoleSelector should display selected roles as chips" time="0.056">
    </testcase>
    <testcase classname="RoleSelector should mark default roles with primary color" name="RoleSelector should mark default roles with primary color" time="0.036">
    </testcase>
    <testcase classname="RoleSelector should mark non-default roles with secondary color" name="RoleSelector should mark non-default roles with secondary color" time="0.038">
    </testcase>
    <testcase classname="RoleSelector should display all available roles in dropdown" name="RoleSelector should display all available roles in dropdown" time="0.261">
    </testcase>
    <testcase classname="RoleSelector should show &quot;Default&quot; label for default roles" name="RoleSelector should show &quot;Default&quot; label for default roles" time="0.151">
    </testcase>
    <testcase classname="RoleSelector should show &quot;Current&quot; label for original roles that are not default" name="RoleSelector should show &quot;Current&quot; label for original roles that are not default" time="0.151">
    </testcase>
    <testcase classname="RoleSelector should not show &quot;Current&quot; label for default roles even if they are original" name="RoleSelector should not show &quot;Current&quot; label for default roles even if they are original" time="0.141">
    </testcase>
    <testcase classname="RoleSelector should display help text" name="RoleSelector should display help text" time="0.025">
    </testcase>
    <testcase classname="RoleSelector should handle empty roles list" name="RoleSelector should handle empty roles list" time="0.049">
    </testcase>
    <testcase classname="RoleSelector should render with no selected roles" name="RoleSelector should render with no selected roles" time="0.06">
    </testcase>
  </testsuite>
  <testsuite name="ManageUserAccountsModal" errors="0" failures="0" skipped="0" timestamp="2026-04-14T10:17:56" time="53.427" tests="26">
    <testcase classname="ManageUserAccountsModal Rendering should not render when open is false" name="ManageUserAccountsModal Rendering should not render when open is false" time="0.035">
    </testcase>
    <testcase classname="ManageUserAccountsModal Rendering should render when open is true" name="ManageUserAccountsModal Rendering should render when open is true" time="0.406">
    </testcase>
    <testcase classname="ManageUserAccountsModal Rendering should display user information" name="ManageUserAccountsModal Rendering should display user information" time="0.119">
    </testcase>
    <testcase classname="ManageUserAccountsModal Rendering should render AccountRoleSelector component" name="ManageUserAccountsModal Rendering should render AccountRoleSelector component" time="0.222">
    </testcase>
    <testcase classname="ManageUserAccountsModal User Data Loading should render account role selector after initialization" name="ManageUserAccountsModal User Data Loading should render account role selector after initialization" time="0.173">
    </testcase>
    <testcase classname="ManageUserAccountsModal User Data Loading should handle user data fetch error gracefully" name="ManageUserAccountsModal User Data Loading should handle user data fetch error gracefully" time="0.109">
    </testcase>
    <testcase classname="ManageUserAccountsModal User Data Loading should handle null user" name="ManageUserAccountsModal User Data Loading should handle null user" time="0.093">
    </testcase>
    <testcase classname="ManageUserAccountsModal Form Interactions should allow entering notes" name="ManageUserAccountsModal Form Interactions should allow entering notes" time="0.965">
    </testcase>
    <testcase classname="ManageUserAccountsModal Modal Actions should call onClose when Cancel button is clicked" name="ManageUserAccountsModal Modal Actions should call onClose when Cancel button is clicked" time="0.358">
    </testcase>
    <testcase classname="ManageUserAccountsModal Modal Actions should call onClose on dialog close" name="ManageUserAccountsModal Modal Actions should call onClose on dialog close" time="0.133">
    </testcase>
    <testcase classname="ManageUserAccountsModal Loading States should render content after initialization" name="ManageUserAccountsModal Loading States should render content after initialization" time="0.15">
    </testcase>
    <testcase classname="ManageUserAccountsModal Notes Field should have placeholder text in notes field" name="ManageUserAccountsModal Notes Field should have placeholder text in notes field" time="0.147">
    </testcase>
    <testcase classname="ManageUserAccountsModal Notes Field should retain notes field state across renders" name="ManageUserAccountsModal Notes Field should retain notes field state across renders" time="0.773">
    </testcase>
    <testcase classname="ManageUserAccountsModal User Information Display should display user first and last name" name="ManageUserAccountsModal User Information Display should display user first and last name" time="0.092">
    </testcase>
    <testcase classname="ManageUserAccountsModal User Information Display should display username in parentheses" name="ManageUserAccountsModal User Information Display should display username in parentheses" time="0.077">
    </testcase>
    <testcase classname="ManageUserAccountsModal Error Handling should handle user data fetch errors" name="ManageUserAccountsModal Error Handling should handle user data fetch errors" time="0.078">
    </testcase>
    <testcase classname="ManageUserAccountsModal Button States should have Update Assignments button enabled" name="ManageUserAccountsModal Button States should have Update Assignments button enabled" time="0.206">
    </testcase>
    <testcase classname="ManageUserAccountsModal Button States should have Cancel button enabled" name="ManageUserAccountsModal Button States should have Cancel button enabled" time="0.138">
    </testcase>
    <testcase classname="ManageUserAccountsModal Modal Title should display account circle icon" name="ManageUserAccountsModal Modal Title should display account circle icon" time="0.096">
    </testcase>
    <testcase classname="ManageUserAccountsModal Form Submission should submit form with account role changes" name="ManageUserAccountsModal Form Submission should submit form with account role changes" time="0.515">
    </testcase>
    <testcase classname="ManageUserAccountsModal Form Submission should call onSuccess callback on successful submission" name="ManageUserAccountsModal Form Submission should call onSuccess callback on successful submission" time="0.394">
    </testcase>
    <testcase classname="ManageUserAccountsModal Notes Field Interactions should update notes field value" name="ManageUserAccountsModal Notes Field Interactions should update notes field value" time="1.091">
    </testcase>
    <testcase classname="ManageUserAccountsModal Initialization should initialize with loading state" name="ManageUserAccountsModal Initialization should initialize with loading state" time="0.082">
    </testcase>
    <testcase classname="ManageUserAccountsModal Initialization should handle null user gracefully" name="ManageUserAccountsModal Initialization should handle null user gracefully" time="0.049">
    </testcase>
    <testcase classname="ManageUserAccountsModal Initialization should handle API response without data property" name="ManageUserAccountsModal Initialization should handle API response without data property" time="0.126">
    </testcase>
    <testcase classname="ManageUserAccountsModal Snackbar Notifications should show success snackbar on successful update" name="ManageUserAccountsModal Snackbar Notifications should show success snackbar on successful update" time="0.4">
    </testcase>
  </testsuite>
  <testsuite name="AccountDetailsModal" errors="0" failures="0" skipped="0" timestamp="2026-04-14T10:18:01" time="51.505" tests="23">
    <testcase classname="AccountDetailsModal should render modal when open" name="AccountDetailsModal should render modal when open" time="0.57">
    </testcase>
    <testcase classname="AccountDetailsModal should not render when open is false" name="AccountDetailsModal should not render when open is false" time="0.016">
    </testcase>
    <testcase classname="AccountDetailsModal should return null when account is null" name="AccountDetailsModal should return null when account is null" time="0.005">
    </testcase>
    <testcase classname="AccountDetailsModal should display account ID" name="AccountDetailsModal should display account ID" time="0.124">
    </testcase>
    <testcase classname="AccountDetailsModal should display account name" name="AccountDetailsModal should display account name" time="0.118">
    </testcase>
    <testcase classname="AccountDetailsModal should display parent ID" name="AccountDetailsModal should display parent ID" time="0.093">
    </testcase>
    <testcase classname="AccountDetailsModal should display status as chip" name="AccountDetailsModal should display status as chip" time="0.1">
    </testcase>
    <testcase classname="AccountDetailsModal should display all assigned roles" name="AccountDetailsModal should display all assigned roles" time="0.107">
    </testcase>
    <testcase classname="AccountDetailsModal should display message when no roles assigned" name="AccountDetailsModal should display message when no roles assigned" time="0.098">
    </testcase>
    <testcase classname="AccountDetailsModal should display created by information" name="AccountDetailsModal should display created by information" time="0.078">
    </testcase>
    <testcase classname="AccountDetailsModal should display creation date" name="AccountDetailsModal should display creation date" time="0.085">
    </testcase>
    <testcase classname="AccountDetailsModal should display updated by information" name="AccountDetailsModal should display updated by information" time="0.087">
    </testcase>
    <testcase classname="AccountDetailsModal should call onClose when Close button is clicked" name="AccountDetailsModal should call onClose when Close button is clicked" time="0.169">
    </testcase>
    <testcase classname="AccountDetailsModal should display hierarchy information for child accounts" name="AccountDetailsModal should display hierarchy information for child accounts" time="0.09">
    </testcase>
    <testcase classname="AccountDetailsModal should not display hierarchy information for root accounts" name="AccountDetailsModal should not display hierarchy information for root accounts" time="0.091">
    </testcase>
    <testcase classname="AccountDetailsModal should display status meanings" name="AccountDetailsModal should display status meanings" time="0.113">
    </testcase>
    <testcase classname="AccountDetailsModal should handle missing optional fields" name="AccountDetailsModal should handle missing optional fields" time="0.09">
    </testcase>
    <testcase classname="AccountDetailsModal should render different status colors" name="AccountDetailsModal should render different status colors" time="0.323">
    </testcase>
    <testcase classname="AccountDetailsModal should handle invalid date formats" name="AccountDetailsModal should handle invalid date formats" time="0.078">
    </testcase>
    <testcase classname="AccountDetailsModal should display N/A for undefined dates" name="AccountDetailsModal should display N/A for undefined dates" time="0.063">
    </testcase>
    <testcase classname="AccountDetailsModal should render all section headers" name="AccountDetailsModal should render all section headers" time="0.097">
    </testcase>
    <testcase classname="AccountDetailsModal should handle undefined parent ID" name="AccountDetailsModal should handle undefined parent ID" time="0.081">
    </testcase>
    <testcase classname="AccountDetailsModal should handle undefined roles array" name="AccountDetailsModal should handle undefined roles array" time="0.081">
    </testcase>
  </testsuite>
  <testsuite name="EditClientModal" errors="0" failures="0" skipped="0" timestamp="2026-04-14T10:18:44" time="9.508" tests="14">
    <testcase classname="EditClientModal should render modal when open" name="EditClientModal should render modal when open" time="0.068">
    </testcase>
    <testcase classname="EditClientModal should not render modal when closed" name="EditClientModal should not render modal when closed" time="0.005">
    </testcase>
    <testcase classname="EditClientModal should load client details when opened" name="EditClientModal should load client details when opened" time="0.013">
    </testcase>
    <testcase classname="EditClientModal should show loading state while fetching client details" name="EditClientModal should show loading state while fetching client details" time="0.015">
    </testcase>
    <testcase classname="EditClientModal should handle error when loading client details fails" name="EditClientModal should handle error when loading client details fails" time="0.248">
    </testcase>
    <testcase classname="EditClientModal should update client successfully" name="EditClientModal should update client successfully" time="0.157">
    </testcase>
    <testcase classname="EditClientModal should show validation errors" name="EditClientModal should show validation errors" time="0.124">
    </testcase>
    <testcase classname="EditClientModal should handle update error" name="EditClientModal should handle update error" time="0.109">
    </testcase>
    <testcase classname="EditClientModal should clear errors when closing" name="EditClientModal should clear errors when closing" time="0.182">
    </testcase>
    <testcase classname="EditClientModal should not update if client is null" name="EditClientModal should not update if client is null" time="0.066">
    </testcase>
    <testcase classname="EditClientModal should work without onSuccess callback" name="EditClientModal should work without onSuccess callback" time="0.11">
    </testcase>
    <testcase classname="EditClientModal should handle response without data" name="EditClientModal should handle response without data" time="0.021">
    </testcase>
    <testcase classname="EditClientModal should handle scopes as Set" name="EditClientModal should handle scopes as Set" time="0.023">
    </testcase>
    <testcase classname="EditClientModal should handle update error without message property" name="EditClientModal should handle update error without message property" time="0.121">
    </testcase>
  </testsuite>
  <testsuite name="Shared Components Index Exports" errors="0" failures="0" skipped="0" timestamp="2026-04-14T10:18:47" time="6.566" tests="5">
    <testcase classname="Shared Components Index Exports should export AccountRoleSelector component" name="Shared Components Index Exports should export AccountRoleSelector component" time="0.004">
    </testcase>
    <testcase classname="Shared Components Index Exports should be an object with exports" name="Shared Components Index Exports should be an object with exports" time="0.001">
    </testcase>
    <testcase classname="Shared Components Index Exports should have at least one export" name="Shared Components Index Exports should have at least one export" time="0.001">
    </testcase>
    <testcase classname="Shared Components Index Exports should have AccountRoleSelector in exports" name="Shared Components Index Exports should have AccountRoleSelector in exports" time="0.002">
    </testcase>
    <testcase classname="Shared Components Index Exports should export components as functions" name="Shared Components Index Exports should export components as functions" time="0.001">
    </testcase>
  </testsuite>
  <testsuite name="AccountRoleSelectorWithDefaults" errors="0" failures="0" skipped="0" timestamp="2026-04-14T10:18:44" time="8.778" tests="23">
    <testcase classname="AccountRoleSelectorWithDefaults when account is not selected should display message that account is not selected" name="AccountRoleSelectorWithDefaults when account is not selected should display message that account is not selected" time="0.023">
    </testcase>
    <testcase classname="AccountRoleSelectorWithDefaults when account is not selected should not render RoleSelector when account is not selected" name="AccountRoleSelectorWithDefaults when account is not selected should not render RoleSelector when account is not selected" time="0.008">
    </testcase>
    <testcase classname="AccountRoleSelectorWithDefaults when account is not selected should not render default roles chips when account is not selected" name="AccountRoleSelectorWithDefaults when account is not selected should not render default roles chips when account is not selected" time="0.007">
    </testcase>
    <testcase classname="AccountRoleSelectorWithDefaults when account is not selected should display text in italic style" name="AccountRoleSelectorWithDefaults when account is not selected should display text in italic style" time="0.029">
    </testcase>
    <testcase classname="AccountRoleSelectorWithDefaults when account is selected should render RoleSelector component" name="AccountRoleSelectorWithDefaults when account is selected should render RoleSelector component" time="0.031">
    </testcase>
    <testcase classname="AccountRoleSelectorWithDefaults when account is selected should pass correct props to RoleSelector" name="AccountRoleSelectorWithDefaults when account is selected should pass correct props to RoleSelector" time="0.02">
    </testcase>
    <testcase classname="AccountRoleSelectorWithDefaults when account is selected should not display &quot;not selected&quot; message" name="AccountRoleSelectorWithDefaults when account is selected should not display &quot;not selected&quot; message" time="0.014">
    </testcase>
    <testcase classname="AccountRoleSelectorWithDefaults default roles display should render default roles chips when defaultRoles array has items" name="AccountRoleSelectorWithDefaults default roles display should render default roles chips when defaultRoles array has items" time="0.015">
    </testcase>
    <testcase classname="AccountRoleSelectorWithDefaults default roles display should display caption explaining default roles" name="AccountRoleSelectorWithDefaults default roles display should display caption explaining default roles" time="0.014">
    </testcase>
    <testcase classname="AccountRoleSelectorWithDefaults default roles display should not render default roles section when defaultRoles is empty" name="AccountRoleSelectorWithDefaults default roles display should not render default roles section when defaultRoles is empty" time="0.005">
    </testcase>
    <testcase classname="AccountRoleSelectorWithDefaults default roles display should render all roles from defaultRoles array" name="AccountRoleSelectorWithDefaults default roles display should render all roles from defaultRoles array" time="0.022">
    </testcase>
    <testcase classname="AccountRoleSelectorWithDefaults chip styling based on selection should render chips with primary color for selected default roles" name="AccountRoleSelectorWithDefaults chip styling based on selection should render chips with primary color for selected default roles" time="0.017">
    </testcase>
    <testcase classname="AccountRoleSelectorWithDefaults chip styling based on selection should render chips with default color for unselected default roles" name="AccountRoleSelectorWithDefaults chip styling based on selection should render chips with default color for unselected default roles" time="0.037">
    </testcase>
    <testcase classname="AccountRoleSelectorWithDefaults chip styling based on selection should handle mixed selection of default roles" name="AccountRoleSelectorWithDefaults chip styling based on selection should handle mixed selection of default roles" time="0.016">
    </testcase>
    <testcase classname="AccountRoleSelectorWithDefaults role selection callback should call onRoleSelectionChange with accountId when roles change in RoleSelector" name="AccountRoleSelectorWithDefaults role selection callback should call onRoleSelectionChange with accountId when roles change in RoleSelector" time="0.016">
    </testcase>
    <testcase classname="AccountRoleSelectorWithDefaults role selection callback should pass correct accountId to callback" name="AccountRoleSelectorWithDefaults role selection callback should pass correct accountId to callback" time="0.015">
    </testcase>
    <testcase classname="AccountRoleSelectorWithDefaults edge cases should handle empty selectedRoles array" name="AccountRoleSelectorWithDefaults edge cases should handle empty selectedRoles array" time="0.012">
    </testcase>
    <testcase classname="AccountRoleSelectorWithDefaults edge cases should handle single default role" name="AccountRoleSelectorWithDefaults edge cases should handle single default role" time="0.01">
    </testcase>
    <testcase classname="AccountRoleSelectorWithDefaults edge cases should handle empty availableRoles array" name="AccountRoleSelectorWithDefaults edge cases should handle empty availableRoles array" time="0.011">
    </testcase>
    <testcase classname="AccountRoleSelectorWithDefaults edge cases should handle long account names" name="AccountRoleSelectorWithDefaults edge cases should handle long account names" time="0.016">
    </testcase>
    <testcase classname="AccountRoleSelectorWithDefaults edge cases should handle many default roles" name="AccountRoleSelectorWithDefaults edge cases should handle many default roles" time="0.041">
    </testcase>
    <testcase classname="AccountRoleSelectorWithDefaults component composition should render default roles section before RoleSelector" name="AccountRoleSelectorWithDefaults component composition should render default roles section before RoleSelector" time="0.01">
    </testcase>
    <testcase classname="AccountRoleSelectorWithDefaults component composition should use Box component for default roles layout" name="AccountRoleSelectorWithDefaults component composition should use Box component for default roles layout" time="0.014">
    </testcase>
  </testsuite>
  <testsuite name="ProtectedRoute" errors="0" failures="0" skipped="5" timestamp="2026-04-14T10:18:48" time="4.893" tests="16">
    <testcase classname="ProtectedRoute when user is authenticated should render children" name="ProtectedRoute when user is authenticated should render children" time="0">
      <skipped/>
    </testcase>
    <testcase classname="ProtectedRoute when user is authenticated should render multiple children" name="ProtectedRoute when user is authenticated should render multiple children" time="0">
      <skipped/>
    </testcase>
    <testcase classname="ProtectedRoute when user is authenticated should render complex children components" name="ProtectedRoute when user is authenticated should render complex children components" time="0">
      <skipped/>
    </testcase>
    <testcase classname="ProtectedRoute when user is not authenticated should redirect to login" name="ProtectedRoute when user is not authenticated should redirect to login" time="0.029">
    </testcase>
    <testcase classname="ProtectedRoute when user is not authenticated should not render children when redirecting" name="ProtectedRoute when user is not authenticated should not render children when redirecting" time="0.011">
    </testcase>
    <testcase classname="ProtectedRoute when user is not authenticated should use replace navigation" name="ProtectedRoute when user is not authenticated should use replace navigation" time="0.009">
    </testcase>
    <testcase classname="ProtectedRoute integration with routing should work within Routes component" name="ProtectedRoute integration with routing should work within Routes component" time="0">
      <skipped/>
    </testcase>
    <testcase classname="ProtectedRoute authentication state changes should react to authentication state" name="ProtectedRoute authentication state changes should react to authentication state" time="0">
      <skipped/>
    </testcase>
    <testcase classname="ProtectedRoute token refresh flow renders children immediately when isAuthenticated is true in store" name="ProtectedRoute token refresh flow renders children immediately when isAuthenticated is true in store" time="0.016">
    </testcase>
    <testcase classname="ProtectedRoute token refresh flow redirects when token refresh fails and no valid token found" name="ProtectedRoute token refresh flow redirects when token refresh fails and no valid token found" time="0.022">
    </testcase>
    <testcase classname="ProtectedRoute token refresh flow redirects when token refresh returns null" name="ProtectedRoute token refresh flow redirects when token refresh returns null" time="0.031">
    </testcase>
    <testcase classname="ProtectedRoute token in localStorage paths dispatches loginSuccess and renders children when refresh succeeds" name="ProtectedRoute token in localStorage paths dispatches loginSuccess and renders children when refresh succeeds" time="0.043">
    </testcase>
    <testcase classname="ProtectedRoute token in localStorage paths redirects when refresh succeeds but userProfile is missing from localStorage" name="ProtectedRoute token in localStorage paths redirects when refresh succeeds but userProfile is missing from localStorage" time="0.023">
    </testcase>
    <testcase classname="ProtectedRoute token in localStorage paths restores Redux state from localStorage (page-refresh scenario)" name="ProtectedRoute token in localStorage paths restores Redux state from localStorage (page-refresh scenario)" time="0.01">
    </testcase>
    <testcase classname="ProtectedRoute token in localStorage paths redirects when token valid but no userProfile in localStorage" name="ProtectedRoute token in localStorage paths redirects when token valid but no userProfile in localStorage" time="0.012">
    </testcase>
    <testcase classname="ProtectedRoute token in localStorage paths redirects when handleTokenRefresh throws (catch path)" name="ProtectedRoute token in localStorage paths redirects when handleTokenRefresh throws (catch path)" time="0.074">
    </testcase>
  </testsuite>
  <testsuite name="StyledTableComponents" errors="0" failures="0" skipped="0" timestamp="2026-04-14T10:18:45" time="8.447" tests="20">
    <testcase classname="StyledTableComponents StyledTableHead renders table head correctly" name="StyledTableComponents StyledTableHead renders table head correctly" time="0.068">
    </testcase>
    <testcase classname="StyledTableComponents StyledTableHead applies correct styling to table head" name="StyledTableComponents StyledTableHead applies correct styling to table head" time="0.014">
    </testcase>
    <testcase classname="StyledTableComponents StyledTableHead renders multiple header cells" name="StyledTableComponents StyledTableHead renders multiple header cells" time="0.019">
    </testcase>
    <testcase classname="StyledTableComponents StyledTableHead supports empty header" name="StyledTableComponents StyledTableHead supports empty header" time="0.011">
    </testcase>
    <testcase classname="StyledTableComponents StyledTableCell renders table cell correctly" name="StyledTableComponents StyledTableCell renders table cell correctly" time="0.012">
    </testcase>
    <testcase classname="StyledTableComponents StyledTableCell renders with text content" name="StyledTableComponents StyledTableCell renders with text content" time="0.012">
    </testcase>
    <testcase classname="StyledTableComponents StyledTableCell renders with numeric content" name="StyledTableComponents StyledTableCell renders with numeric content" time="0.01">
    </testcase>
    <testcase classname="StyledTableComponents StyledTableCell renders with child components" name="StyledTableComponents StyledTableCell renders with child components" time="0.011">
    </testcase>
    <testcase classname="StyledTableComponents StyledTableCell supports empty cell" name="StyledTableComponents StyledTableCell supports empty cell" time="0.013">
    </testcase>
    <testcase classname="StyledTableComponents StyledTableRow renders table row correctly" name="StyledTableComponents StyledTableRow renders table row correctly" time="0.012">
    </testcase>
    <testcase classname="StyledTableComponents StyledTableRow renders with multiple cells" name="StyledTableComponents StyledTableRow renders with multiple cells" time="0.016">
    </testcase>
    <testcase classname="StyledTableComponents StyledTableRow applies hover styling" name="StyledTableComponents StyledTableRow applies hover styling" time="0.01">
    </testcase>
    <testcase classname="StyledTableComponents StyledTableRow renders empty row" name="StyledTableComponents StyledTableRow renders empty row" time="0.009">
    </testcase>
    <testcase classname="StyledTableComponents StyledTableRow renders multiple rows" name="StyledTableComponents StyledTableRow renders multiple rows" time="0.018">
    </testcase>
    <testcase classname="StyledTableComponents Integration Tests renders complete table structure" name="StyledTableComponents Integration Tests renders complete table structure" time="0.023">
    </testcase>
    <testcase classname="StyledTableComponents Integration Tests maintains structure with mixed content types" name="StyledTableComponents Integration Tests maintains structure with mixed content types" time="0.017">
    </testcase>
    <testcase classname="StyledTableComponents Integration Tests renders styled components with theme" name="StyledTableComponents Integration Tests renders styled components with theme" time="0.02">
    </testcase>
    <testcase classname="StyledTableComponents Component Exports exports StyledTableHead" name="StyledTableComponents Component Exports exports StyledTableHead" time="0.002">
    </testcase>
    <testcase classname="StyledTableComponents Component Exports exports StyledTableCell" name="StyledTableComponents Component Exports exports StyledTableCell" time="0.001">
    </testcase>
    <testcase classname="StyledTableComponents Component Exports exports StyledTableRow" name="StyledTableComponents Component Exports exports StyledTableRow" time="0.001">
    </testcase>
  </testsuite>
  <testsuite name="useRoles" errors="0" failures="0" skipped="0" timestamp="2026-04-14T10:18:52" time="3.567" tests="9">
    <testcase classname="useRoles should initialize with empty roles and not loading when shouldLoad is false" name="useRoles should initialize with empty roles and not loading when shouldLoad is false" time="0.014">
    </testcase>
    <testcase classname="useRoles should fetch roles when shouldLoad is true" name="useRoles should fetch roles when shouldLoad is true" time="0.062">
    </testcase>
    <testcase classname="useRoles should handle error when fetching roles fails" name="useRoles should handle error when fetching roles fails" time="0.139">
    </testcase>
    <testcase classname="useRoles should handle non-Error object when fetching fails" name="useRoles should handle non-Error object when fetching fails" time="0.156">
    </testcase>
    <testcase classname="useRoles should handle response without content" name="useRoles should handle response without content" time="0.079">
    </testcase>
    <testcase classname="useRoles should refetch roles when refetch is called" name="useRoles should refetch roles when refetch is called" time="0.089">
    </testcase>
    <testcase classname="useRoles should fetch roles when shouldLoad changes from false to true" name="useRoles should fetch roles when shouldLoad changes from false to true" time="0.086">
    </testcase>
    <testcase classname="useRoles should not fetch roles again when shouldLoad remains true" name="useRoles should not fetch roles again when shouldLoad remains true" time="0.076">
    </testcase>
    <testcase classname="useRoles should clear error on successful refetch" name="useRoles should clear error on successful refetch" time="0.087">
    </testcase>
  </testsuite>
  <testsuite name="ScopeService" errors="0" failures="0" skipped="1" timestamp="2026-04-14T10:18:54" time="2.098" tests="44">
    <testcase classname="ScopeService getScopes should fetch scopes with pagination" name="ScopeService getScopes should fetch scopes with pagination" time="0.052">
    </testcase>
    <testcase classname="ScopeService getScopes should send empty array when no filter name provided" name="ScopeService getScopes should send empty array when no filter name provided" time="0.006">
    </testcase>
    <testcase classname="ScopeService getScopes should send filter name in array when provided" name="ScopeService getScopes should send filter name in array when provided" time="0.005">
    </testcase>
    <testcase classname="ScopeService getScopes should handle API error with handleApiError" name="ScopeService getScopes should handle API error with handleApiError" time="0.059">
    </testcase>
    <testcase classname="ScopeService getScopes should calculate pagination correctly" name="ScopeService getScopes should calculate pagination correctly" time="0.004">
    </testcase>
    <testcase classname="ScopeService getScopes should handle empty results" name="ScopeService getScopes should handle empty results" time="0.003">
    </testcase>
    <testcase classname="ScopeService getScopes should include pagination in API call" name="ScopeService getScopes should include pagination in API call" time="0.007">
    </testcase>
    <testcase classname="ScopeService getScopes should mark last page correctly" name="ScopeService getScopes should mark last page correctly" time="0.006">
    </testcase>
    <testcase classname="ScopeService getScopeByName should fetch scope by name" name="ScopeService getScopeByName should fetch scope by name" time="0.003">
    </testcase>
    <testcase classname="ScopeService getScopeByName should handle response without results array" name="ScopeService getScopeByName should handle response without results array" time="0.003">
    </testcase>
    <testcase classname="ScopeService getScopeByName should return first result from results array" name="ScopeService getScopeByName should return first result from results array" time="0.002">
    </testcase>
    <testcase classname="ScopeService getScopeByName should handle API error" name="ScopeService getScopeByName should handle API error" time="0.018">
    </testcase>
    <testcase classname="ScopeService createScope should create scope successfully" name="ScopeService createScope should create scope successfully" time="0.008">
    </testcase>
    <testcase classname="ScopeService createScope should handle response without results array" name="ScopeService createScope should handle response without results array" time="0.005">
    </testcase>
    <testcase classname="ScopeService createScope should handle administrative field as boolean" name="ScopeService createScope should handle administrative field as boolean" time="0.004">
    </testcase>
    <testcase classname="ScopeService createScope should handle API error" name="ScopeService createScope should handle API error" time="0.005">
    </testcase>
    <testcase classname="ScopeService updateScope should update scope successfully" name="ScopeService updateScope should update scope successfully" time="0.007">
    </testcase>
    <testcase classname="ScopeService updateScope should handle response without results array" name="ScopeService updateScope should handle response without results array" time="0.051">
    </testcase>
    <testcase classname="ScopeService updateScope should handle partial update" name="ScopeService updateScope should handle partial update" time="0.005">
    </testcase>
    <testcase classname="ScopeService updateScope should handle update without any fields" name="ScopeService updateScope should handle update without any fields" time="0.006">
    </testcase>
    <testcase classname="ScopeService deleteScope should delete scope successfully" name="ScopeService deleteScope should delete scope successfully" time="0.003">
    </testcase>
    <testcase classname="ScopeService deleteScope should handle API error" name="ScopeService deleteScope should handle API error" time="0.006">
    </testcase>
    <testcase classname="ScopeService deleteScope should handle 404 error" name="ScopeService deleteScope should handle 404 error" time="0.004">
    </testcase>
    <testcase classname="ScopeService Scope data validation should handle scope with all fields" name="ScopeService Scope data validation should handle scope with all fields" time="0.002">
    </testcase>
    <testcase classname="ScopeService Error Handling and Edge Cases Response Format Variations should handle null response" name="ScopeService Error Handling and Edge Cases Response Format Variations should handle null response" time="0">
      <skipped/>
    </testcase>
    <testcase classname="ScopeService Error Handling and Edge Cases Response Format Variations should handle getScopeByName returning empty array" name="ScopeService Error Handling and Edge Cases Response Format Variations should handle getScopeByName returning empty array" time="0.01">
    </testcase>
    <testcase classname="ScopeService Error Handling and Edge Cases Edge Cases for Create/Update should handle scope creation with empty description" name="ScopeService Error Handling and Edge Cases Edge Cases for Create/Update should handle scope creation with empty description" time="0.008">
    </testcase>
    <testcase classname="ScopeService Error Handling and Edge Cases Edge Cases for Create/Update should handle scope creation with undefined administrative field" name="ScopeService Error Handling and Edge Cases Edge Cases for Create/Update should handle scope creation with undefined administrative field" time="0.004">
    </testcase>
    <testcase classname="ScopeService Error Handling and Edge Cases Edge Cases for Create/Update should handle scope creation with administrative=false" name="ScopeService Error Handling and Edge Cases Edge Cases for Create/Update should handle scope creation with administrative=false" time="0.005">
    </testcase>
    <testcase classname="ScopeService Error Handling and Edge Cases Edge Cases for Create/Update should handle scope update with only description" name="ScopeService Error Handling and Edge Cases Edge Cases for Create/Update should handle scope update with only description" time="0.004">
    </testcase>
    <testcase classname="ScopeService Error Handling and Edge Cases Edge Cases for Create/Update should handle scope update with only administrative field" name="ScopeService Error Handling and Edge Cases Edge Cases for Create/Update should handle scope update with only administrative field" time="0.029">
    </testcase>
    <testcase classname="ScopeService Error Handling and Edge Cases Edge Cases for Create/Update should handle scope name with special characters" name="ScopeService Error Handling and Edge Cases Edge Cases for Create/Update should handle scope name with special characters" time="0.004">
    </testcase>
    <testcase classname="ScopeService Error Handling and Edge Cases Edge Cases for Create/Update should handle very long scope name" name="ScopeService Error Handling and Edge Cases Edge Cases for Create/Update should handle very long scope name" time="0.004">
    </testcase>
    <testcase classname="ScopeService Error Handling and Edge Cases Edge Cases for Create/Update should handle very long description" name="ScopeService Error Handling and Edge Cases Edge Cases for Create/Update should handle very long description" time="0.005">
    </testcase>
    <testcase classname="ScopeService Error Handling and Edge Cases Edge Cases for Delete should handle deletion of scope with special characters" name="ScopeService Error Handling and Edge Cases Edge Cases for Delete should handle deletion of scope with special characters" time="0.002">
    </testcase>
    <testcase classname="ScopeService Error Handling and Edge Cases Edge Cases for Delete should handle deletion of empty string scope name" name="ScopeService Error Handling and Edge Cases Edge Cases for Delete should handle deletion of empty string scope name" time="0.002">
    </testcase>
    <testcase classname="ScopeService Error Handling and Edge Cases Edge Cases for Delete should handle deletion error for predefined scope" name="ScopeService Error Handling and Edge Cases Edge Cases for Delete should handle deletion error for predefined scope" time="0.003">
    </testcase>
    <testcase classname="ScopeService Error Handling and Edge Cases Edge Cases for getScopeByName should handle getScopeByName with special characters" name="ScopeService Error Handling and Edge Cases Edge Cases for getScopeByName should handle getScopeByName with special characters" time="0.002">
    </testcase>
    <testcase classname="ScopeService Error Handling and Edge Cases Edge Cases for getScopeByName should handle getScopeByName with empty string" name="ScopeService Error Handling and Edge Cases Edge Cases for getScopeByName should handle getScopeByName with empty string" time="0.003">
    </testcase>
    <testcase classname="ScopeService Error Handling and Edge Cases Edge Cases for getScopeByName should handle multiple scopes with same name (return first)" name="ScopeService Error Handling and Edge Cases Edge Cases for getScopeByName should handle multiple scopes with same name (return first)" time="0.007">
    </testcase>
    <testcase classname="ScopeService Error Handling and Edge Cases Response Data Extraction should handle createScope returning data field instead of results" name="ScopeService Error Handling and Edge Cases Response Data Extraction should handle createScope returning data field instead of results" time="0.004">
    </testcase>
    <testcase classname="ScopeService Error Handling and Edge Cases Response Data Extraction should handle updateScope returning data field instead of results" name="ScopeService Error Handling and Edge Cases Response Data Extraction should handle updateScope returning data field instead of results" time="0.005">
    </testcase>
    <testcase classname="ScopeService Error Handling and Edge Cases Response Data Extraction should handle createScope with empty results array" name="ScopeService Error Handling and Edge Cases Response Data Extraction should handle createScope with empty results array" time="0.006">
    </testcase>
    <testcase classname="ScopeService Error Handling and Edge Cases Response Data Extraction should handle updateScope with empty results array" name="ScopeService Error Handling and Edge Cases Response Data Extraction should handle updateScope with empty results array" time="0.003">
    </testcase>
  </testsuite>
  <testsuite name="CreateClientModal" errors="0" failures="0" skipped="0" timestamp="2026-04-14T10:18:51" time="4.805" tests="8">
    <testcase classname="CreateClientModal should render modal when open" name="CreateClientModal should render modal when open" time="0.028">
    </testcase>
    <testcase classname="CreateClientModal should not render modal when closed" name="CreateClientModal should not render modal when closed" time="0.005">
    </testcase>
    <testcase classname="CreateClientModal should create client successfully" name="CreateClientModal should create client successfully" time="0.132">
    </testcase>
    <testcase classname="CreateClientModal should show validation errors" name="CreateClientModal should show validation errors" time="0.096">
    </testcase>
    <testcase classname="CreateClientModal should handle creation error" name="CreateClientModal should handle creation error" time="0.075">
    </testcase>
    <testcase classname="CreateClientModal should reset form when closing" name="CreateClientModal should reset form when closing" time="0.083">
    </testcase>
    <testcase classname="CreateClientModal should work without onSuccess callback" name="CreateClientModal should work without onSuccess callback" time="0.075">
    </testcase>
    <testcase classname="CreateClientModal should handle error without message property" name="CreateClientModal should handle error without message property" time="0.099">
    </testcase>
  </testsuite>
  <testsuite name="ApprovalWorkflow" errors="0" failures="0" skipped="0" timestamp="2026-04-14T10:18:53" time="2.811" tests="3">
    <testcase classname="ApprovalWorkflow renders ApprovalWorkflow component" name="ApprovalWorkflow renders ApprovalWorkflow component" time="0.018">
    </testcase>
    <testcase classname="ApprovalWorkflow renders UserApproval component" name="ApprovalWorkflow renders UserApproval component" time="0.009">
    </testcase>
    <testcase classname="ApprovalWorkflow passes through to UserApproval" name="ApprovalWorkflow passes through to UserApproval" time="0.007">
    </testcase>
  </testsuite>
  <testsuite name="useClientForm" errors="0" failures="0" skipped="0" timestamp="2026-04-14T10:18:53" time="2.893" tests="14">
    <testcase classname="useClientForm should initialize with provided data" name="useClientForm should initialize with provided data" time="0.012">
    </testcase>
    <testcase classname="useClientForm should update input field value" name="useClientForm should update input field value" time="0.006">
    </testcase>
    <testcase classname="useClientForm should clear validation errors when input changes" name="useClientForm should clear validation errors when input changes" time="0.005">
    </testcase>
    <testcase classname="useClientForm should not clear validation errors if there are none" name="useClientForm should not clear validation errors if there are none" time="0.006">
    </testcase>
    <testcase classname="useClientForm should update array field value at specific index" name="useClientForm should update array field value at specific index" time="0.005">
    </testcase>
    <testcase classname="useClientForm should add new item to array field" name="useClientForm should add new item to array field" time="0.005">
    </testcase>
    <testcase classname="useClientForm should remove item from array field" name="useClientForm should remove item from array field" time="0.008">
    </testcase>
    <testcase classname="useClientForm should handle postLogoutRedirectUris array operations" name="useClientForm should handle postLogoutRedirectUris array operations" time="0.007">
    </testcase>
    <testcase classname="useClientForm should reset form with new data" name="useClientForm should reset form with new data" time="0.007">
    </testcase>
    <testcase classname="useClientForm should set form data directly" name="useClientForm should set form data directly" time="0.004">
    </testcase>
    <testcase classname="useClientForm should set validation errors" name="useClientForm should set validation errors" time="0.004">
    </testcase>
    <testcase classname="useClientForm should update boolean field" name="useClientForm should update boolean field" time="0.004">
    </testcase>
    <testcase classname="useClientForm should update numeric field" name="useClientForm should update numeric field" time="0.003">
    </testcase>
    <testcase classname="useClientForm should handle multiple rapid changes" name="useClientForm should handle multiple rapid changes" time="0.003">
    </testcase>
  </testsuite>
  <testsuite name="Theme Configuration" errors="0" failures="0" skipped="0" timestamp="2026-04-14T10:18:53" time="2.546" tests="39">
    <testcase classname="Theme Configuration lightTheme should be defined" name="Theme Configuration lightTheme should be defined" time="0.003">
    </testcase>
    <testcase classname="Theme Configuration lightTheme should have light mode palette" name="Theme Configuration lightTheme should have light mode palette" time="0.002">
    </testcase>
    <testcase classname="Theme Configuration lightTheme should have primary UIDAM blue color" name="Theme Configuration lightTheme should have primary UIDAM blue color" time="0.001">
    </testcase>
    <testcase classname="Theme Configuration lightTheme should have correct primary color variants" name="Theme Configuration lightTheme should have correct primary color variants" time="0.002">
    </testcase>
    <testcase classname="Theme Configuration lightTheme should have correct secondary colors" name="Theme Configuration lightTheme should have correct secondary colors" time="0.001">
    </testcase>
    <testcase classname="Theme Configuration lightTheme should have correct background colors" name="Theme Configuration lightTheme should have correct background colors" time="0">
    </testcase>
    <testcase classname="Theme Configuration lightTheme should have correct text colors" name="Theme Configuration lightTheme should have correct text colors" time="0.001">
    </testcase>
    <testcase classname="Theme Configuration lightTheme should have custom colors defined" name="Theme Configuration lightTheme should have custom colors defined" time="0.002">
    </testcase>
    <testcase classname="Theme Configuration lightTheme should have gradient background" name="Theme Configuration lightTheme should have gradient background" time="0.003">
    </testcase>
    <testcase classname="Theme Configuration lightTheme should have custom surface colors" name="Theme Configuration lightTheme should have custom surface colors" time="0.002">
    </testcase>
    <testcase classname="Theme Configuration lightTheme should have typography configuration" name="Theme Configuration lightTheme should have typography configuration" time="0.001">
    </testcase>
    <testcase classname="Theme Configuration lightTheme should have heading typography styles" name="Theme Configuration lightTheme should have heading typography styles" time="0.002">
    </testcase>
    <testcase classname="Theme Configuration lightTheme should have shape configuration" name="Theme Configuration lightTheme should have shape configuration" time="0.001">
    </testcase>
    <testcase classname="Theme Configuration lightTheme should have button component overrides" name="Theme Configuration lightTheme should have button component overrides" time="0.001">
    </testcase>
    <testcase classname="Theme Configuration lightTheme should have card component overrides" name="Theme Configuration lightTheme should have card component overrides" time="0">
    </testcase>
    <testcase classname="Theme Configuration darkTheme should be defined" name="Theme Configuration darkTheme should be defined" time="0.001">
    </testcase>
    <testcase classname="Theme Configuration darkTheme should have dark mode palette" name="Theme Configuration darkTheme should have dark mode palette" time="0.001">
    </testcase>
    <testcase classname="Theme Configuration darkTheme should have primary color adjusted for dark mode" name="Theme Configuration darkTheme should have primary color adjusted for dark mode" time="0.001">
    </testcase>
    <testcase classname="Theme Configuration darkTheme should have dark background colors" name="Theme Configuration darkTheme should have dark background colors" time="0.001">
    </testcase>
    <testcase classname="Theme Configuration darkTheme should have dark text colors" name="Theme Configuration darkTheme should have dark text colors" time="0.001">
    </testcase>
    <testcase classname="Theme Configuration darkTheme should have custom colors for dark mode" name="Theme Configuration darkTheme should have custom colors for dark mode" time="0.001">
    </testcase>
    <testcase classname="Theme Configuration darkTheme should have dark gradient background" name="Theme Configuration darkTheme should have dark gradient background" time="0.002">
    </testcase>
    <testcase classname="Theme Configuration darkTheme should have same typography configuration as light theme" name="Theme Configuration darkTheme should have same typography configuration as light theme" time="0.001">
    </testcase>
    <testcase classname="Theme Configuration darkTheme should have same shape configuration as light theme" name="Theme Configuration darkTheme should have same shape configuration as light theme" time="0.001">
    </testcase>
    <testcase classname="Theme Configuration darkTheme should have secondary colors for dark mode" name="Theme Configuration darkTheme should have secondary colors for dark mode" time="0.001">
    </testcase>
    <testcase classname="Theme Configuration darkTheme should have divider color for dark mode" name="Theme Configuration darkTheme should have divider color for dark mode" time="0.001">
    </testcase>
    <testcase classname="Theme Configuration getTheme function should return lightTheme when mode is light" name="Theme Configuration getTheme function should return lightTheme when mode is light" time="0.001">
    </testcase>
    <testcase classname="Theme Configuration getTheme function should return darkTheme when mode is dark" name="Theme Configuration getTheme function should return darkTheme when mode is dark" time="0.001">
    </testcase>
    <testcase classname="Theme Configuration getTheme function should handle light mode case" name="Theme Configuration getTheme function should handle light mode case" time="0.001">
    </testcase>
    <testcase classname="Theme Configuration getTheme function should handle dark mode case" name="Theme Configuration getTheme function should handle dark mode case" time="0.001">
    </testcase>
    <testcase classname="Theme Configuration theme consistency both themes should have the same typography structure" name="Theme Configuration theme consistency both themes should have the same typography structure" time="0.001">
    </testcase>
    <testcase classname="Theme Configuration theme consistency both themes should have the same shape configuration" name="Theme Configuration theme consistency both themes should have the same shape configuration" time="0.017">
    </testcase>
    <testcase classname="Theme Configuration theme consistency both themes should have button overrides" name="Theme Configuration theme consistency both themes should have button overrides" time="0.001">
    </testcase>
    <testcase classname="Theme Configuration theme consistency both themes should have card overrides" name="Theme Configuration theme consistency both themes should have card overrides" time="0.001">
    </testcase>
    <testcase classname="Theme Configuration theme consistency both themes should have TextField overrides" name="Theme Configuration theme consistency both themes should have TextField overrides" time="0.001">
    </testcase>
    <testcase classname="Theme Configuration theme consistency both themes should have TableHead overrides" name="Theme Configuration theme consistency both themes should have TableHead overrides" time="0.001">
    </testcase>
    <testcase classname="Theme Configuration theme consistency both themes should have Chip overrides" name="Theme Configuration theme consistency both themes should have Chip overrides" time="0.001">
    </testcase>
    <testcase classname="Theme Configuration custom colors interface lightTheme should have all custom color properties" name="Theme Configuration custom colors interface lightTheme should have all custom color properties" time="0.002">
    </testcase>
    <testcase classname="Theme Configuration custom colors interface darkTheme should have all custom color properties" name="Theme Configuration custom colors interface darkTheme should have all custom color properties" time="0.002">
    </testcase>
  </testsuite>
  <testsuite name="useTheme" errors="0" failures="0" skipped="0" timestamp="2026-04-14T10:18:53" time="3.091" tests="7">
    <testcase classname="useTheme should return initial theme mode" name="useTheme should return initial theme mode" time="0.041">
    </testcase>
    <testcase classname="useTheme should toggle theme from light to dark" name="useTheme should toggle theme from light to dark" time="0.012">
    </testcase>
    <testcase classname="useTheme should toggle theme from dark to light" name="useTheme should toggle theme from dark to light" time="0.009">
    </testcase>
    <testcase classname="useTheme should set theme to dark using setTheme" name="useTheme should set theme to dark using setTheme" time="0.007">
    </testcase>
    <testcase classname="useTheme should set theme to light using setTheme" name="useTheme should set theme to light using setTheme" time="0.008">
    </testcase>
    <testcase classname="useTheme should handle multiple toggles correctly" name="useTheme should handle multiple toggles correctly" time="0.01">
    </testcase>
    <testcase classname="useTheme should override toggle with setTheme" name="useTheme should override toggle with setTheme" time="0.008">
    </testcase>
  </testsuite>
  <testsuite name="ClientRegistrationService" errors="0" failures="0" skipped="0" timestamp="2026-04-14T10:18:56" time="1.509" tests="25">
    <testcase classname="ClientRegistrationService createClient should create a client successfully" name="ClientRegistrationService createClient should create a client successfully" time="0.004">
    </testcase>
    <testcase classname="ClientRegistrationService createClient should filter out empty redirect URIs" name="ClientRegistrationService createClient should filter out empty redirect URIs" time="0.001">
    </testcase>
    <testcase classname="ClientRegistrationService createClient should filter out empty post logout redirect URIs" name="ClientRegistrationService createClient should filter out empty post logout redirect URIs" time="0.001">
    </testcase>
    <testcase classname="ClientRegistrationService createClient should set default createdBy if not provided" name="ClientRegistrationService createClient should set default createdBy if not provided" time="0.001">
    </testcase>
    <testcase classname="ClientRegistrationService getClient should get client by ID" name="ClientRegistrationService getClient should get client by ID" time="0.002">
    </testcase>
    <testcase classname="ClientRegistrationService getClient should get client by ID with status filter" name="ClientRegistrationService getClient should get client by ID with status filter" time="0.001">
    </testcase>
    <testcase classname="ClientRegistrationService updateClient should update client successfully" name="ClientRegistrationService updateClient should update client successfully" time="0.002">
    </testcase>
    <testcase classname="ClientRegistrationService updateClient should filter empty URIs when updating" name="ClientRegistrationService updateClient should filter empty URIs when updating" time="0.002">
    </testcase>
    <testcase classname="ClientRegistrationService deleteClient should delete client successfully" name="ClientRegistrationService deleteClient should delete client successfully" time="0.002">
    </testcase>
    <testcase classname="ClientRegistrationService getClients should return empty array with info message" name="ClientRegistrationService getClients should return empty array with info message" time="0.002">
    </testcase>
    <testcase classname="ClientRegistrationService validateClientData should return no errors for valid data" name="ClientRegistrationService validateClientData should return no errors for valid data" time="0.002">
    </testcase>
    <testcase classname="ClientRegistrationService validateClientData should return error if clientId is missing" name="ClientRegistrationService validateClientData should return error if clientId is missing" time="0.001">
    </testcase>
    <testcase classname="ClientRegistrationService validateClientData should return error if clientName is missing" name="ClientRegistrationService validateClientData should return error if clientName is missing" time="0.002">
    </testcase>
    <testcase classname="ClientRegistrationService validateClientData should return error if authorizationGrantTypes is empty" name="ClientRegistrationService validateClientData should return error if authorizationGrantTypes is empty" time="0.001">
    </testcase>
    <testcase classname="ClientRegistrationService validateClientData should return error if authorization_code flow has no redirect URIs" name="ClientRegistrationService validateClientData should return error if authorization_code flow has no redirect URIs" time="0.001">
    </testcase>
    <testcase classname="ClientRegistrationService validateClientData should validate redirect URI format" name="ClientRegistrationService validateClientData should validate redirect URI format" time="0.002">
    </testcase>
    <testcase classname="ClientRegistrationService validateClientData should validate post-logout redirect URI format" name="ClientRegistrationService validateClientData should validate post-logout redirect URI format" time="0.001">
    </testcase>
    <testcase classname="ClientRegistrationService validateClientData should allow empty strings in URI arrays" name="ClientRegistrationService validateClientData should allow empty strings in URI arrays" time="0.001">
    </testcase>
    <testcase classname="ClientRegistrationService validateClientData should validate negative accessTokenValidity" name="ClientRegistrationService validateClientData should validate negative accessTokenValidity" time="0.001">
    </testcase>
    <testcase classname="ClientRegistrationService validateClientData should validate negative refreshTokenValidity" name="ClientRegistrationService validateClientData should validate negative refreshTokenValidity" time="0.001">
    </testcase>
    <testcase classname="ClientRegistrationService validateClientData should validate negative authorizationCodeValidity" name="ClientRegistrationService validateClientData should validate negative authorizationCodeValidity" time="0">
    </testcase>
    <testcase classname="ClientRegistrationService validateClientData should allow undefined validity values" name="ClientRegistrationService validateClientData should allow undefined validity values" time="0">
    </testcase>
    <testcase classname="ClientRegistrationService validateClientData should return multiple errors for multiple issues" name="ClientRegistrationService validateClientData should return multiple errors for multiple issues" time="0.001">
    </testcase>
    <testcase classname="ClientRegistrationService getDefaultClientData should return default client data" name="ClientRegistrationService getDefaultClientData should return default client data" time="0.002">
    </testcase>
    <testcase classname="ClientRegistrationService getDefaultClientData should return new object instance each time" name="ClientRegistrationService getDefaultClientData should return new object instance each time" time="0.001">
    </testcase>
  </testsuite>
  <testsuite name="runtimeConfig" errors="0" failures="0" skipped="0" timestamp="2026-04-14T10:18:56" time="1.549" tests="10">
    <testcase classname="runtimeConfig loadRuntimeConfig should load config from /config.json successfully" name="runtimeConfig loadRuntimeConfig should load config from /config.json successfully" time="0.005">
    </testcase>
    <testcase classname="runtimeConfig loadRuntimeConfig should handle fetch error" name="runtimeConfig loadRuntimeConfig should handle fetch error" time="0.056">
    </testcase>
    <testcase classname="runtimeConfig loadRuntimeConfig should handle JSON parse error" name="runtimeConfig loadRuntimeConfig should handle JSON parse error" time="0.006">
    </testcase>
    <testcase classname="runtimeConfig loadRuntimeConfig should set window._APP_CONFIG" name="runtimeConfig loadRuntimeConfig should set window._APP_CONFIG" time="0.003">
    </testcase>
    <testcase classname="runtimeConfig getConfig should return empty object when config not loaded" name="runtimeConfig getConfig should return empty object when config not loaded" time="0.002">
    </testcase>
    <testcase classname="runtimeConfig getConfig should return loaded config" name="runtimeConfig getConfig should return loaded config" time="0.002">
    </testcase>
    <testcase classname="runtimeConfig getConfig should return same config on multiple calls" name="runtimeConfig getConfig should return same config on multiple calls" time="0.002">
    </testcase>
    <testcase classname="runtimeConfig loadConfig should be an alias for loadRuntimeConfig" name="runtimeConfig loadConfig should be an alias for loadRuntimeConfig" time="0.001">
    </testcase>
    <testcase classname="runtimeConfig loadConfig should load config successfully" name="runtimeConfig loadConfig should load config successfully" time="0.001">
    </testcase>
    <testcase classname="runtimeConfig RuntimeConfig interface should allow dynamic keys" name="runtimeConfig RuntimeConfig interface should allow dynamic keys" time="0.002">
    </testcase>
  </testsuite>
  <testsuite name="apiUtils" errors="0" failures="0" skipped="0" timestamp="2026-04-14T10:18:56" time="1.614" tests="36">
    <testcase classname="apiUtils handleApiResponse should parse successful JSON response" name="apiUtils handleApiResponse should parse successful JSON response" time="0.005">
    </testcase>
    <testcase classname="apiUtils handleApiResponse should throw error for failed response with JSON error" name="apiUtils handleApiResponse should throw error for failed response with JSON error" time="0.073">
    </testcase>
    <testcase classname="apiUtils handleApiResponse should throw error for failed response with error field" name="apiUtils handleApiResponse should throw error for failed response with error field" time="0.004">
    </testcase>
    <testcase classname="apiUtils handleApiResponse should throw error for failed response with details field" name="apiUtils handleApiResponse should throw error for failed response with details field" time="0.003">
    </testcase>
    <testcase classname="apiUtils handleApiResponse should use text response when JSON parsing fails" name="apiUtils handleApiResponse should use text response when JSON parsing fails" time="0.003">
    </testcase>
    <testcase classname="apiUtils handleApiResponse should use default error message when no error details available" name="apiUtils handleApiResponse should use default error message when no error details available" time="0.003">
    </testcase>
    <testcase classname="apiUtils handleApiResponse should include context in error logging" name="apiUtils handleApiResponse should include context in error logging" time="0.003">
    </testcase>
    <testcase classname="apiUtils getApiHeaders should return basic headers without token" name="apiUtils getApiHeaders should return basic headers without token" time="0.002">
    </testcase>
    <testcase classname="apiUtils getApiHeaders should include Authorization header when token exists" name="apiUtils getApiHeaders should include Authorization header when token exists" time="0.001">
    </testcase>
    <testcase classname="apiUtils getApiHeaders should not include Authorization header when token is null" name="apiUtils getApiHeaders should not include Authorization header when token is null" time="0.003">
    </testcase>
    <testcase classname="apiUtils makeFetchRequest should make successful request and return data" name="apiUtils makeFetchRequest should make successful request and return data" time="0.011">
    </testcase>
    <testcase classname="apiUtils makeFetchRequest should handle failed request" name="apiUtils makeFetchRequest should handle failed request" time="0.003">
    </testcase>
    <testcase classname="apiUtils makeFetchRequest should handle non-JSON response" name="apiUtils makeFetchRequest should handle non-JSON response" time="0.005">
    </testcase>
    <testcase classname="apiUtils makeFetchRequest should handle network errors" name="apiUtils makeFetchRequest should handle network errors" time="0.028">
    </testcase>
    <testcase classname="apiUtils makeFetchRequest should merge custom headers with default headers" name="apiUtils makeFetchRequest should merge custom headers with default headers" time="0.011">
    </testcase>
    <testcase classname="apiUtils makeFetchRequest should include Authorization header when token is present" name="apiUtils makeFetchRequest should include Authorization header when token is present" time="0.008">
    </testcase>
    <testcase classname="apiUtils makeFetchRequest should handle error when not instance of Error" name="apiUtils makeFetchRequest should handle error when not instance of Error" time="0.005">
    </testcase>
    <testcase classname="apiUtils getApiHeaders — JWT user_id extraction extracts user_id from a valid JWT and adds user-id header" name="apiUtils getApiHeaders — JWT user_id extraction extracts user_id from a valid JWT and adds user-id header" time="0.004">
    </testcase>
    <testcase classname="apiUtils getApiHeaders — JWT user_id extraction falls back to userId claim when user_id is absent" name="apiUtils getApiHeaders — JWT user_id extraction falls back to userId claim when user_id is absent" time="0.002">
    </testcase>
    <testcase classname="apiUtils getApiHeaders — JWT user_id extraction does not add user-id header when JWT has no id claim" name="apiUtils getApiHeaders — JWT user_id extraction does not add user-id header when JWT has no id claim" time="0.001">
    </testcase>
    <testcase classname="apiUtils getApiHeaders — JWT user_id extraction proceeds without user-id when JWT is malformed" name="apiUtils getApiHeaders — JWT user_id extraction proceeds without user-id when JWT is malformed" time="0.001">
    </testcase>
    <testcase classname="apiUtils parseJsonSafe parses normal JSON without modification" name="apiUtils parseJsonSafe parses normal JSON without modification" time="0.002">
    </testcase>
    <testcase classname="apiUtils parseJsonSafe preserves large numeric id values as strings" name="apiUtils parseJsonSafe preserves large numeric id values as strings" time="0.001">
    </testcase>
    <testcase classname="apiUtils parseJsonSafe only quotes id values with 16+ digits" name="apiUtils parseJsonSafe only quotes id values with 16+ digits" time="0.001">
    </testcase>
    <testcase classname="apiUtils fetchWithTokenRefresh makes request normally when token is not expired" name="apiUtils fetchWithTokenRefresh makes request normally when token is not expired" time="0.002">
    </testcase>
    <testcase classname="apiUtils fetchWithTokenRefresh refreshes token before request when token is expired" name="apiUtils fetchWithTokenRefresh refreshes token before request when token is expired" time="0.003">
    </testcase>
    <testcase classname="apiUtils fetchWithTokenRefresh throws when token is expired and refresh fails" name="apiUtils fetchWithTokenRefresh throws when token is expired and refresh fails" time="0.002">
    </testcase>
    <testcase classname="apiUtils fetchWithTokenRefresh retries with new token on 401 response" name="apiUtils fetchWithTokenRefresh retries with new token on 401 response" time="0.002">
    </testcase>
    <testcase classname="apiUtils fetchWithTokenRefresh throws when 401 and token refresh fails during retry" name="apiUtils fetchWithTokenRefresh throws when 401 and token refresh fails during retry" time="0.001">
    </testcase>
    <testcase classname="apiUtils decodeJwtToken returns the decoded payload from a valid JWT" name="apiUtils decodeJwtToken returns the decoded payload from a valid JWT" time="0.002">
    </testcase>
    <testcase classname="apiUtils decodeJwtToken returns null for a malformed token" name="apiUtils decodeJwtToken returns null for a malformed token" time="0.001">
    </testcase>
    <testcase classname="apiUtils decodeJwtToken returns null for a token with non-base64 payload" name="apiUtils decodeJwtToken returns null for a token with non-base64 payload" time="0.001">
    </testcase>
    <testcase classname="apiUtils getTenantIdFromToken returns null when no token is stored" name="apiUtils getTenantIdFromToken returns null when no token is stored" time="0.001">
    </testcase>
    <testcase classname="apiUtils getTenantIdFromToken returns tenantId field from JWT payload" name="apiUtils getTenantIdFromToken returns tenantId field from JWT payload" time="0.001">
    </testcase>
    <testcase classname="apiUtils getTenantIdFromToken returns tenant_id field when tenantId is absent" name="apiUtils getTenantIdFromToken returns tenant_id field when tenantId is absent" time="0.001">
    </testcase>
    <testcase classname="apiUtils getTenantIdFromToken returns null when neither tenantId nor tenant_id is present" name="apiUtils getTenantIdFromToken returns null when neither tenantId nor tenant_id is present" time="0.001">
    </testcase>
  </testsuite>
  <testsuite name="serviceHelpers" errors="0" failures="0" skipped="0" timestamp="2026-04-14T10:18:56" time="1.913" tests="44">
    <testcase classname="serviceHelpers buildQueryParams should convert object to query params" name="serviceHelpers buildQueryParams should convert object to query params" time="0.003">
    </testcase>
    <testcase classname="serviceHelpers buildQueryParams should filter out undefined values" name="serviceHelpers buildQueryParams should filter out undefined values" time="0.002">
    </testcase>
    <testcase classname="serviceHelpers buildQueryParams should filter out null values" name="serviceHelpers buildQueryParams should filter out null values" time="0.002">
    </testcase>
    <testcase classname="serviceHelpers buildQueryParams should handle boolean values" name="serviceHelpers buildQueryParams should handle boolean values" time="0.001">
    </testcase>
    <testcase classname="serviceHelpers buildQueryParams should handle empty object" name="serviceHelpers buildQueryParams should handle empty object" time="0.001">
    </testcase>
    <testcase classname="serviceHelpers createResource should create resource and extract from results array" name="serviceHelpers createResource should create resource and extract from results array" time="0.002">
    </testcase>
    <testcase classname="serviceHelpers createResource should create resource and extract from data property" name="serviceHelpers createResource should create resource and extract from data property" time="0.001">
    </testcase>
    <testcase classname="serviceHelpers createResource should use response as result if no results or data properties" name="serviceHelpers createResource should use response as result if no results or data properties" time="0.001">
    </testcase>
    <testcase classname="serviceHelpers createResource should use custom extractResult function" name="serviceHelpers createResource should use custom extractResult function" time="0.001">
    </testcase>
    <testcase classname="serviceHelpers createResource should throw error if no result returned" name="serviceHelpers createResource should throw error if no result returned" time="0.073">
    </testcase>
    <testcase classname="serviceHelpers createResource should use custom error message" name="serviceHelpers createResource should use custom error message" time="0.002">
    </testcase>
    <testcase classname="serviceHelpers createResource should handle API errors" name="serviceHelpers createResource should handle API errors" time="0.02">
    </testcase>
    <testcase classname="serviceHelpers createResource should not call handleApiError for custom errors" name="serviceHelpers createResource should not call handleApiError for custom errors" time="0.004">
    </testcase>
    <testcase classname="serviceHelpers updateResource should update resource and extract from results array" name="serviceHelpers updateResource should update resource and extract from results array" time="0.002">
    </testcase>
    <testcase classname="serviceHelpers updateResource should update resource and extract from data property" name="serviceHelpers updateResource should update resource and extract from data property" time="0.002">
    </testcase>
    <testcase classname="serviceHelpers updateResource should use response as result if no results or data properties" name="serviceHelpers updateResource should use response as result if no results or data properties" time="0.002">
    </testcase>
    <testcase classname="serviceHelpers updateResource should use custom extractResult function" name="serviceHelpers updateResource should use custom extractResult function" time="0.001">
    </testcase>
    <testcase classname="serviceHelpers updateResource should throw error if no result returned" name="serviceHelpers updateResource should throw error if no result returned" time="0.001">
    </testcase>
    <testcase classname="serviceHelpers updateResource should handle API errors" name="serviceHelpers updateResource should handle API errors" time="0.002">
    </testcase>
    <testcase classname="serviceHelpers deleteResource should delete resource successfully" name="serviceHelpers deleteResource should delete resource successfully" time="0.001">
    </testcase>
    <testcase classname="serviceHelpers deleteResource should handle delete errors" name="serviceHelpers deleteResource should handle delete errors" time="0.003">
    </testcase>
    <testcase classname="serviceHelpers getResource should get resource and extract from results array" name="serviceHelpers getResource should get resource and extract from results array" time="0.002">
    </testcase>
    <testcase classname="serviceHelpers getResource should get resource and extract from data property" name="serviceHelpers getResource should get resource and extract from data property" time="0.001">
    </testcase>
    <testcase classname="serviceHelpers getResource should use response as result if no results or data properties" name="serviceHelpers getResource should use response as result if no results or data properties" time="0.001">
    </testcase>
    <testcase classname="serviceHelpers getResource should use custom extractResult function" name="serviceHelpers getResource should use custom extractResult function" time="0.002">
    </testcase>
    <testcase classname="serviceHelpers getResource should return response object when results and data are empty" name="serviceHelpers getResource should return response object when results and data are empty" time="0.001">
    </testcase>
    <testcase classname="serviceHelpers getResource should throw error with custom message when response is falsy" name="serviceHelpers getResource should throw error with custom message when response is falsy" time="0.002">
    </testcase>
    <testcase classname="serviceHelpers getResource should handle API errors" name="serviceHelpers getResource should handle API errors" time="0.005">
    </testcase>
    <testcase classname="serviceHelpers getResource should not call handleApiError for custom not found errors" name="serviceHelpers getResource should not call handleApiError for custom not found errors" time="0.002">
    </testcase>
    <testcase classname="serviceHelpers listResources should list resources with filter data" name="serviceHelpers listResources should list resources with filter data" time="0.002">
    </testcase>
    <testcase classname="serviceHelpers listResources should list resources with query parameters" name="serviceHelpers listResources should list resources with query parameters" time="0.002">
    </testcase>
    <testcase classname="serviceHelpers listResources should list resources without filter data" name="serviceHelpers listResources should list resources without filter data" time="0.001">
    </testcase>
    <testcase classname="serviceHelpers listResources should use custom extractResult function" name="serviceHelpers listResources should use custom extractResult function" time="0.002">
    </testcase>
    <testcase classname="serviceHelpers listResources should handle API errors" name="serviceHelpers listResources should handle API errors" time="0.002">
    </testcase>
    <testcase classname="serviceHelpers fetchPaginatedFilteredResources should return paginated results (partial page)" name="serviceHelpers fetchPaginatedFilteredResources should return paginated results (partial page)" time="0.017">
    </testcase>
    <testcase classname="serviceHelpers fetchPaginatedFilteredResources should use filterName when provided" name="serviceHelpers fetchPaginatedFilteredResources should use filterName when provided" time="0.003">
    </testcase>
    <testcase classname="serviceHelpers fetchPaginatedFilteredResources should use empty array when filterName is not provided" name="serviceHelpers fetchPaginatedFilteredResources should use empty array when filterName is not provided" time="0.003">
    </testcase>
    <testcase classname="serviceHelpers fetchPaginatedFilteredResources should fetch total count when full page returned and use it" name="serviceHelpers fetchPaginatedFilteredResources should fetch total count when full page returned and use it" time="0.01">
    </testcase>
    <testcase classname="serviceHelpers fetchPaginatedFilteredResources should estimate total when total count response is not ok" name="serviceHelpers fetchPaginatedFilteredResources should estimate total when total count response is not ok" time="0.004">
    </testcase>
    <testcase classname="serviceHelpers fetchPaginatedFilteredResources should estimate total when total count fetch throws" name="serviceHelpers fetchPaginatedFilteredResources should estimate total when total count fetch throws" time="0.005">
    </testcase>
    <testcase classname="serviceHelpers fetchPaginatedFilteredResources should throw when response is not ok" name="serviceHelpers fetchPaginatedFilteredResources should throw when response is not ok" time="0.005">
    </testcase>
    <testcase classname="serviceHelpers fetchPaginatedFilteredResources should rethrow Error instances on network failure" name="serviceHelpers fetchPaginatedFilteredResources should rethrow Error instances on network failure" time="0.006">
    </testcase>
    <testcase classname="serviceHelpers fetchPaginatedFilteredResources should wrap non-Error throws" name="serviceHelpers fetchPaginatedFilteredResources should wrap non-Error throws" time="0.004">
    </testcase>
    <testcase classname="serviceHelpers fetchPaginatedFilteredResources should handle page &gt; 0 for last page calculation" name="serviceHelpers fetchPaginatedFilteredResources should handle page &gt; 0 for last page calculation" time="0.008">
    </testcase>
  </testsuite>
  <testsuite name="uiSlice" errors="0" failures="0" skipped="0" timestamp="2026-04-14T10:18:56" time="1.595" tests="20">
    <testcase classname="uiSlice should have correct initial state" name="uiSlice should have correct initial state" time="0.01">
    </testcase>
    <testcase classname="uiSlice theme actions should toggle theme from light to dark" name="uiSlice theme actions should toggle theme from light to dark" time="0.003">
    </testcase>
    <testcase classname="uiSlice theme actions should toggle theme from dark to light" name="uiSlice theme actions should toggle theme from dark to light" time="0.002">
    </testcase>
    <testcase classname="uiSlice theme actions should set theme mode to light" name="uiSlice theme actions should set theme mode to light" time="0.002">
    </testcase>
    <testcase classname="uiSlice theme actions should set theme mode to dark" name="uiSlice theme actions should set theme mode to dark" time="0.002">
    </testcase>
    <testcase classname="uiSlice sidebar actions should toggle sidebar from open to closed" name="uiSlice sidebar actions should toggle sidebar from open to closed" time="0.001">
    </testcase>
    <testcase classname="uiSlice sidebar actions should toggle sidebar from closed to open" name="uiSlice sidebar actions should toggle sidebar from closed to open" time="0.002">
    </testcase>
    <testcase classname="uiSlice sidebar actions should set sidebar open to true" name="uiSlice sidebar actions should set sidebar open to true" time="0.001">
    </testcase>
    <testcase classname="uiSlice sidebar actions should set sidebar open to false" name="uiSlice sidebar actions should set sidebar open to false" time="0.002">
    </testcase>
    <testcase classname="uiSlice loading actions should set loading to true" name="uiSlice loading actions should set loading to true" time="0.002">
    </testcase>
    <testcase classname="uiSlice loading actions should set loading to false" name="uiSlice loading actions should set loading to false" time="0.001">
    </testcase>
    <testcase classname="uiSlice loading actions should toggle loading state multiple times" name="uiSlice loading actions should toggle loading state multiple times" time="0.002">
    </testcase>
    <testcase classname="uiSlice notification actions should show success notification" name="uiSlice notification actions should show success notification" time="0.002">
    </testcase>
    <testcase classname="uiSlice notification actions should show error notification" name="uiSlice notification actions should show error notification" time="0.003">
    </testcase>
    <testcase classname="uiSlice notification actions should show warning notification" name="uiSlice notification actions should show warning notification" time="0.003">
    </testcase>
    <testcase classname="uiSlice notification actions should show info notification" name="uiSlice notification actions should show info notification" time="0.004">
    </testcase>
    <testcase classname="uiSlice notification actions should hide notification" name="uiSlice notification actions should hide notification" time="0.002">
    </testcase>
    <testcase classname="uiSlice notification actions should replace existing notification with new one" name="uiSlice notification actions should replace existing notification with new one" time="0.002">
    </testcase>
    <testcase classname="uiSlice combined state changes should handle multiple state changes correctly" name="uiSlice combined state changes should handle multiple state changes correctly" time="0.004">
    </testcase>
    <testcase classname="uiSlice combined state changes should maintain independent state for each property" name="uiSlice combined state changes should maintain independent state for each property" time="0.003">
    </testcase>
  </testsuite>
  <testsuite name="UserService" errors="0" failures="0" skipped="2" timestamp="2026-04-14T10:18:56" time="1.891" tests="88">
    <testcase classname="UserService V1 User APIs createUserV1 should create user with all fields" name="UserService V1 User APIs createUserV1 should create user with all fields" time="0.008">
    </testcase>
    <testcase classname="UserService V1 User APIs createUserV1 should create user with minimal fields" name="UserService V1 User APIs createUserV1 should create user with minimal fields" time="0.003">
    </testcase>
    <testcase classname="UserService V1 User APIs createUserV1 should handle API error response" name="UserService V1 User APIs createUserV1 should handle API error response" time="0.002">
    </testcase>
    <testcase classname="UserService V1 User APIs getUserV1 should fetch user by id" name="UserService V1 User APIs getUserV1 should fetch user by id" time="0.027">
    </testcase>
    <testcase classname="UserService V1 User APIs getUserV1 should handle user not found" name="UserService V1 User APIs getUserV1 should handle user not found" time="0.002">
    </testcase>
    <testcase classname="UserService V1 User APIs updateUserV1 should update user with patches" name="UserService V1 User APIs updateUserV1 should update user with patches" time="0.003">
    </testcase>
    <testcase classname="UserService V1 User APIs updateUserV1 should handle update error" name="UserService V1 User APIs updateUserV1 should handle update error" time="0.002">
    </testcase>
    <testcase classname="UserService V1 User APIs deleteUserV1 should delete user by id" name="UserService V1 User APIs deleteUserV1 should delete user by id" time="0.004">
    </testcase>
    <testcase classname="UserService V1 User APIs deleteUserV1 should delete external user when flag is true" name="UserService V1 User APIs deleteUserV1 should delete external user when flag is true" time="0.001">
    </testcase>
    <testcase classname="UserService V1 User APIs filterUsersV1 should filter users with search params" name="UserService V1 User APIs filterUsersV1 should filter users with search params" time="0.006">
    </testcase>
    <testcase classname="UserService V1 User APIs filterUsersV1 should filter users without params" name="UserService V1 User APIs filterUsersV1 should filter users without params" time="0.002">
    </testcase>
    <testcase classname="UserService V1 User APIs filterUsersV1 should handle filter error" name="UserService V1 User APIs filterUsersV1 should handle filter error" time="0.002">
    </testcase>
    <testcase classname="UserService V1 User APIs filterUsersV1 should include all search params in URL" name="UserService V1 User APIs filterUsersV1 should include all search params in URL" time="0.004">
    </testcase>
    <testcase classname="UserService V2 User APIs createUserV2 should create user with accounts" name="UserService V2 User APIs createUserV2 should create user with accounts" time="0.002">
    </testcase>
    <testcase classname="UserService V2 User APIs createUserV2 should handle V2 API error" name="UserService V2 User APIs createUserV2 should handle V2 API error" time="0.002">
    </testcase>
    <testcase classname="UserService V2 User APIs getUserV2 should fetch user via V2 API" name="UserService V2 User APIs getUserV2 should fetch user via V2 API" time="0.003">
    </testcase>
    <testcase classname="UserService V2 User APIs updateUserV2 should update user via V2 API" name="UserService V2 User APIs updateUserV2 should update user via V2 API" time="0.004">
    </testcase>
    <testcase classname="UserService V2 User APIs filterUsersV2 should filter users with account names" name="UserService V2 User APIs filterUsersV2 should filter users with account names" time="0.004">
    </testcase>
    <testcase classname="UserService V2 User APIs filterUsersV2 should handle filter error with message" name="UserService V2 User APIs filterUsersV2 should handle filter error with message" time="0.105">
    </testcase>
    <testcase classname="UserService V2 User APIs filterUsersV2 should handle 401 error" name="UserService V2 User APIs filterUsersV2 should handle 401 error" time="0.003">
    </testcase>
    <testcase classname="UserService V2 User APIs filterUsersV2 should handle 405 error" name="UserService V2 User APIs filterUsersV2 should handle 405 error" time="0.002">
    </testcase>
    <testcase classname="UserService V2 User APIs filterUsersV2 should handle 404 error" name="UserService V2 User APIs filterUsersV2 should handle 404 error" time="0.003">
    </testcase>
    <testcase classname="UserService V2 User APIs filterUsersV2 should handle 500 error" name="UserService V2 User APIs filterUsersV2 should handle 500 error" time="0.002">
    </testcase>
    <testcase classname="UserService Special User Types createExternalUser should create external user without password" name="UserService Special User Types createExternalUser should create external user without password" time="0.003">
    </testcase>
    <testcase classname="UserService Special User Types createFederatedUser should create federated user with IDP" name="UserService Special User Types createFederatedUser should create federated user with IDP" time="0.002">
    </testcase>
    <testcase classname="UserService Special User Types getExternalUser should fetch external user" name="UserService Special User Types getExternalUser should fetch external user" time="0.001">
    </testcase>
    <testcase classname="UserService Special User Types updateExternalUser should update external user" name="UserService Special User Types updateExternalUser should update external user" time="0.001">
    </testcase>
    <testcase classname="UserService Special User Types deleteExternalUser should delete external user" name="UserService Special User Types deleteExternalUser should delete external user" time="0.002">
    </testcase>
    <testcase classname="UserService User Status Management changeUserStatus should approve user status change" name="UserService User Status Management changeUserStatus should approve user status change" time="0.002">
    </testcase>
    <testcase classname="UserService User Status Management changeUserStatus should reject user status change" name="UserService User Status Management changeUserStatus should reject user status change" time="0.003">
    </testcase>
    <testcase classname="UserService User Status Management deleteUsersByFilter should delete users by filter" name="UserService User Status Management deleteUsersByFilter should delete users by filter" time="0.002">
    </testcase>
    <testcase classname="UserService User-Account-Role Mapping associateAccountAndRoles should associate account and roles" name="UserService User-Account-Role Mapping associateAccountAndRoles should associate account and roles" time="0.003">
    </testcase>
    <testcase classname="UserService User-Account-Role Mapping associateAccountAndRoles should handle multiple role operations" name="UserService User-Account-Role Mapping associateAccountAndRoles should handle multiple role operations" time="0.001">
    </testcase>
    <testcase classname="UserService Self-Service APIs getSelfUser should fetch current user" name="UserService Self-Service APIs getSelfUser should fetch current user" time="0.003">
    </testcase>
    <testcase classname="UserService Self-Service APIs getSelfUser should throw when no token is stored" name="UserService Self-Service APIs getSelfUser should throw when no token is stored" time="0.024">
    </testcase>
    <testcase classname="UserService Self-Service APIs getSelfUser should add user-id header when JWT contains user_id claim" name="UserService Self-Service APIs getSelfUser should add user-id header when JWT contains user_id claim" time="0.004">
    </testcase>
    <testcase classname="UserService Self-Service APIs getSelfUser should omit user-id header when JWT is malformed" name="UserService Self-Service APIs getSelfUser should omit user-id header when JWT is malformed" time="0.002">
    </testcase>
    <testcase classname="UserService Self-Service APIs updateSelfUser should update current user" name="UserService Self-Service APIs updateSelfUser should update current user" time="0.001">
    </testcase>
    <testcase classname="UserService Self-Service APIs updateSelfUser should throw when no token is stored" name="UserService Self-Service APIs updateSelfUser should throw when no token is stored" time="0.002">
    </testcase>
    <testcase classname="UserService Self-Service APIs updateSelfUser should send PATCH to /v1/users/self" name="UserService Self-Service APIs updateSelfUser should send PATCH to /v1/users/self" time="0.005">
    </testcase>
    <testcase classname="UserService Self-Service APIs deleteSelfUser should delete current user" name="UserService Self-Service APIs deleteSelfUser should delete current user" time="0.002">
    </testcase>
    <testcase classname="UserService Self-Service APIs deleteSelfUser should delete self as external user" name="UserService Self-Service APIs deleteSelfUser should delete self as external user" time="0.002">
    </testcase>
    <testcase classname="UserService User Attributes getUserAttributes should fetch user attributes" name="UserService User Attributes getUserAttributes should fetch user attributes" time="0.002">
    </testcase>
    <testcase classname="UserService User Attributes updateUserAttributes should update user attributes" name="UserService User Attributes updateUserAttributes should update user attributes" time="0.004">
    </testcase>
    <testcase classname="UserService Utility Functions getUserByUserName should fetch user by username" name="UserService Utility Functions getUserByUserName should fetch user by username" time="0.003">
    </testcase>
    <testcase classname="UserService Utility Functions getUserByUserName should fetch user by username and account" name="UserService Utility Functions getUserByUserName should fetch user by username and account" time="0.002">
    </testcase>
    <testcase classname="UserService User Events addUserEvent should add user event" name="UserService User Events addUserEvent should add user event" time="0.003">
    </testcase>
    <testcase classname="UserService Data Validation should handle user with all account roles" name="UserService Data Validation should handle user with all account roles" time="0.002">
    </testcase>
    <testcase classname="UserService Data Validation should handle user with different statuses" name="UserService Data Validation should handle user with different statuses" time="0.003">
    </testcase>
    <testcase classname="UserService Error Handling and Edge Cases HTTP Error Status Codes should handle 401 Unauthorized response" name="UserService Error Handling and Edge Cases HTTP Error Status Codes should handle 401 Unauthorized response" time="0.002">
    </testcase>
    <testcase classname="UserService Error Handling and Edge Cases HTTP Error Status Codes should handle 403 Forbidden response" name="UserService Error Handling and Edge Cases HTTP Error Status Codes should handle 403 Forbidden response" time="0.001">
    </testcase>
    <testcase classname="UserService Error Handling and Edge Cases HTTP Error Status Codes should handle 404 Not Found response" name="UserService Error Handling and Edge Cases HTTP Error Status Codes should handle 404 Not Found response" time="0.002">
    </testcase>
    <testcase classname="UserService Error Handling and Edge Cases HTTP Error Status Codes should handle 500 Internal Server Error" name="UserService Error Handling and Edge Cases HTTP Error Status Codes should handle 500 Internal Server Error" time="0.001">
    </testcase>
    <testcase classname="UserService Error Handling and Edge Cases HTTP Error Status Codes should handle 409 Conflict response" name="UserService Error Handling and Edge Cases HTTP Error Status Codes should handle 409 Conflict response" time="0.001">
    </testcase>
    <testcase classname="UserService Error Handling and Edge Cases Network and Exception Handling should handle network error in fetch" name="UserService Error Handling and Edge Cases Network and Exception Handling should handle network error in fetch" time="0.002">
    </testcase>
    <testcase classname="UserService Error Handling and Edge Cases Network and Exception Handling should handle JSON parse error" name="UserService Error Handling and Edge Cases Network and Exception Handling should handle JSON parse error" time="0.002">
    </testcase>
    <testcase classname="UserService Error Handling and Edge Cases Network and Exception Handling should handle non-Error exception" name="UserService Error Handling and Edge Cases Network and Exception Handling should handle non-Error exception" time="0.001">
    </testcase>
    <testcase classname="UserService Error Handling and Edge Cases Network and Exception Handling should handle timeout error" name="UserService Error Handling and Edge Cases Network and Exception Handling should handle timeout error" time="0.002">
    </testcase>
    <testcase classname="UserService Error Handling and Edge Cases Response Format Variations should handle response without data field" name="UserService Error Handling and Edge Cases Response Format Variations should handle response without data field" time="0.003">
    </testcase>
    <testcase classname="UserService Error Handling and Edge Cases Response Format Variations should handle empty users array in filter response" name="UserService Error Handling and Edge Cases Response Format Variations should handle empty users array in filter response" time="0.002">
    </testcase>
    <testcase classname="UserService Error Handling and Edge Cases Response Format Variations should handle null response data" name="UserService Error Handling and Edge Cases Response Format Variations should handle null response data" time="0.002">
    </testcase>
    <testcase classname="UserService Error Handling and Edge Cases Response Format Variations should handle response with only httpStatus" name="UserService Error Handling and Edge Cases Response Format Variations should handle response with only httpStatus" time="0.001">
    </testcase>
    <testcase classname="UserService Error Handling and Edge Cases Edge Cases for Filter Parameters should handle empty array filters" name="UserService Error Handling and Edge Cases Edge Cases for Filter Parameters should handle empty array filters" time="0.002">
    </testcase>
    <testcase classname="UserService Error Handling and Edge Cases Edge Cases for Filter Parameters should handle filter with all optional parameters" name="UserService Error Handling and Edge Cases Edge Cases for Filter Parameters should handle filter with all optional parameters" time="0.002">
    </testcase>
    <testcase classname="UserService Error Handling and Edge Cases Edge Cases for Filter Parameters should handle special characters in filter values" name="UserService Error Handling and Edge Cases Edge Cases for Filter Parameters should handle special characters in filter values" time="0.001">
    </testcase>
    <testcase classname="UserService Error Handling and Edge Cases Edge Cases for User Creation should handle user creation with empty optional fields" name="UserService Error Handling and Edge Cases Edge Cases for User Creation should handle user creation with empty optional fields" time="0.002">
    </testcase>
    <testcase classname="UserService Error Handling and Edge Cases Edge Cases for User Creation should handle user creation with undefined optional fields" name="UserService Error Handling and Edge Cases Edge Cases for User Creation should handle user creation with undefined optional fields" time="0.002">
    </testcase>
    <testcase classname="UserService Error Handling and Edge Cases Edge Cases for User Creation should handle user creation with maximum field lengths" name="UserService Error Handling and Edge Cases Edge Cases for User Creation should handle user creation with maximum field lengths" time="0.003">
    </testcase>
    <testcase classname="UserService Error Handling and Edge Cases Edge Cases for User Updates should handle empty patches array" name="UserService Error Handling and Edge Cases Edge Cases for User Updates should handle empty patches array" time="0.002">
    </testcase>
    <testcase classname="UserService Error Handling and Edge Cases Edge Cases for User Updates should handle patch with null value" name="UserService Error Handling and Edge Cases Edge Cases for User Updates should handle patch with null value" time="0.001">
    </testcase>
    <testcase classname="UserService Error Handling and Edge Cases Edge Cases for User Deletion should handle deletion with ID 0" name="UserService Error Handling and Edge Cases Edge Cases for User Deletion should handle deletion with ID 0" time="0">
      <skipped/>
    </testcase>
    <testcase classname="UserService Error Handling and Edge Cases Edge Cases for User Deletion should handle deletion with negative ID" name="UserService Error Handling and Edge Cases Edge Cases for User Deletion should handle deletion with negative ID" time="0">
      <skipped/>
    </testcase>
    <testcase classname="UserService Password Reset Request requestPasswordReset should extract user_id from JWT token and add to headers" name="UserService Password Reset Request requestPasswordReset should extract user_id from JWT token and add to headers" time="0.003">
    </testcase>
    <testcase classname="UserService Password Reset Request requestPasswordReset should call password reset API successfully" name="UserService Password Reset Request requestPasswordReset should call password reset API successfully" time="0.002">
    </testcase>
    <testcase classname="UserService Password Reset Request requestPasswordReset should show user-friendly error for SMTP failures (500 with mail server error)" name="UserService Password Reset Request requestPasswordReset should show user-friendly error for SMTP failures (500 with mail server error)" time="0.002">
    </testcase>
    <testcase classname="UserService Password Reset Request requestPasswordReset should handle rate limiting (429)" name="UserService Password Reset Request requestPasswordReset should handle rate limiting (429)" time="0.002">
    </testcase>
    <testcase classname="UserService Password Reset Request requestPasswordReset should handle JWT decoding failures" name="UserService Password Reset Request requestPasswordReset should handle JWT decoding failures" time="0.003">
    </testcase>
    <testcase classname="UserService Password Reset Request requestPasswordReset should handle missing user_id claim in token" name="UserService Password Reset Request requestPasswordReset should handle missing user_id claim in token" time="0.002">
    </testcase>
    <testcase classname="UserService Password Reset Request requestPasswordReset should handle user not found (404)" name="UserService Password Reset Request requestPasswordReset should handle user not found (404)" time="0.003">
    </testcase>
    <testcase classname="UserService Password Reset Request requestPasswordReset should handle invalid request (400)" name="UserService Password Reset Request requestPasswordReset should handle invalid request (400)" time="0.002">
    </testcase>
    <testcase classname="UserService Password Reset Request requestPasswordReset should throw error when token is missing from localStorage" name="UserService Password Reset Request requestPasswordReset should throw error when token is missing from localStorage" time="0.003">
    </testcase>
    <testcase classname="UserService Password Reset Request requestPasswordReset should handle INTERNAL_SERVER_ERROR code specifically" name="UserService Password Reset Request requestPasswordReset should handle INTERNAL_SERVER_ERROR code specifically" time="0.003">
    </testcase>
    <testcase classname="UserService Password Reset Request requestPasswordReset should handle non-JSON error responses" name="UserService Password Reset Request requestPasswordReset should handle non-JSON error responses" time="0.003">
    </testcase>
    <testcase classname="UserService Password Reset Request requestPasswordReset should handle SMTP-specific error message" name="UserService Password Reset Request requestPasswordReset should handle SMTP-specific error message" time="0.002">
    </testcase>
    <testcase classname="UserService Password Reset Request requestPasswordReset should handle token with only 2 parts (invalid format)" name="UserService Password Reset Request requestPasswordReset should handle token with only 2 parts (invalid format)" time="0.003">
    </testcase>
    <testcase classname="UserService Password Reset Request requestPasswordReset should handle token with more than 3 parts" name="UserService Password Reset Request requestPasswordReset should handle token with more than 3 parts" time="0.002">
    </testcase>
    <testcase classname="UserService Password Reset Request requestPasswordReset should handle token with malformed base64 payload" name="UserService Password Reset Request requestPasswordReset should handle token with malformed base64 payload" time="0.003">
    </testcase>
    <testcase classname="UserService Password Reset Request requestPasswordReset should handle token with invalid JSON in payload" name="UserService Password Reset Request requestPasswordReset should handle token with invalid JSON in payload" time="0.007">
    </testcase>
  </testsuite>
  <testsuite name="RoleService" errors="0" failures="0" skipped="21" timestamp="2026-04-14T10:18:56" time="1.829" tests="43">
    <testcase classname="RoleService getRoles should fetch roles with pagination" name="RoleService getRoles should fetch roles with pagination" time="0.084">
    </testcase>
    <testcase classname="RoleService getRoles should send empty array when no filter name provided" name="RoleService getRoles should send empty array when no filter name provided" time="0.005">
    </testcase>
    <testcase classname="RoleService getRoles should send filter name in array when provided" name="RoleService getRoles should send filter name in array when provided" time="0.006">
    </testcase>
    <testcase classname="RoleService getRoles should handle API error with handleApiError" name="RoleService getRoles should handle API error with handleApiError" time="0.07">
    </testcase>
    <testcase classname="RoleService getRoles should calculate pagination correctly" name="RoleService getRoles should calculate pagination correctly" time="0.005">
    </testcase>
    <testcase classname="RoleService getRoles should handle empty results" name="RoleService getRoles should handle empty results" time="0.007">
    </testcase>
    <testcase classname="RoleService getRoles should include pagination in API call" name="RoleService getRoles should include pagination in API call" time="0.008">
    </testcase>
    <testcase classname="RoleService getRoleByName should fetch role by name" name="RoleService getRoleByName should fetch role by name" time="0.004">
    </testcase>
    <testcase classname="RoleService getRoleByName should handle response without results array" name="RoleService getRoleByName should handle response without results array" time="0.003">
    </testcase>
    <testcase classname="RoleService getRoleByName should return first result from results array" name="RoleService getRoleByName should return first result from results array" time="0.003">
    </testcase>
    <testcase classname="RoleService getRoleByName should handle API error" name="RoleService getRoleByName should handle API error" time="0.024">
    </testcase>
    <testcase classname="RoleService getRolesByIds should fetch roles by IDs" name="RoleService getRolesByIds should fetch roles by IDs" time="0.004">
    </testcase>
    <testcase classname="RoleService getRolesByIds should return empty array when no results" name="RoleService getRolesByIds should return empty array when no results" time="0.006">
    </testcase>
    <testcase classname="RoleService getRolesByIds should handle empty ID array" name="RoleService getRolesByIds should handle empty ID array" time="0.003">
    </testcase>
    <testcase classname="RoleService createRole should create role successfully" name="RoleService createRole should create role successfully" time="0.006">
    </testcase>
    <testcase classname="RoleService createRole should handle response without results array" name="RoleService createRole should handle response without results array" time="0.005">
    </testcase>
    <testcase classname="RoleService createRole should handle API error" name="RoleService createRole should handle API error" time="0.005">
    </testcase>
    <testcase classname="RoleService updateRole should update role successfully" name="RoleService updateRole should update role successfully" time="0.007">
    </testcase>
    <testcase classname="RoleService updateRole should handle response without results array" name="RoleService updateRole should handle response without results array" time="0.005">
    </testcase>
    <testcase classname="RoleService updateRole should handle partial update" name="RoleService updateRole should handle partial update" time="0.005">
    </testcase>
    <testcase classname="RoleService deleteRole should delete role successfully" name="RoleService deleteRole should delete role successfully" time="0.004">
    </testcase>
    <testcase classname="RoleService deleteRole should handle API error" name="RoleService deleteRole should handle API error" time="0.003">
    </testcase>
    <testcase classname="RoleService Error Handling and Edge Cases HTTP Error Responses should handle 401 Unauthorized error in getRoles" name="RoleService Error Handling and Edge Cases HTTP Error Responses should handle 401 Unauthorized error in getRoles" time="0">
      <skipped/>
    </testcase>
    <testcase classname="RoleService Error Handling and Edge Cases HTTP Error Responses should handle 403 Forbidden error in createRole" name="RoleService Error Handling and Edge Cases HTTP Error Responses should handle 403 Forbidden error in createRole" time="0">
      <skipped/>
    </testcase>
    <testcase classname="RoleService Error Handling and Edge Cases HTTP Error Responses should handle 404 Not Found error in updateRole" name="RoleService Error Handling and Edge Cases HTTP Error Responses should handle 404 Not Found error in updateRole" time="0">
      <skipped/>
    </testcase>
    <testcase classname="RoleService Error Handling and Edge Cases HTTP Error Responses should handle 409 Conflict error in createRole" name="RoleService Error Handling and Edge Cases HTTP Error Responses should handle 409 Conflict error in createRole" time="0">
      <skipped/>
    </testcase>
    <testcase classname="RoleService Error Handling and Edge Cases HTTP Error Responses should handle 500 Internal Server Error" name="RoleService Error Handling and Edge Cases HTTP Error Responses should handle 500 Internal Server Error" time="0">
      <skipped/>
    </testcase>
    <testcase classname="RoleService Error Handling and Edge Cases Network Errors should handle network timeout in getRoles" name="RoleService Error Handling and Edge Cases Network Errors should handle network timeout in getRoles" time="0">
      <skipped/>
    </testcase>
    <testcase classname="RoleService Error Handling and Edge Cases Network Errors should handle connection refused error" name="RoleService Error Handling and Edge Cases Network Errors should handle connection refused error" time="0">
      <skipped/>
    </testcase>
    <testcase classname="RoleService Error Handling and Edge Cases Response Format Variations should handle empty results array" name="RoleService Error Handling and Edge Cases Response Format Variations should handle empty results array" time="0">
      <skipped/>
    </testcase>
    <testcase classname="RoleService Error Handling and Edge Cases Response Format Variations should handle null response" name="RoleService Error Handling and Edge Cases Response Format Variations should handle null response" time="0">
      <skipped/>
    </testcase>
    <testcase classname="RoleService Error Handling and Edge Cases Response Format Variations should handle undefined results field" name="RoleService Error Handling and Edge Cases Response Format Variations should handle undefined results field" time="0">
      <skipped/>
    </testcase>
    <testcase classname="RoleService Error Handling and Edge Cases Response Format Variations should handle response with extra fields" name="RoleService Error Handling and Edge Cases Response Format Variations should handle response with extra fields" time="0">
      <skipped/>
    </testcase>
    <testcase classname="RoleService Error Handling and Edge Cases Edge Cases for Create/Update should handle role creation with empty description" name="RoleService Error Handling and Edge Cases Edge Cases for Create/Update should handle role creation with empty description" time="0">
      <skipped/>
    </testcase>
    <testcase classname="RoleService Error Handling and Edge Cases Edge Cases for Create/Update should handle role update with undefined description" name="RoleService Error Handling and Edge Cases Edge Cases for Create/Update should handle role update with undefined description" time="0">
      <skipped/>
    </testcase>
    <testcase classname="RoleService Error Handling and Edge Cases Edge Cases for Create/Update should handle role creation with empty scopes array" name="RoleService Error Handling and Edge Cases Edge Cases for Create/Update should handle role creation with empty scopes array" time="0">
      <skipped/>
    </testcase>
    <testcase classname="RoleService Error Handling and Edge Cases Edge Cases for Create/Update should handle role creation with many scopes" name="RoleService Error Handling and Edge Cases Edge Cases for Create/Update should handle role creation with many scopes" time="0">
      <skipped/>
    </testcase>
    <testcase classname="RoleService Error Handling and Edge Cases Edge Cases for Create/Update should handle role name with special characters" name="RoleService Error Handling and Edge Cases Edge Cases for Create/Update should handle role name with special characters" time="0">
      <skipped/>
    </testcase>
    <testcase classname="RoleService Error Handling and Edge Cases Edge Cases for Delete should handle deletion of role with special characters" name="RoleService Error Handling and Edge Cases Edge Cases for Delete should handle deletion of role with special characters" time="0">
      <skipped/>
    </testcase>
    <testcase classname="RoleService Error Handling and Edge Cases Edge Cases for Delete should handle deletion of empty string role name" name="RoleService Error Handling and Edge Cases Edge Cases for Delete should handle deletion of empty string role name" time="0">
      <skipped/>
    </testcase>
    <testcase classname="RoleService Error Handling and Edge Cases Pagination Edge Cases should handle getRoles with zero pageSize" name="RoleService Error Handling and Edge Cases Pagination Edge Cases should handle getRoles with zero pageSize" time="0">
      <skipped/>
    </testcase>
    <testcase classname="RoleService Error Handling and Edge Cases Pagination Edge Cases should handle getRoles with negative pagination values" name="RoleService Error Handling and Edge Cases Pagination Edge Cases should handle getRoles with negative pagination values" time="0">
      <skipped/>
    </testcase>
    <testcase classname="RoleService Error Handling and Edge Cases Pagination Edge Cases should handle getRoles with very large pageSize" name="RoleService Error Handling and Edge Cases Pagination Edge Cases should handle getRoles with very large pageSize" time="0">
      <skipped/>
    </testcase>
  </testsuite>
  <testsuite name="Dashboard" errors="0" failures="0" skipped="0" timestamp="2026-04-14T10:18:01" time="57.667" tests="5">
    <testcase classname="Dashboard renders dashboard component" name="Dashboard renders dashboard component" time="0.058">
    </testcase>
    <testcase classname="Dashboard shows loading state initially" name="Dashboard shows loading state initially" time="0.04">
    </testcase>
    <testcase classname="Dashboard displays dashboard title after loading" name="Dashboard displays dashboard title after loading" time="0.027">
    </testcase>
    <testcase classname="Dashboard displays stat cards after loading" name="Dashboard displays stat cards after loading" time="0.034">
    </testcase>
    <testcase classname="Dashboard renders grid layout" name="Dashboard renders grid layout" time="1.362">
    </testcase>
  </testsuite>
  <testsuite name="apiErrorHandler" errors="0" failures="0" skipped="0" timestamp="2026-04-14T10:18:58" time="1.415" tests="10">
    <testcase classname="apiErrorHandler handleApiError should throw error after logging response error details" name="apiErrorHandler handleApiError should throw error after logging response error details" time="0.04">
    </testcase>
    <testcase classname="apiErrorHandler handleApiError should log request error details when response is missing" name="apiErrorHandler handleApiError should log request error details when response is missing" time="0.004">
    </testcase>
    <testcase classname="apiErrorHandler handleApiError should log error code and name" name="apiErrorHandler handleApiError should log error code and name" time="0.004">
    </testcase>
    <testcase classname="apiErrorHandler handleApiError should use default context value" name="apiErrorHandler handleApiError should use default context value" time="0.003">
    </testcase>
    <testcase classname="apiErrorHandler handleApiError should use custom context value" name="apiErrorHandler handleApiError should use custom context value" time="0.003">
    </testcase>
    <testcase classname="apiErrorHandler handleApiError should log response data keys when response data is an object" name="apiErrorHandler handleApiError should log response data keys when response data is an object" time="0.004">
    </testcase>
    <testcase classname="apiErrorHandler handleApiError should not log response data keys when response data is not an object" name="apiErrorHandler handleApiError should not log response data keys when response data is not an object" time="0.004">
    </testcase>
    <testcase classname="apiErrorHandler handleApiError should log end marker after error logging" name="apiErrorHandler handleApiError should log end marker after error logging" time="0.002">
    </testcase>
    <testcase classname="apiErrorHandler handleApiError should handle error without response or request" name="apiErrorHandler handleApiError should handle error without response or request" time="0.002">
    </testcase>
    <testcase classname="apiErrorHandler handleApiError should handle error with request but no config" name="apiErrorHandler handleApiError should handle error with request but no config" time="0.003">
    </testcase>
  </testsuite>
  <testsuite name="tokenManager" errors="0" failures="0" skipped="0" timestamp="2026-04-14T10:18:58" time="1.358" tests="10">
    <testcase classname="tokenManager shouldRefreshToken returns true when the token is expired" name="tokenManager shouldRefreshToken returns true when the token is expired" time="0.003">
    </testcase>
    <testcase classname="tokenManager shouldRefreshToken returns false when the token is valid" name="tokenManager shouldRefreshToken returns false when the token is valid" time="0.002">
    </testcase>
    <testcase classname="tokenManager handleTokenRefresh returns null when no refresh token is stored" name="tokenManager handleTokenRefresh returns null when no refresh token is stored" time="0.011">
    </testcase>
    <testcase classname="tokenManager handleTokenRefresh refreshes successfully and returns the new access token" name="tokenManager handleTokenRefresh refreshes successfully and returns the new access token" time="0.004">
    </testcase>
    <testcase classname="tokenManager handleTokenRefresh clears tokens and redirects to /login when refresh fails" name="tokenManager handleTokenRefresh clears tokens and redirects to /login when refresh fails" time="0.043">
    </testcase>
    <testcase classname="tokenManager getValidToken returns null when no access token is stored" name="tokenManager getValidToken returns null when no access token is stored" time="0.001">
    </testcase>
    <testcase classname="tokenManager getValidToken returns the current token directly when it is not expired" name="tokenManager getValidToken returns the current token directly when it is not expired" time="0.002">
    </testcase>
    <testcase classname="tokenManager getValidToken refreshes and returns new token when the current one is expired" name="tokenManager getValidToken refreshes and returns new token when the current one is expired" time="0.003">
    </testcase>
    <testcase classname="tokenManager getValidToken returns null when expired and refresh also fails" name="tokenManager getValidToken returns null when expired and refresh also fails" time="0.002">
    </testcase>
    <testcase classname="tokenManager concurrent refresh handling queues a second caller and resolves it with the same token" name="tokenManager concurrent refresh handling queues a second caller and resolves it with the same token" time="0.004">
    </testcase>
  </testsuite>
  <testsuite name="AccountService" errors="0" failures="0" skipped="0" timestamp="2026-04-14T10:18:58" time="1.634" tests="51">
    <testcase classname="AccountService createAccount should create account successfully" name="AccountService createAccount should create account successfully" time="0.004">
    </testcase>
    <testcase classname="AccountService createAccount should handle HTTP error on create" name="AccountService createAccount should handle HTTP error on create" time="0.002">
    </testcase>
    <testcase classname="AccountService createAccount should handle network error on create" name="AccountService createAccount should handle network error on create" time="0.001">
    </testcase>
    <testcase classname="AccountService createAccount should handle JSON parse error on create" name="AccountService createAccount should handle JSON parse error on create" time="0.001">
    </testcase>
    <testcase classname="AccountService getAccount should retrieve account" name="AccountService getAccount should retrieve account" time="0.002">
    </testcase>
    <testcase classname="AccountService getAccount should handle 404 on get" name="AccountService getAccount should handle 404 on get" time="0.001">
    </testcase>
    <testcase classname="AccountService getAccount should handle network error on get" name="AccountService getAccount should handle network error on get" time="0.001">
    </testcase>
    <testcase classname="AccountService updateAccount should handle error on update" name="AccountService updateAccount should handle error on update" time="0.002">
    </testcase>
    <testcase classname="AccountService deleteAccount should handle error on delete" name="AccountService deleteAccount should handle error on delete" time="0.001">
    </testcase>
    <testcase classname="AccountService HTTP Methods should use POST for create" name="AccountService HTTP Methods should use POST for create" time="0.001">
    </testcase>
    <testcase classname="AccountService HTTP Methods should use GET for retrieve" name="AccountService HTTP Methods should use GET for retrieve" time="0.001">
    </testcase>
    <testcase classname="AccountService HTTP Methods should use POST for update" name="AccountService HTTP Methods should use POST for update" time="0.003">
    </testcase>
    <testcase classname="AccountService HTTP Methods should use DELETE for delete" name="AccountService HTTP Methods should use DELETE for delete" time="0.004">
    </testcase>
    <testcase classname="AccountService API Endpoints should call correct endpoint for create" name="AccountService API Endpoints should call correct endpoint for create" time="0.003">
    </testcase>
    <testcase classname="AccountService API Endpoints should call correct endpoint for get" name="AccountService API Endpoints should call correct endpoint for get" time="0.001">
    </testcase>
    <testcase classname="AccountService API Endpoints should call correct endpoint for update" name="AccountService API Endpoints should call correct endpoint for update" time="0.002">
    </testcase>
    <testcase classname="AccountService API Endpoints should call correct endpoint for delete" name="AccountService API Endpoints should call correct endpoint for delete" time="0.001">
    </testcase>
    <testcase classname="AccountService Error Codes should handle 400 Bad Request" name="AccountService Error Codes should handle 400 Bad Request" time="0.001">
    </testcase>
    <testcase classname="AccountService Error Codes should handle 401 Unauthorized" name="AccountService Error Codes should handle 401 Unauthorized" time="0.001">
    </testcase>
    <testcase classname="AccountService Error Codes should handle 403 Forbidden" name="AccountService Error Codes should handle 403 Forbidden" time="0.001">
    </testcase>
    <testcase classname="AccountService Error Codes should handle 500 Server Error" name="AccountService Error Codes should handle 500 Server Error" time="0.002">
    </testcase>
    <testcase classname="AccountService Error Codes should handle 404 Not Found" name="AccountService Error Codes should handle 404 Not Found" time="0.001">
    </testcase>
    <testcase classname="AccountService Error Codes should handle 405 Method Not Allowed" name="AccountService Error Codes should handle 405 Method Not Allowed" time="0.002">
    </testcase>
    <testcase classname="AccountService Response Handling should handle successful update with text response" name="AccountService Response Handling should handle successful update with text response" time="0.001">
    </testcase>
    <testcase classname="AccountService Response Handling should handle successful delete with text response" name="AccountService Response Handling should handle successful delete with text response" time="0.001">
    </testcase>
    <testcase classname="AccountService Response Handling should handle error instance in catch block" name="AccountService Response Handling should handle error instance in catch block" time="0.001">
    </testcase>
    <testcase classname="AccountService Response Handling should handle non-Error exception in catch block" name="AccountService Response Handling should handle non-Error exception in catch block" time="0.001">
    </testcase>
    <testcase classname="AccountService Edge Cases should handle empty accountName in create" name="AccountService Edge Cases should handle empty accountName in create" time="0.002">
    </testcase>
    <testcase classname="AccountService Edge Cases should handle undefined optional fields in create" name="AccountService Edge Cases should handle undefined optional fields in create" time="0.002">
    </testcase>
    <testcase classname="AccountService Edge Cases should handle empty update object" name="AccountService Edge Cases should handle empty update object" time="0.001">
    </testcase>
    <testcase classname="AccountService Edge Cases should handle special characters in accountId" name="AccountService Edge Cases should handle special characters in accountId" time="0.002">
    </testcase>
    <testcase classname="AccountService filterAccounts should filter accounts successfully" name="AccountService filterAccounts should filter accounts successfully" time="0.005">
    </testcase>
    <testcase classname="AccountService filterAccounts should handle filterAccounts error" name="AccountService filterAccounts should handle filterAccounts error" time="0.001">
    </testcase>
    <testcase classname="AccountService filterAccounts should build query parameters correctly" name="AccountService filterAccounts should build query parameters correctly" time="0.002">
    </testcase>
    <testcase classname="AccountService getAllAccounts should get all accounts with default filter" name="AccountService getAllAccounts should get all accounts with default filter" time="0.002">
    </testcase>
    <testcase classname="AccountService getAllAccounts should pass parameters to getAllAccounts" name="AccountService getAllAccounts should pass parameters to getAllAccounts" time="0.002">
    </testcase>
    <testcase classname="AccountService getAccountsByStatus should get accounts by status" name="AccountService getAccountsByStatus should get accounts by status" time="0.002">
    </testcase>
    <testcase classname="AccountService getChildAccounts should get child accounts of a parent" name="AccountService getChildAccounts should get child accounts of a parent" time="0.003">
    </testcase>
    <testcase classname="AccountService searchAccountsByName should search accounts by name" name="AccountService searchAccountsByName should search accounts by name" time="0.002">
    </testcase>
    <testcase classname="AccountService User Account Role Mapping assignUserToAccount should assign user to account successfully" name="AccountService User Account Role Mapping assignUserToAccount should assign user to account successfully" time="0.001">
    </testcase>
    <testcase classname="AccountService User Account Role Mapping assignUserToAccount should handle assignUserToAccount error" name="AccountService User Account Role Mapping assignUserToAccount should handle assignUserToAccount error" time="0.066">
    </testcase>
    <testcase classname="AccountService User Account Role Mapping getUserAccountMappings should get user account mappings successfully" name="AccountService User Account Role Mapping getUserAccountMappings should get user account mappings successfully" time="0.002">
    </testcase>
    <testcase classname="AccountService User Account Role Mapping getUserAccountMappings should handle getUserAccountMappings error" name="AccountService User Account Role Mapping getUserAccountMappings should handle getUserAccountMappings error" time="0.039">
    </testcase>
    <testcase classname="AccountService User Account Role Mapping getAccountUserMappings should get account user mappings successfully" name="AccountService User Account Role Mapping getAccountUserMappings should get account user mappings successfully" time="0.002">
    </testcase>
    <testcase classname="AccountService User Account Role Mapping getAccountUserMappings should handle getAccountUserMappings error" name="AccountService User Account Role Mapping getAccountUserMappings should handle getAccountUserMappings error" time="0.003">
    </testcase>
    <testcase classname="AccountService User Account Role Mapping updateUserAccountRoles should update user account roles successfully" name="AccountService User Account Role Mapping updateUserAccountRoles should update user account roles successfully" time="0.001">
    </testcase>
    <testcase classname="AccountService User Account Role Mapping updateUserAccountRoles should handle updateUserAccountRoles error" name="AccountService User Account Role Mapping updateUserAccountRoles should handle updateUserAccountRoles error" time="0.002">
    </testcase>
    <testcase classname="AccountService User Account Role Mapping removeUserFromAccount should remove user from account successfully" name="AccountService User Account Role Mapping removeUserFromAccount should remove user from account successfully" time="0.002">
    </testcase>
    <testcase classname="AccountService User Account Role Mapping removeUserFromAccount should handle removeUserFromAccount error" name="AccountService User Account Role Mapping removeUserFromAccount should handle removeUserFromAccount error" time="0.002">
    </testcase>
    <testcase classname="AccountService User Account Role Mapping bulkAssignUsersToAccount should bulk assign users to account successfully" name="AccountService User Account Role Mapping bulkAssignUsersToAccount should bulk assign users to account successfully" time="0.002">
    </testcase>
    <testcase classname="AccountService User Account Role Mapping bulkAssignUsersToAccount should handle bulkAssignUsersToAccount error" name="AccountService User Account Role Mapping bulkAssignUsersToAccount should handle bulkAssignUsersToAccount error" time="0.003">
    </testcase>
  </testsuite>
  <testsuite name="session-management/index" errors="0" failures="0" skipped="0" timestamp="2026-04-14T10:18:58" time="1.485" tests="1">
    <testcase classname="session-management/index exports ActiveSessionsManagement component" name="session-management/index exports ActiveSessionsManagement component" time="0.002">
    </testcase>
  </testsuite>
  <testsuite name="api-client" errors="0" failures="0" skipped="1" timestamp="2026-04-14T10:18:58" time="1.588" tests="30">
    <testcase classname="api-client ApiClient instances should create userManagementApi instance" name="api-client ApiClient instances should create userManagementApi instance" time="0.013">
    </testcase>
    <testcase classname="api-client ApiClient instances should create authServerApi instance" name="api-client ApiClient instances should create authServerApi instance" time="0.002">
    </testcase>
    <testcase classname="api-client ApiClient instances should create ApiClient with correct configuration" name="api-client ApiClient instances should create ApiClient with correct configuration" time="0.003">
    </testcase>
    <testcase classname="api-client Token management should store auth token in localStorage" name="api-client Token management should store auth token in localStorage" time="0.002">
    </testcase>
    <testcase classname="api-client Token management should clear auth token from localStorage" name="api-client Token management should clear auth token from localStorage" time="0.003">
    </testcase>
    <testcase classname="api-client Token management should retrieve token from localStorage" name="api-client Token management should retrieve token from localStorage" time="0.001">
    </testcase>
    <testcase classname="api-client HTTP methods should make GET request" name="api-client HTTP methods should make GET request" time="0.002">
    </testcase>
    <testcase classname="api-client HTTP methods should make GET request with config" name="api-client HTTP methods should make GET request with config" time="0.002">
    </testcase>
    <testcase classname="api-client HTTP methods should make POST request" name="api-client HTTP methods should make POST request" time="0.002">
    </testcase>
    <testcase classname="api-client HTTP methods should make POST request with config" name="api-client HTTP methods should make POST request with config" time="0.002">
    </testcase>
    <testcase classname="api-client HTTP methods should make PUT request" name="api-client HTTP methods should make PUT request" time="0.002">
    </testcase>
    <testcase classname="api-client HTTP methods should make PATCH request" name="api-client HTTP methods should make PATCH request" time="0.003">
    </testcase>
    <testcase classname="api-client HTTP methods should make DELETE request" name="api-client HTTP methods should make DELETE request" time="0.003">
    </testcase>
    <testcase classname="api-client HTTP methods should make DELETE request with config" name="api-client HTTP methods should make DELETE request with config" time="0.002">
    </testcase>
    <testcase classname="api-client Request interceptor should add correlation ID to requests" name="api-client Request interceptor should add correlation ID to requests" time="0.03">
    </testcase>
    <testcase classname="api-client Request interceptor should add Authorization header when token exists" name="api-client Request interceptor should add Authorization header when token exists" time="0.005">
    </testcase>
    <testcase classname="api-client Request interceptor should extract user-id from JWT token and add as header" name="api-client Request interceptor should extract user-id from JWT token and add as header" time="0.01">
    </testcase>
    <testcase classname="api-client Request interceptor should handle invalid JWT token gracefully" name="api-client Request interceptor should handle invalid JWT token gracefully" time="0.01">
    </testcase>
    <testcase classname="api-client Request interceptor should handle request interceptor errors" name="api-client Request interceptor should handle request interceptor errors" time="0.054">
    </testcase>
    <testcase classname="api-client Request interceptor should convert non-Error objects to Error in request interceptor" name="api-client Request interceptor should convert non-Error objects to Error in request interceptor" time="0.017">
    </testcase>
    <testcase classname="api-client Response interceptor should handle successful responses" name="api-client Response interceptor should handle successful responses" time="0.003">
    </testcase>
    <testcase classname="api-client Response interceptor should handle 401 errors without refresh token" name="api-client Response interceptor should handle 401 errors without refresh token" time="0.003">
    </testcase>
    <testcase classname="api-client Response interceptor should handle 401 errors with refresh token" name="api-client Response interceptor should handle 401 errors with refresh token" time="0">
      <skipped/>
    </testcase>
    <testcase classname="api-client Response interceptor should not retry 401 errors twice" name="api-client Response interceptor should not retry 401 errors twice" time="0.003">
    </testcase>
    <testcase classname="api-client Response interceptor should handle non-401 errors" name="api-client Response interceptor should handle non-401 errors" time="0.003">
    </testcase>
    <testcase classname="api-client Response interceptor should convert non-Error objects to Error in response interceptor" name="api-client Response interceptor should convert non-Error objects to Error in response interceptor" time="0.003">
    </testcase>
    <testcase classname="api-client Response interceptor should handle network errors" name="api-client Response interceptor should handle network errors" time="0.003">
    </testcase>
    <testcase classname="api-client API configuration should use correct base URLs from config" name="api-client API configuration should use correct base URLs from config" time="0.002">
    </testcase>
    <testcase classname="api-client API configuration should have timeout configured" name="api-client API configuration should have timeout configured" time="0.001">
    </testcase>
    <testcase classname="api-client API configuration should have correct OAuth config" name="api-client API configuration should have correct OAuth config" time="0.001">
    </testcase>
  </testsuite>
  <testsuite name="AuthService" errors="0" failures="0" skipped="0" timestamp="2026-04-14T10:18:58" time="1.938" tests="84">
    <testcase classname="AuthService initiateLogin should redirect to authorization URL with PKCE" name="AuthService initiateLogin should redirect to authorization URL with PKCE" time="0.05">
    </testcase>
    <testcase classname="AuthService initiateLogin should store state in sessionStorage and localStorage" name="AuthService initiateLogin should store state in sessionStorage and localStorage" time="0.006">
    </testcase>
    <testcase classname="AuthService initiateLogin should store PKCE code verifier in sessionStorage" name="AuthService initiateLogin should store PKCE code verifier in sessionStorage" time="0.004">
    </testcase>
    <testcase classname="AuthService initiateLogin should store debug info in localStorage" name="AuthService initiateLogin should store debug info in localStorage" time="0.008">
    </testcase>
    <testcase classname="AuthService handleAuthCallback should successfully handle auth callback" name="AuthService handleAuthCallback should successfully handle auth callback" time="0.012">
    </testcase>
    <testcase classname="AuthService handleAuthCallback should throw error if state does not match" name="AuthService handleAuthCallback should throw error if state does not match" time="0.087">
    </testcase>
    <testcase classname="AuthService handleAuthCallback should clear stored state after successful callback" name="AuthService handleAuthCallback should clear stored state after successful callback" time="0.004">
    </testcase>
    <testcase classname="AuthService handleAuthCallback should store tokens in localStorage" name="AuthService handleAuthCallback should store tokens in localStorage" time="0.003">
    </testcase>
    <testcase classname="AuthService handleAuthCallback should handle token exchange failure" name="AuthService handleAuthCallback should handle token exchange failure" time="0.003">
    </testcase>
    <testcase classname="AuthService handleAuthCallback should use fallback user profile if introspection fails" name="AuthService handleAuthCallback should use fallback user profile if introspection fails" time="0.003">
    </testcase>
    <testcase classname="AuthService refreshToken should refresh token successfully" name="AuthService refreshToken should refresh token successfully" time="0.003">
    </testcase>
    <testcase classname="AuthService refreshToken should throw error if refresh fails" name="AuthService refreshToken should throw error if refresh fails" time="0.002">
    </testcase>
    <testcase classname="AuthService logout should call OAuth2 logout endpoint with access token and clear storage" name="AuthService logout should call OAuth2 logout endpoint with access token and clear storage" time="0.005">
    </testcase>
    <testcase classname="AuthService logout should use custom post_logout_redirect_uri when provided" name="AuthService logout should use custom post_logout_redirect_uri when provided" time="0.002">
    </testcase>
    <testcase classname="AuthService logout should clear storage even if logout request fails" name="AuthService logout should clear storage even if logout request fails" time="0.003">
    </testcase>
    <testcase classname="AuthService logout should not call logout endpoint if no token exists" name="AuthService logout should not call logout endpoint if no token exists" time="0.001">
    </testcase>
    <testcase classname="AuthService logout should clear pkce_code_verifier from sessionStorage on logout" name="AuthService logout should clear pkce_code_verifier from sessionStorage on logout" time="0.008">
    </testcase>
    <testcase classname="AuthService logout should log logout details to console" name="AuthService logout should log logout details to console" time="0.002">
    </testcase>
    <testcase classname="AuthService logout should handle logout with 302 redirect status" name="AuthService logout should handle logout with 302 redirect status" time="0.004">
    </testcase>
    <testcase classname="AuthService getUserProfile - additional edge cases should use username fallback for email if email missing" name="AuthService getUserProfile - additional edge cases should use username fallback for email if email missing" time="0.005">
    </testcase>
    <testcase classname="AuthService getUserProfile - additional edge cases should use sub for userId if username missing" name="AuthService getUserProfile - additional edge cases should use sub for userId if username missing" time="0.002">
    </testcase>
    <testcase classname="AuthService getUserProfile - additional edge cases should parse space-separated scopes from introspection" name="AuthService getUserProfile - additional edge cases should parse space-separated scopes from introspection" time="0.002">
    </testcase>
    <testcase classname="AuthService getUserProfile - additional edge cases should use default accounts array if accounts missing" name="AuthService getUserProfile - additional edge cases should use default accounts array if accounts missing" time="0.002">
    </testcase>
    <testcase classname="AuthService Token Management should get stored token" name="AuthService Token Management should get stored token" time="0.001">
    </testcase>
    <testcase classname="AuthService Token Management should get stored refresh token" name="AuthService Token Management should get stored refresh token" time="0.003">
    </testcase>
    <testcase classname="AuthService Token Management should get stored scopes" name="AuthService Token Management should get stored scopes" time="0.002">
    </testcase>
    <testcase classname="AuthService Token Management should return default scopes if none stored" name="AuthService Token Management should return default scopes if none stored" time="0.001">
    </testcase>
    <testcase classname="AuthService Token Management should check if token is expired" name="AuthService Token Management should check if token is expired" time="0.002">
    </testcase>
    <testcase classname="AuthService Token Management should return true if token expiration time has passed" name="AuthService Token Management should return true if token expiration time has passed" time="0.001">
    </testcase>
    <testcase classname="AuthService Token Management should return true if no expiration time stored" name="AuthService Token Management should return true if no expiration time stored" time="0.001">
    </testcase>
    <testcase classname="AuthService Token Management should check if user is authenticated" name="AuthService Token Management should check if user is authenticated" time="0.001">
    </testcase>
    <testcase classname="AuthService Token Management should return false if no token" name="AuthService Token Management should return false if no token" time="0.001">
    </testcase>
    <testcase classname="AuthService Token Management should return false if token is expired" name="AuthService Token Management should return false if token is expired" time="0.002">
    </testcase>
    <testcase classname="AuthService Token Management should clear all stored tokens" name="AuthService Token Management should clear all stored tokens" time="0.002">
    </testcase>
    <testcase classname="AuthService initiateLogin - without PKCE should redirect to authorization URL without PKCE parameters" name="AuthService initiateLogin - without PKCE should redirect to authorization URL without PKCE parameters" time="0.003">
    </testcase>
    <testcase classname="AuthService initiateLogin - without PKCE should not store code verifier when PKCE is disabled" name="AuthService initiateLogin - without PKCE should not store code verifier when PKCE is disabled" time="0.003">
    </testcase>
    <testcase classname="AuthService initiateLogin - without PKCE should log legacy flow message when PKCE disabled" name="AuthService initiateLogin - without PKCE should log legacy flow message when PKCE disabled" time="0.003">
    </testcase>
    <testcase classname="AuthService initiateLogin - error handling should handle errors during code challenge generation" name="AuthService initiateLogin - error handling should handle errors during code challenge generation" time="0.004">
    </testcase>
    <testcase classname="AuthService handleAuthCallback - state validation edge cases should continue with warning when no state is stored" name="AuthService handleAuthCallback - state validation edge cases should continue with warning when no state is stored" time="0.004">
    </testcase>
    <testcase classname="AuthService handleAuthCallback - state validation edge cases should use localStorage state if sessionStorage is empty" name="AuthService handleAuthCallback - state validation edge cases should use localStorage state if sessionStorage is empty" time="0.005">
    </testcase>
    <testcase classname="AuthService handleAuthCallback - state validation edge cases should log detailed debug info during state verification" name="AuthService handleAuthCallback - state validation edge cases should log detailed debug info during state verification" time="0.004">
    </testcase>
    <testcase classname="AuthService handleAuthCallback - state validation edge cases should remove pkce_code_verifier from sessionStorage after successful exchange" name="AuthService handleAuthCallback - state validation edge cases should remove pkce_code_verifier from sessionStorage after successful exchange" time="0.004">
    </testcase>
    <testcase classname="AuthService handleAuthCallback - state validation edge cases should remove oauth_state_debug after successful callback" name="AuthService handleAuthCallback - state validation edge cases should remove oauth_state_debug after successful callback" time="0.005">
    </testcase>
    <testcase classname="AuthService exchangeCodeForTokens - PKCE flow should include code_verifier when PKCE is enabled and verifier exists" name="AuthService exchangeCodeForTokens - PKCE flow should include code_verifier when PKCE is enabled and verifier exists" time="0.003">
    </testcase>
    <testcase classname="AuthService exchangeCodeForTokens - PKCE flow should fallback to client_secret when code_verifier is missing" name="AuthService exchangeCodeForTokens - PKCE flow should fallback to client_secret when code_verifier is missing" time="0.004">
    </testcase>
    <testcase classname="AuthService exchangeCodeForTokens - error responses should handle token exchange with error JSON response" name="AuthService exchangeCodeForTokens - error responses should handle token exchange with error JSON response" time="0.005">
    </testcase>
    <testcase classname="AuthService exchangeCodeForTokens - error responses should handle token exchange with non-JSON error response" name="AuthService exchangeCodeForTokens - error responses should handle token exchange with non-JSON error response" time="0.004">
    </testcase>
    <testcase classname="AuthService exchangeCodeForTokens - error responses should handle token exchange with error object (no description)" name="AuthService exchangeCodeForTokens - error responses should handle token exchange with error object (no description)" time="0.003">
    </testcase>
    <testcase classname="AuthService exchangeCodeForTokens - error responses should log detailed error information on token exchange failure" name="AuthService exchangeCodeForTokens - error responses should log detailed error information on token exchange failure" time="0.005">
    </testcase>
    <testcase classname="AuthService getUserProfile - comprehensive coverage should handle introspection response with all fields" name="AuthService getUserProfile - comprehensive coverage should handle introspection response with all fields" time="0.008">
    </testcase>
    <testcase classname="AuthService getUserProfile - comprehensive coverage should handle inactive token in introspection response" name="AuthService getUserProfile - comprehensive coverage should handle inactive token in introspection response" time="0.002">
    </testcase>
    <testcase classname="AuthService getUserProfile - comprehensive coverage should handle network errors during introspection" name="AuthService getUserProfile - comprehensive coverage should handle network errors during introspection" time="0.002">
    </testcase>
    <testcase classname="AuthService getUserProfile - comprehensive coverage should use default values for missing optional fields" name="AuthService getUserProfile - comprehensive coverage should use default values for missing optional fields" time="0.001">
    </testcase>
    <testcase classname="AuthService getUserProfile - comprehensive coverage should use empty email when email missing from introspection and JWT" name="AuthService getUserProfile - comprehensive coverage should use empty email when email missing from introspection and JWT" time="0.002">
    </testcase>
    <testcase classname="AuthService decodeJwtPayload should decode a valid JWT payload" name="AuthService decodeJwtPayload should decode a valid JWT payload" time="0.002">
    </testcase>
    <testcase classname="AuthService decodeJwtPayload should return empty object for non-JWT string" name="AuthService decodeJwtPayload should return empty object for non-JWT string" time="0.001">
    </testcase>
    <testcase classname="AuthService decodeJwtPayload should return empty object for malformed JWT payload" name="AuthService decodeJwtPayload should return empty object for malformed JWT payload" time="0.003">
    </testcase>
    <testcase classname="AuthService decodeJwtPayload should use JWT claims as baseline when introspection returns partial data" name="AuthService decodeJwtPayload should use JWT claims as baseline when introspection returns partial data" time="0.003">
    </testcase>
    <testcase classname="AuthService decodeJwtPayload should use JWT fallback when introspection fails" name="AuthService decodeJwtPayload should use JWT fallback when introspection fails" time="0.002">
    </testcase>
    <testcase classname="AuthService refreshToken - comprehensive coverage should include client_secret in refresh request" name="AuthService refreshToken - comprehensive coverage should include client_secret in refresh request" time="0.002">
    </testcase>
    <testcase classname="AuthService refreshToken - comprehensive coverage should store new tokens after refresh" name="AuthService refreshToken - comprehensive coverage should store new tokens after refresh" time="0.002">
    </testcase>
    <testcase classname="AuthService refreshToken - comprehensive coverage should handle refresh without client_secret" name="AuthService refreshToken - comprehensive coverage should handle refresh without client_secret" time="0.002">
    </testcase>
    <testcase classname="AuthService logout - comprehensive coverage should include all required OAuth2 logout parameters" name="AuthService logout - comprehensive coverage should include all required OAuth2 logout parameters" time="0.003">
    </testcase>
    <testcase classname="AuthService logout - comprehensive coverage should generate unique state for each logout request" name="AuthService logout - comprehensive coverage should generate unique state for each logout request" time="0.003">
    </testcase>
    <testcase classname="AuthService logout - comprehensive coverage should clear all token-related items from storage" name="AuthService logout - comprehensive coverage should clear all token-related items from storage" time="0.003">
    </testcase>
    <testcase classname="AuthService logout - comprehensive coverage should use POST_LOGOUT_REDIRECT_URI from config" name="AuthService logout - comprehensive coverage should use POST_LOGOUT_REDIRECT_URI from config" time="0.002">
    </testcase>
    <testcase classname="AuthService logout - comprehensive coverage should construct correct logout URL with encoded access token" name="AuthService logout - comprehensive coverage should construct correct logout URL with encoded access token" time="0.001">
    </testcase>
    <testcase classname="AuthService storeTokens - comprehensive coverage should store token with scope and expiration" name="AuthService storeTokens - comprehensive coverage should store token with scope and expiration" time="0.002">
    </testcase>
    <testcase classname="AuthService storeTokens - comprehensive coverage should use default scopes if scope not in token response" name="AuthService storeTokens - comprehensive coverage should use default scopes if scope not in token response" time="0.001">
    </testcase>
    <testcase classname="AuthService storeUserProfile should store user profile as JSON" name="AuthService storeUserProfile should store user profile as JSON" time="0.002">
    </testcase>
    <testcase classname="AuthService PKCE helper methods should generate code verifier with correct format" name="AuthService PKCE helper methods should generate code verifier with correct format" time="0.003">
    </testcase>
    <testcase classname="AuthService PKCE helper methods should generate code challenge from verifier" name="AuthService PKCE helper methods should generate code challenge from verifier" time="0.006">
    </testcase>
    <testcase classname="AuthService PKCE helper methods should base64 URL encode correctly" name="AuthService PKCE helper methods should base64 URL encode correctly" time="0.001">
    </testcase>
    <testcase classname="AuthService Edge cases and error scenarios should handle very long token expiration time" name="AuthService Edge cases and error scenarios should handle very long token expiration time" time="0.001">
    </testcase>
    <testcase classname="AuthService Edge cases and error scenarios should handle token expiration at exact boundary" name="AuthService Edge cases and error scenarios should handle token expiration at exact boundary" time="0.001">
    </testcase>
    <testcase classname="AuthService Edge cases and error scenarios should handle invalid expiration time string" name="AuthService Edge cases and error scenarios should handle invalid expiration time string" time="0.001">
    </testcase>
    <testcase classname="AuthService Edge cases and error scenarios should handle empty token storage" name="AuthService Edge cases and error scenarios should handle empty token storage" time="0.001">
    </testcase>
    <testcase classname="AuthService Edge cases and error scenarios should return default scopes when scopes string is empty" name="AuthService Edge cases and error scenarios should return default scopes when scopes string is empty" time="0.002">
    </testcase>
    <testcase classname="AuthService State management should generate state with proper format" name="AuthService State management should generate state with proper format" time="0.002">
    </testcase>
    <testcase classname="AuthService State management should store state in both session and local storage" name="AuthService State management should store state in both session and local storage" time="0.001">
    </testcase>
    <testcase classname="AuthService State management should store debug info with timestamp and URL" name="AuthService State management should store debug info with timestamp and URL" time="0.001">
    </testcase>
    <testcase classname="AuthService Token exchange form data preparation should prepare form data with all required fields" name="AuthService Token exchange form data preparation should prepare form data with all required fields" time="0.002">
    </testcase>
    <testcase classname="AuthService Token exchange form data preparation should handle PKCE disabled" name="AuthService Token exchange form data preparation should handle PKCE disabled" time="0.002">
    </testcase>
    <testcase classname="AuthService Token exchange form data preparation should handle missing code verifier with warning" name="AuthService Token exchange form data preparation should handle missing code verifier with warning" time="0.003">
    </testcase>
  </testsuite>
  <testsuite name="authSlice" errors="0" failures="0" skipped="1" timestamp="2026-04-14T10:18:58" time="1.558" tests="11">
    <testcase classname="authSlice should have correct initial state when no stored data" name="authSlice should have correct initial state when no stored data" time="0.006">
    </testcase>
    <testcase classname="authSlice should initialize from localStorage if valid data exists" name="authSlice should initialize from localStorage if valid data exists" time="0">
      <skipped/>
    </testcase>
    <testcase classname="authSlice should not initialize from localStorage if token is expired" name="authSlice should not initialize from localStorage if token is expired" time="0.004">
    </testcase>
    <testcase classname="authSlice should handle loginStart action" name="authSlice should handle loginStart action" time="0.003">
    </testcase>
    <testcase classname="authSlice should handle loginSuccess action" name="authSlice should handle loginSuccess action" time="0.005">
    </testcase>
    <testcase classname="authSlice should handle loginFailure action" name="authSlice should handle loginFailure action" time="0.003">
    </testcase>
    <testcase classname="authSlice should handle logout action" name="authSlice should handle logout action" time="0.004">
    </testcase>
    <testcase classname="authSlice should handle updateUser action" name="authSlice should handle updateUser action" time="0.003">
    </testcase>
    <testcase classname="authSlice should handle clearError action" name="authSlice should handle clearError action" time="0.003">
    </testcase>
    <testcase classname="authSlice should maintain authentication state through multiple actions" name="authSlice should maintain authentication state through multiple actions" time="0.004">
    </testcase>
    <testcase classname="authSlice should handle invalid localStorage data gracefully" name="authSlice should handle invalid localStorage data gracefully" time="0.002">
    </testcase>
  </testsuite>
  <testsuite name="SessionService" errors="0" failures="0" skipped="0" timestamp="2026-04-14T10:18:58" time="1.636" tests="14">
    <testcase classname="SessionService getActiveSessions should fetch and map active sessions for current user successfully" name="SessionService getActiveSessions should fetch and map active sessions for current user successfully" time="0.028">
    </testcase>
    <testcase classname="SessionService getActiveSessions should map token id to sessionId" name="SessionService getActiveSessions should map token id to sessionId" time="0.003">
    </testcase>
    <testcase classname="SessionService getActiveSessions should map isCurrentSession to isCurrent" name="SessionService getActiveSessions should map isCurrentSession to isCurrent" time="0.003">
    </testcase>
    <testcase classname="SessionService getActiveSessions should map accessTokenIssuedAt to loginTime" name="SessionService getActiveSessions should map accessTokenIssuedAt to loginTime" time="0.003">
    </testcase>
    <testcase classname="SessionService getActiveSessions should map accessTokenExpiresAt to lastActivity" name="SessionService getActiveSessions should map accessTokenExpiresAt to lastActivity" time="0.004">
    </testcase>
    <testcase classname="SessionService getActiveSessions should map totalTokens to totalCount" name="SessionService getActiveSessions should map totalTokens to totalCount" time="0.004">
    </testcase>
    <testcase classname="SessionService getActiveSessions should return empty sessions when data.tokens is missing" name="SessionService getActiveSessions should return empty sessions when data.tokens is missing" time="0.004">
    </testcase>
    <testcase classname="SessionService getActiveSessions should handle errors when fetching sessions" name="SessionService getActiveSessions should handle errors when fetching sessions" time="0.033">
    </testcase>
    <testcase classname="SessionService terminateSessions should invalidate specified token IDs for current user" name="SessionService terminateSessions should invalidate specified token IDs for current user" time="0.003">
    </testcase>
    <testcase classname="SessionService terminateSessions should handle errors when terminating sessions" name="SessionService terminateSessions should handle errors when terminating sessions" time="0.004">
    </testcase>
    <testcase classname="SessionService getAdminActiveSessions should fetch and map active sessions for a specific user (admin)" name="SessionService getAdminActiveSessions should fetch and map active sessions for a specific user (admin)" time="0.004">
    </testcase>
    <testcase classname="SessionService getAdminActiveSessions should handle errors when fetching admin sessions" name="SessionService getAdminActiveSessions should handle errors when fetching admin sessions" time="0.004">
    </testcase>
    <testcase classname="SessionService terminateAdminSessions should invalidate specified token IDs for a given user (admin)" name="SessionService terminateAdminSessions should invalidate specified token IDs for a given user (admin)" time="0.003">
    </testcase>
    <testcase classname="SessionService terminateAdminSessions should handle errors when terminating admin sessions" name="SessionService terminateAdminSessions should handle errors when terminating admin sessions" time="0.005">
    </testcase>
  </testsuite>
  <testsuite name="jsonPatchUtils" errors="0" failures="0" skipped="0" timestamp="2026-04-14T10:18:59" time="1.518" tests="22">
    <testcase classname="jsonPatchUtils createStatusChangeOperation should create status change operation" name="jsonPatchUtils createStatusChangeOperation should create status change operation" time="0.002">
    </testcase>
    <testcase classname="jsonPatchUtils createStatusChangeOperation should work with different status values" name="jsonPatchUtils createStatusChangeOperation should work with different status values" time="0.006">
    </testcase>
    <testcase classname="jsonPatchUtils createAddRoleOperation should create add role operation" name="jsonPatchUtils createAddRoleOperation should create add role operation" time="0.002">
    </testcase>
    <testcase classname="jsonPatchUtils createAddRoleOperation should handle different account IDs and roles" name="jsonPatchUtils createAddRoleOperation should handle different account IDs and roles" time="0.001">
    </testcase>
    <testcase classname="jsonPatchUtils createAddRoleOperation should handle special characters in account ID" name="jsonPatchUtils createAddRoleOperation should handle special characters in account ID" time="0.002">
    </testcase>
    <testcase classname="jsonPatchUtils createRemoveRoleOperation should create remove role operation" name="jsonPatchUtils createRemoveRoleOperation should create remove role operation" time="0.001">
    </testcase>
    <testcase classname="jsonPatchUtils createRemoveRoleOperation should include role name in path" name="jsonPatchUtils createRemoveRoleOperation should include role name in path" time="0.001">
    </testcase>
    <testcase classname="jsonPatchUtils createRemoveRoleOperation should always have null value" name="jsonPatchUtils createRemoveRoleOperation should always have null value" time="0.001">
    </testcase>
    <testcase classname="jsonPatchUtils validateJsonPatchOperation should validate valid add operation" name="jsonPatchUtils validateJsonPatchOperation should validate valid add operation" time="0.001">
    </testcase>
    <testcase classname="jsonPatchUtils validateJsonPatchOperation should validate valid remove operation" name="jsonPatchUtils validateJsonPatchOperation should validate valid remove operation" time="0.001">
    </testcase>
    <testcase classname="jsonPatchUtils validateJsonPatchOperation should validate valid replace operation with status" name="jsonPatchUtils validateJsonPatchOperation should validate valid replace operation with status" time="0.001">
    </testcase>
    <testcase classname="jsonPatchUtils validateJsonPatchOperation should reject operation without path" name="jsonPatchUtils validateJsonPatchOperation should reject operation without path" time="0.001">
    </testcase>
    <testcase classname="jsonPatchUtils validateJsonPatchOperation should reject operation with invalid op" name="jsonPatchUtils validateJsonPatchOperation should reject operation with invalid op" time="0.001">
    </testcase>
    <testcase classname="jsonPatchUtils validateJsonPatchOperation should reject status operation without value" name="jsonPatchUtils validateJsonPatchOperation should reject status operation without value" time="0.002">
    </testcase>
    <testcase classname="jsonPatchUtils validateJsonPatchOperation should reject add operation without value" name="jsonPatchUtils validateJsonPatchOperation should reject add operation without value" time="0.002">
    </testcase>
    <testcase classname="jsonPatchUtils validateJsonPatchOperation should allow remove operation without value" name="jsonPatchUtils validateJsonPatchOperation should allow remove operation without value" time="0.001">
    </testcase>
    <testcase classname="jsonPatchUtils validateJsonPatchOperation should validate replace operation on non-status path" name="jsonPatchUtils validateJsonPatchOperation should validate replace operation on non-status path" time="0.001">
    </testcase>
    <testcase classname="jsonPatchUtils validateJsonPatchOperations should return isValid true for all valid operations" name="jsonPatchUtils validateJsonPatchOperations should return isValid true for all valid operations" time="0.002">
    </testcase>
    <testcase classname="jsonPatchUtils validateJsonPatchOperations should identify invalid operations" name="jsonPatchUtils validateJsonPatchOperations should identify invalid operations" time="0.002">
    </testcase>
    <testcase classname="jsonPatchUtils validateJsonPatchOperations should return empty invalid operations array when all valid" name="jsonPatchUtils validateJsonPatchOperations should return empty invalid operations array when all valid" time="0.001">
    </testcase>
    <testcase classname="jsonPatchUtils validateJsonPatchOperations should handle empty operations array" name="jsonPatchUtils validateJsonPatchOperations should handle empty operations array" time="0.001">
    </testcase>
    <testcase classname="jsonPatchUtils validateJsonPatchOperations should identify all invalid operations in mixed array" name="jsonPatchUtils validateJsonPatchOperations should identify all invalid operations in mixed array" time="0.002">
    </testcase>
  </testsuite>
  <testsuite name="Services Index Exports" errors="0" failures="0" skipped="0" timestamp="2026-04-14T10:19:00" time="1.275" tests="16">
    <testcase classname="Services Index Exports Class Exports should export UserService class" name="Services Index Exports Class Exports should export UserService class" time="0.002">
    </testcase>
    <testcase classname="Services Index Exports Class Exports should export RoleService class" name="Services Index Exports Class Exports should export RoleService class" time="0.001">
    </testcase>
    <testcase classname="Services Index Exports Class Exports should export ScopeService class" name="Services Index Exports Class Exports should export ScopeService class" time="0.001">
    </testcase>
    <testcase classname="Services Index Exports Class Exports should export AuthService" name="Services Index Exports Class Exports should export AuthService" time="0.001">
    </testcase>
    <testcase classname="Services Index Exports Class Exports should export authService instance" name="Services Index Exports Class Exports should export authService instance" time="0.001">
    </testcase>
    <testcase classname="Services Index Exports Service Instances should export userService instance" name="Services Index Exports Service Instances should export userService instance" time="0.001">
    </testcase>
    <testcase classname="Services Index Exports Service Instances should export roleService instance" name="Services Index Exports Service Instances should export roleService instance" time="0.001">
    </testcase>
    <testcase classname="Services Index Exports Service Instances should export scopeService instance" name="Services Index Exports Service Instances should export scopeService instance" time="0.001">
    </testcase>
    <testcase classname="Services Index Exports Service Instances should create singleton service instances" name="Services Index Exports Service Instances should create singleton service instances" time="0.001">
    </testcase>
    <testcase classname="Services Index Exports API Client Exports should export userManagementApi" name="Services Index Exports API Client Exports should export userManagementApi" time="0.001">
    </testcase>
    <testcase classname="Services Index Exports API Client Exports should export authServerApi" name="Services Index Exports API Client Exports should export authServerApi" time="0.001">
    </testcase>
    <testcase classname="Services Index Exports API Client Exports should export API clients as objects with methods" name="Services Index Exports API Client Exports should export API clients as objects with methods" time="0.001">
    </testcase>
    <testcase classname="Services Index Exports All Exports should have all expected exports" name="Services Index Exports All Exports should have all expected exports" time="0.003">
    </testcase>
    <testcase classname="Services Index Exports All Exports should export at least 10 items" name="Services Index Exports All Exports should export at least 10 items" time="0">
    </testcase>
    <testcase classname="Services Index Exports Service Functionality should allow creating new instances of services" name="Services Index Exports Service Functionality should allow creating new instances of services" time="0.001">
    </testcase>
    <testcase classname="Services Index Exports Service Functionality should have different instances when creating new services" name="Services Index Exports Service Functionality should have different instances when creating new services" time="0.001">
    </testcase>
  </testsuite>
  <testsuite name="app.config" errors="0" failures="0" skipped="0" timestamp="2026-04-14T10:19:00" time="1.357" tests="39">
    <testcase classname="app.config FEATURE_FLAGS should have user management flag" name="app.config FEATURE_FLAGS should have user management flag" time="0.003">
    </testcase>
    <testcase classname="app.config FEATURE_FLAGS should have account management flag" name="app.config FEATURE_FLAGS should have account management flag" time="0.001">
    </testcase>
    <testcase classname="app.config FEATURE_FLAGS should have role management flag" name="app.config FEATURE_FLAGS should have role management flag" time="0.001">
    </testcase>
    <testcase classname="app.config FEATURE_FLAGS should have scope management flag" name="app.config FEATURE_FLAGS should have scope management flag" time="0.001">
    </testcase>
    <testcase classname="app.config FEATURE_FLAGS should have approval workflow flag" name="app.config FEATURE_FLAGS should have approval workflow flag" time="0.001">
    </testcase>
    <testcase classname="app.config FEATURE_FLAGS should have client management flag" name="app.config FEATURE_FLAGS should have client management flag" time="0.001">
    </testcase>
    <testcase classname="app.config FEATURE_FLAGS should have audit logs flag" name="app.config FEATURE_FLAGS should have audit logs flag" time="0.002">
    </testcase>
    <testcase classname="app.config FEATURE_FLAGS should have real time updates flag" name="app.config FEATURE_FLAGS should have real time updates flag" time="0.001">
    </testcase>
    <testcase classname="app.config FEATURE_FLAGS should have all features enabled by default" name="app.config FEATURE_FLAGS should have all features enabled by default" time="0.002">
    </testcase>
    <testcase classname="app.config API_CONFIG should get auth server URL from runtime config" name="app.config API_CONFIG should get auth server URL from runtime config" time="0.001">
    </testcase>
    <testcase classname="app.config API_CONFIG should get API base URL from runtime config" name="app.config API_CONFIG should get API base URL from runtime config" time="0.001">
    </testcase>
    <testcase classname="app.config API_CONFIG should get API timeout from runtime config" name="app.config API_CONFIG should get API timeout from runtime config" time="0.001">
    </testcase>
    <testcase classname="app.config API_CONFIG should get API retry attempts from runtime config" name="app.config API_CONFIG should get API retry attempts from runtime config" time="0.002">
    </testcase>
    <testcase classname="app.config API_CONFIG should get API retry delay from runtime config" name="app.config API_CONFIG should get API retry delay from runtime config" time="0.001">
    </testcase>
    <testcase classname="app.config API_CONFIG should call getConfig function" name="app.config API_CONFIG should call getConfig function" time="0.001">
    </testcase>
    <testcase classname="app.config API_CONFIG should return session API prefix from runtime config" name="app.config API_CONFIG should return session API prefix from runtime config" time="0.001">
    </testcase>
    <testcase classname="app.config API_CONFIG should default session API prefix to empty string when not configured" name="app.config API_CONFIG should default session API prefix to empty string when not configured" time="0.001">
    </testcase>
    <testcase classname="app.config API_CONFIG should default API base URL to empty string when not configured" name="app.config API_CONFIG should default API base URL to empty string when not configured" time="0.001">
    </testcase>
    <testcase classname="app.config OAUTH_CONFIG should get OAuth client ID from runtime config" name="app.config OAUTH_CONFIG should get OAuth client ID from runtime config" time="0.001">
    </testcase>
    <testcase classname="app.config OAUTH_CONFIG should get OAuth client secret from runtime config" name="app.config OAUTH_CONFIG should get OAuth client secret from runtime config" time="0.001">
    </testcase>
    <testcase classname="app.config OAUTH_CONFIG should get OAuth redirect URI from runtime config" name="app.config OAUTH_CONFIG should get OAuth redirect URI from runtime config" time="0.001">
    </testcase>
    <testcase classname="app.config OAUTH_CONFIG should get post logout redirect URI from runtime config when configured" name="app.config OAUTH_CONFIG should get post logout redirect URI from runtime config when configured" time="0.001">
    </testcase>
    <testcase classname="app.config OAUTH_CONFIG should fall back to redirect URI for post logout when not configured" name="app.config OAUTH_CONFIG should fall back to redirect URI for post logout when not configured" time="0.001">
    </testcase>
    <testcase classname="app.config OAUTH_CONFIG should use PKCE when enabled in config" name="app.config OAUTH_CONFIG should use PKCE when enabled in config" time="0.017">
    </testcase>
    <testcase classname="app.config OAUTH_CONFIG should default to true for PKCE when not specified" name="app.config OAUTH_CONFIG should default to true for PKCE when not specified" time="0.001">
    </testcase>
    <testcase classname="app.config OAUTH_CONFIG should disable PKCE when explicitly set to false" name="app.config OAUTH_CONFIG should disable PKCE when explicitly set to false" time="0.001">
    </testcase>
    <testcase classname="app.config OAUTH_CONFIG should have required scopes" name="app.config OAUTH_CONFIG should have required scopes" time="0.002">
    </testcase>
    <testcase classname="app.config OAUTH_CONFIG should have token storage key" name="app.config OAUTH_CONFIG should have token storage key" time="0.001">
    </testcase>
    <testcase classname="app.config OAUTH_CONFIG should have refresh token storage key" name="app.config OAUTH_CONFIG should have refresh token storage key" time="0.001">
    </testcase>
    <testcase classname="app.config OAUTH_CONFIG should have non-empty scopes array" name="app.config OAUTH_CONFIG should have non-empty scopes array" time="0.001">
    </testcase>
    <testcase classname="app.config THEME_CONFIG should have primary color defined" name="app.config THEME_CONFIG should have primary color defined" time="0.001">
    </testcase>
    <testcase classname="app.config THEME_CONFIG should have secondary color defined" name="app.config THEME_CONFIG should have secondary color defined" time="0.001">
    </testcase>
    <testcase classname="app.config THEME_CONFIG should have light mode as default" name="app.config THEME_CONFIG should have light mode as default" time="0">
    </testcase>
    <testcase classname="app.config THEME_CONFIG should have theme storage key" name="app.config THEME_CONFIG should have theme storage key" time="0">
    </testcase>
    <testcase classname="app.config THEME_CONFIG should have valid hex colors" name="app.config THEME_CONFIG should have valid hex colors" time="0.002">
    </testcase>
    <testcase classname="app.config Configuration consistency should have all required API URLs" name="app.config Configuration consistency should have all required API URLs" time="0.002">
    </testcase>
    <testcase classname="app.config Configuration consistency should have all required OAuth settings" name="app.config Configuration consistency should have all required OAuth settings" time="0.001">
    </testcase>
    <testcase classname="app.config Configuration consistency should have valid timeout values" name="app.config Configuration consistency should have valid timeout values" time="0.001">
    </testcase>
    <testcase classname="app.config Configuration consistency should have positive retry attempts" name="app.config Configuration consistency should have positive retry attempts" time="0.001">
    </testcase>
  </testsuite>
  <testsuite name="getAccountPaperStyles" errors="0" failures="0" skipped="0" timestamp="2026-04-14T10:19:00" time="1.358" tests="11">
    <testcase classname="getAccountPaperStyles should return default styles for unselected account" name="getAccountPaperStyles should return default styles for unselected account" time="0.004">
    </testcase>
    <testcase classname="getAccountPaperStyles should return selected styles for selected account" name="getAccountPaperStyles should return selected styles for selected account" time="0.001">
    </testcase>
    <testcase classname="getAccountPaperStyles should return default account styles for selected default account" name="getAccountPaperStyles should return default account styles for selected default account" time="0.001">
    </testcase>
    <testcase classname="getAccountPaperStyles should handle default account flag when not selected" name="getAccountPaperStyles should handle default account flag when not selected" time="0.002">
    </testcase>
    <testcase classname="getAccountPaperStyles should have consistent padding and margin across all states" name="getAccountPaperStyles should have consistent padding and margin across all states" time="0.005">
    </testcase>
    <testcase classname="getAccountPaperStyles should use blue theme for selected non-default accounts" name="getAccountPaperStyles should use blue theme for selected non-default accounts" time="0.002">
    </testcase>
    <testcase classname="getAccountPaperStyles should use green theme for selected default accounts" name="getAccountPaperStyles should use green theme for selected default accounts" time="0.001">
    </testcase>
    <testcase classname="getAccountPaperStyles should have thicker border for selected accounts" name="getAccountPaperStyles should have thicker border for selected accounts" time="0.003">
    </testcase>
    <testcase classname="getAccountPaperStyles should have full opacity for selected accounts" name="getAccountPaperStyles should have full opacity for selected accounts" time="0.002">
    </testcase>
    <testcase classname="getAccountPaperStyles should have reduced opacity for unselected accounts" name="getAccountPaperStyles should have reduced opacity for unselected accounts" time="0.001">
    </testcase>
    <testcase classname="getAccountPaperStyles should return SxProps type compatible object" name="getAccountPaperStyles should return SxProps type compatible object" time="0.002">
    </testcase>
  </testsuite>
  <testsuite name="accountRoleUtils" errors="0" failures="0" skipped="0" timestamp="2026-04-14T10:19:00" time="1.623" tests="27">
    <testcase classname="accountRoleUtils processUserAccount should add found account to mappings" name="accountRoleUtils processUserAccount should add found account to mappings" time="0.004">
    </testcase>
    <testcase classname="accountRoleUtils processUserAccount should add account by ID if name not found" name="accountRoleUtils processUserAccount should add account by ID if name not found" time="0.002">
    </testcase>
    <testcase classname="accountRoleUtils processUserAccount should handle account not found in available accounts" name="accountRoleUtils processUserAccount should handle account not found in available accounts" time="0.002">
    </testcase>
    <testcase classname="accountRoleUtils initializeAccountRoleMappings should initialize mappings for user with existing accounts" name="accountRoleUtils initializeAccountRoleMappings should initialize mappings for user with existing accounts" time="0.003">
    </testcase>
    <testcase classname="accountRoleUtils initializeAccountRoleMappings should add available accounts not in user accounts" name="accountRoleUtils initializeAccountRoleMappings should add available accounts not in user accounts" time="0.001">
    </testcase>
    <testcase classname="accountRoleUtils initializeAccountRoleMappings should handle user with no existing accounts" name="accountRoleUtils initializeAccountRoleMappings should handle user with no existing accounts" time="0.001">
    </testcase>
    <testcase classname="accountRoleUtils initializeAccountRoleMappings should handle user with undefined accounts" name="accountRoleUtils initializeAccountRoleMappings should handle user with undefined accounts" time="0.001">
    </testcase>
    <testcase classname="accountRoleUtils calculateAccountRoleOperations should calculate role additions when roles are selected" name="accountRoleUtils calculateAccountRoleOperations should calculate role additions when roles are selected" time="0.003">
    </testcase>
    <testcase classname="accountRoleUtils calculateAccountRoleOperations should calculate role removals when roles are deselected" name="accountRoleUtils calculateAccountRoleOperations should calculate role removals when roles are deselected" time="0.001">
    </testcase>
    <testcase classname="accountRoleUtils calculateAccountRoleOperations should remove all roles when account is deselected" name="accountRoleUtils calculateAccountRoleOperations should remove all roles when account is deselected" time="0.001">
    </testcase>
    <testcase classname="accountRoleUtils calculateAccountRoleOperations should handle no changes scenario" name="accountRoleUtils calculateAccountRoleOperations should handle no changes scenario" time="0.001">
    </testcase>
    <testcase classname="accountRoleUtils canApproveAccountRoleChanges should return true when at least one account is selected" name="accountRoleUtils canApproveAccountRoleChanges should return true when at least one account is selected" time="0.001">
    </testcase>
    <testcase classname="accountRoleUtils canApproveAccountRoleChanges should return false when no accounts are selected" name="accountRoleUtils canApproveAccountRoleChanges should return false when no accounts are selected" time="0.001">
    </testcase>
    <testcase classname="accountRoleUtils canApproveAccountRoleChanges should return false for empty mappings" name="accountRoleUtils canApproveAccountRoleChanges should return false for empty mappings" time="0.001">
    </testcase>
    <testcase classname="accountRoleUtils getAccountToggleTooltip should return removal tooltip when account is selected" name="accountRoleUtils getAccountToggleTooltip should return removal tooltip when account is selected" time="0.001">
    </testcase>
    <testcase classname="accountRoleUtils getAccountToggleTooltip should return grant tooltip when account is not selected" name="accountRoleUtils getAccountToggleTooltip should return grant tooltip when account is not selected" time="0">
    </testcase>
    <testcase classname="accountRoleUtils updateRoleSelection should update role selection for specific account" name="accountRoleUtils updateRoleSelection should update role selection for specific account" time="0.001">
    </testcase>
    <testcase classname="accountRoleUtils updateRoleSelection should not affect other accounts" name="accountRoleUtils updateRoleSelection should not affect other accounts" time="0.001">
    </testcase>
    <testcase classname="accountRoleUtils toggleAccountSelection should set selected roles to default roles when selecting" name="accountRoleUtils toggleAccountSelection should set selected roles to default roles when selecting" time="0.002">
    </testcase>
    <testcase classname="accountRoleUtils toggleAccountSelection should clear selected roles when deselecting" name="accountRoleUtils toggleAccountSelection should clear selected roles when deselecting" time="0.001">
    </testcase>
    <testcase classname="accountRoleUtils loadAvailableAccounts should load accounts from API with success response" name="accountRoleUtils loadAvailableAccounts should load accounts from API with success response" time="0.002">
    </testcase>
    <testcase classname="accountRoleUtils loadAvailableAccounts should handle direct array response format" name="accountRoleUtils loadAvailableAccounts should handle direct array response format" time="0.002">
    </testcase>
    <testcase classname="accountRoleUtils loadAvailableAccounts should return empty array on API error" name="accountRoleUtils loadAvailableAccounts should return empty array on API error" time="0.001">
    </testcase>
    <testcase classname="accountRoleUtils loadAvailableAccounts should handle undefined response" name="accountRoleUtils loadAvailableAccounts should handle undefined response" time="0.001">
    </testcase>
    <testcase classname="accountRoleUtils loadAvailableRoles should load roles from role service" name="accountRoleUtils loadAvailableRoles should load roles from role service" time="0.003">
    </testcase>
    <testcase classname="accountRoleUtils loadAvailableRoles should return empty array on API error" name="accountRoleUtils loadAvailableRoles should return empty array on API error" time="0.002">
    </testcase>
    <testcase classname="accountRoleUtils loadAvailableRoles should handle undefined response content" name="accountRoleUtils loadAvailableRoles should handle undefined response content" time="0.002">
    </testcase>
  </testsuite>
  <testsuite name="AssistantService" errors="0" failures="0" skipped="0" timestamp="2026-04-14T10:19:00" time="1.435" tests="16">
    <testcase classname="AssistantService startSession should start a new session and return session ID" name="AssistantService startSession should start a new session and return session ID" time="0.006">
    </testcase>
    <testcase classname="AssistantService startSession should handle start session errors" name="AssistantService startSession should handle start session errors" time="0.047">
    </testcase>
    <testcase classname="AssistantService startSession should return different session IDs for multiple calls" name="AssistantService startSession should return different session IDs for multiple calls" time="0.002">
    </testcase>
    <testcase classname="AssistantService endSession should end session successfully" name="AssistantService endSession should end session successfully" time="0.002">
    </testcase>
    <testcase classname="AssistantService endSession should handle end session errors" name="AssistantService endSession should handle end session errors" time="0.002">
    </testcase>
    <testcase classname="AssistantService endSession should return success message on session termination" name="AssistantService endSession should return success message on session termination" time="0.001">
    </testcase>
    <testcase classname="AssistantService sendMessage should send message and return response" name="AssistantService sendMessage should send message and return response" time="0.001">
    </testcase>
    <testcase classname="AssistantService sendMessage should handle send message errors" name="AssistantService sendMessage should handle send message errors" time="0.003">
    </testcase>
    <testcase classname="AssistantService sendMessage should send message with correct payload structure" name="AssistantService sendMessage should send message with correct payload structure" time="0.001">
    </testcase>
    <testcase classname="AssistantService sendMessage should handle empty message" name="AssistantService sendMessage should handle empty message" time="0.001">
    </testcase>
    <testcase classname="AssistantService sendMessage should handle long messages" name="AssistantService sendMessage should handle long messages" time="0.001">
    </testcase>
    <testcase classname="AssistantService sendMessage should handle special characters in message" name="AssistantService sendMessage should handle special characters in message" time="0.001">
    </testcase>
    <testcase classname="AssistantService Service Instance should export a singleton instance" name="AssistantService Service Instance should export a singleton instance" time="0.001">
    </testcase>
    <testcase classname="AssistantService Service Instance should allow creating new instances" name="AssistantService Service Instance should allow creating new instances" time="0.001">
    </testcase>
    <testcase classname="AssistantService Integration Scenarios should handle complete conversation flow" name="AssistantService Integration Scenarios should handle complete conversation flow" time="0.002">
    </testcase>
    <testcase classname="AssistantService Integration Scenarios should handle rapid consecutive messages" name="AssistantService Integration Scenarios should handle rapid consecutive messages" time="0.001">
    </testcase>
  </testsuite>
  <testsuite name="logger utility" errors="0" failures="0" skipped="0" timestamp="2026-04-14T10:19:00" time="1.43" tests="18">
    <testcase classname="logger utility logger object structure should have debug method" name="logger utility logger object structure should have debug method" time="0.004">
    </testcase>
    <testcase classname="logger utility logger object structure should have info method" name="logger utility logger object structure should have info method" time="0.002">
    </testcase>
    <testcase classname="logger utility logger object structure should have warn method" name="logger utility logger object structure should have warn method" time="0.001">
    </testcase>
    <testcase classname="logger utility logger object structure should have error method" name="logger utility logger object structure should have error method" time="0.001">
    </testcase>
    <testcase classname="logger utility development mode (NODE_ENV !== production) should log debug messages with [DEBUG] prefix" name="logger utility development mode (NODE_ENV !== production) should log debug messages with [DEBUG] prefix" time="0.002">
    </testcase>
    <testcase classname="logger utility development mode (NODE_ENV !== production) should log info messages with [INFO] prefix" name="logger utility development mode (NODE_ENV !== production) should log info messages with [INFO] prefix" time="0.001">
    </testcase>
    <testcase classname="logger utility development mode (NODE_ENV !== production) should log warn messages with [WARN] prefix" name="logger utility development mode (NODE_ENV !== production) should log warn messages with [WARN] prefix" time="0.001">
    </testcase>
    <testcase classname="logger utility development mode (NODE_ENV !== production) should log error messages with [ERROR] prefix" name="logger utility development mode (NODE_ENV !== production) should log error messages with [ERROR] prefix" time="0.002">
    </testcase>
    <testcase classname="logger utility development mode (NODE_ENV !== production) should handle multiple arguments in debug" name="logger utility development mode (NODE_ENV !== production) should handle multiple arguments in debug" time="0.002">
    </testcase>
    <testcase classname="logger utility development mode (NODE_ENV !== production) should handle multiple arguments in info" name="logger utility development mode (NODE_ENV !== production) should handle multiple arguments in info" time="0.002">
    </testcase>
    <testcase classname="logger utility development mode (NODE_ENV !== production) should handle multiple arguments in warn" name="logger utility development mode (NODE_ENV !== production) should handle multiple arguments in warn" time="0.002">
    </testcase>
    <testcase classname="logger utility production mode (NODE_ENV === production) should verify logger methods exist and are callable" name="logger utility production mode (NODE_ENV === production) should verify logger methods exist and are callable" time="0.002">
    </testcase>
    <testcase classname="logger utility production mode (NODE_ENV === production) should ALWAYS log error messages regardless of environment" name="logger utility production mode (NODE_ENV === production) should ALWAYS log error messages regardless of environment" time="0.001">
    </testcase>
    <testcase classname="logger utility production mode (NODE_ENV === production) should handle error with multiple arguments" name="logger utility production mode (NODE_ENV === production) should handle error with multiple arguments" time="0.001">
    </testcase>
    <testcase classname="logger utility test mode (NODE_ENV === test) should log debug messages in test mode" name="logger utility test mode (NODE_ENV === test) should log debug messages in test mode" time="0.002">
    </testcase>
    <testcase classname="logger utility test mode (NODE_ENV === test) should log info messages in test mode" name="logger utility test mode (NODE_ENV === test) should log info messages in test mode" time="0.002">
    </testcase>
    <testcase classname="logger utility test mode (NODE_ENV === test) should log warn messages in test mode" name="logger utility test mode (NODE_ENV === test) should log warn messages in test mode" time="0.001">
    </testcase>
    <testcase classname="logger utility test mode (NODE_ENV === test) should log error messages in test mode" name="logger utility test mode (NODE_ENV === test) should log error messages in test mode" time="0.001">
    </testcase>
  </testsuite>
  <testsuite name="Redux Store Configuration" errors="0" failures="0" skipped="0" timestamp="2026-04-14T10:19:00" time="1.49" tests="14">
    <testcase classname="Redux Store Configuration store initialization should create store with correct structure" name="Redux Store Configuration store initialization should create store with correct structure" time="0.005">
    </testcase>
    <testcase classname="Redux Store Configuration store initialization should have auth reducer in state" name="Redux Store Configuration store initialization should have auth reducer in state" time="0.001">
    </testcase>
    <testcase classname="Redux Store Configuration store initialization should have ui reducer in state" name="Redux Store Configuration store initialization should have ui reducer in state" time="0.001">
    </testcase>
    <testcase classname="Redux Store Configuration store initialization should initialize with default auth state" name="Redux Store Configuration store initialization should initialize with default auth state" time="0.004">
    </testcase>
    <testcase classname="Redux Store Configuration store initialization should initialize with default ui state" name="Redux Store Configuration store initialization should initialize with default ui state" time="0.003">
    </testcase>
    <testcase classname="Redux Store Configuration store middleware configuration should configure serializable check middleware" name="Redux Store Configuration store middleware configuration should configure serializable check middleware" time="0.004">
    </testcase>
    <testcase classname="Redux Store Configuration store dispatching should dispatch auth actions" name="Redux Store Configuration store dispatching should dispatch auth actions" time="0.004">
    </testcase>
    <testcase classname="Redux Store Configuration store dispatching should dispatch ui actions" name="Redux Store Configuration store dispatching should dispatch ui actions" time="0.002">
    </testcase>
    <testcase classname="Redux Store Configuration type exports should export RootState type" name="Redux Store Configuration type exports should export RootState type" time="0.009">
    </testcase>
    <testcase classname="Redux Store Configuration type exports should export AppDispatch type" name="Redux Store Configuration type exports should export AppDispatch type" time="0.001">
    </testcase>
    <testcase classname="Redux Store Configuration store state shape should maintain consistent state shape" name="Redux Store Configuration store state shape should maintain consistent state shape" time="0.001">
    </testcase>
    <testcase classname="Redux Store Configuration store state shape should return new state reference on dispatch" name="Redux Store Configuration store state shape should return new state reference on dispatch" time="0.002">
    </testcase>
    <testcase classname="Redux Store Configuration store subscription should allow subscribing to state changes" name="Redux Store Configuration store subscription should allow subscribing to state changes" time="0.002">
    </testcase>
    <testcase classname="Redux Store Configuration store subscription should stop calling listener after unsubscribe" name="Redux Store Configuration store subscription should stop calling listener after unsubscribe" time="0.002">
    </testcase>
  </testsuite>
  <testsuite name="client.ts types and constants" errors="0" failures="0" skipped="0" timestamp="2026-04-14T10:19:01" time="1.327" tests="18">
    <testcase classname="client.ts types and constants GRANT_TYPES should have correct grant type values" name="client.ts types and constants GRANT_TYPES should have correct grant type values" time="0.005">
    </testcase>
    <testcase classname="client.ts types and constants GRANT_TYPES should contain all expected grant types" name="client.ts types and constants GRANT_TYPES should contain all expected grant types" time="0.003">
    </testcase>
    <testcase classname="client.ts types and constants AUTH_METHODS should have correct auth method values" name="client.ts types and constants AUTH_METHODS should have correct auth method values" time="0.001">
    </testcase>
    <testcase classname="client.ts types and constants AUTH_METHODS should contain all expected auth methods" name="client.ts types and constants AUTH_METHODS should contain all expected auth methods" time="0.001">
    </testcase>
    <testcase classname="client.ts types and constants CLIENT_STATUS should have correct status values" name="client.ts types and constants CLIENT_STATUS should have correct status values" time="0.002">
    </testcase>
    <testcase classname="client.ts types and constants CLIENT_STATUS should contain all expected status values" name="client.ts types and constants CLIENT_STATUS should contain all expected status values" time="0.003">
    </testcase>
    <testcase classname="client.ts types and constants Type compatibility should allow valid GrantType values" name="client.ts types and constants Type compatibility should allow valid GrantType values" time="0.001">
    </testcase>
    <testcase classname="client.ts types and constants Type compatibility should allow valid AuthMethod values" name="client.ts types and constants Type compatibility should allow valid AuthMethod values" time="0.001">
    </testcase>
    <testcase classname="client.ts types and constants Type compatibility should allow valid ClientStatus values" name="client.ts types and constants Type compatibility should allow valid ClientStatus values" time="0.001">
    </testcase>
    <testcase classname="client.ts types and constants RegisteredClientDetails interface should accept valid client details with required fields" name="client.ts types and constants RegisteredClientDetails interface should accept valid client details with required fields" time="0.001">
    </testcase>
    <testcase classname="client.ts types and constants RegisteredClientDetails interface should accept client details with optional fields" name="client.ts types and constants RegisteredClientDetails interface should accept client details with optional fields" time="0.002">
    </testcase>
    <testcase classname="client.ts types and constants RegisteredClientDetails interface should accept scopes as both array and Set" name="client.ts types and constants RegisteredClientDetails interface should accept scopes as both array and Set" time="0.001">
    </testcase>
    <testcase classname="client.ts types and constants ClientFormData interface should accept valid form data" name="client.ts types and constants ClientFormData interface should accept valid form data" time="0.001">
    </testcase>
    <testcase classname="client.ts types and constants ClientFormData interface should accept form data with optional fields" name="client.ts types and constants ClientFormData interface should accept form data with optional fields" time="0.002">
    </testcase>
    <testcase classname="client.ts types and constants ClientListItem interface should accept valid list item with required fields" name="client.ts types and constants ClientListItem interface should accept valid list item with required fields" time="0.001">
    </testcase>
    <testcase classname="client.ts types and constants ClientListItem interface should accept list item with optional fields" name="client.ts types and constants ClientListItem interface should accept list item with optional fields" time="0.001">
    </testcase>
    <testcase classname="client.ts types and constants BaseResponse interface should accept valid base response" name="client.ts types and constants BaseResponse interface should accept valid base response" time="0.002">
    </testcase>
    <testcase classname="client.ts types and constants BaseResponse interface should accept response without optional data field" name="client.ts types and constants BaseResponse interface should accept response without optional data field" time="0.001">
    </testcase>
  </testsuite>
  <testsuite name="Type Definitions" errors="0" failures="0" skipped="0" timestamp="2026-04-14T10:19:01" time="1.112" tests="12">
    <testcase classname="Type Definitions should have valid type definitions (compile-time check)" name="Type Definitions should have valid type definitions (compile-time check)" time="0.002">
    </testcase>
    <testcase classname="Type Definitions Enum Values should export UserStatus enum values" name="Type Definitions Enum Values should export UserStatus enum values" time="0.003">
    </testcase>
    <testcase classname="Type Definitions Enum Values should export AccountStatus enum values" name="Type Definitions Enum Values should export AccountStatus enum values" time="0.002">
    </testcase>
    <testcase classname="Type Definitions Enum Values should export ClientStatus enum values" name="Type Definitions Enum Values should export ClientStatus enum values" time="0.001">
    </testcase>
    <testcase classname="Type Definitions Enum Values should export ApprovalType enum values" name="Type Definitions Enum Values should export ApprovalType enum values" time="0.001">
    </testcase>
    <testcase classname="Type Definitions Enum Values should export ApprovalStatus enum values" name="Type Definitions Enum Values should export ApprovalStatus enum values" time="0.002">
    </testcase>
    <testcase classname="Type Definitions Type Usage Examples should allow creating User objects with correct types" name="Type Definitions Type Usage Examples should allow creating User objects with correct types" time="0.001">
    </testcase>
    <testcase classname="Type Definitions Type Usage Examples should allow creating Role objects with correct types" name="Type Definitions Type Usage Examples should allow creating Role objects with correct types" time="0.001">
    </testcase>
    <testcase classname="Type Definitions Type Usage Examples should allow creating Scope objects with correct types" name="Type Definitions Type Usage Examples should allow creating Scope objects with correct types" time="0.001">
    </testcase>
    <testcase classname="Type Definitions Type Usage Examples should allow creating Account objects with correct types" name="Type Definitions Type Usage Examples should allow creating Account objects with correct types" time="0.001">
    </testcase>
    <testcase classname="Type Definitions Type Usage Examples should allow creating OAuthClient objects with correct types" name="Type Definitions Type Usage Examples should allow creating OAuthClient objects with correct types" time="0.001">
    </testcase>
    <testcase classname="Type Definitions Type Usage Examples should allow UserV2 to extend User with accountRoleMappings" name="Type Definitions Type Usage Examples should allow UserV2 to extend User with accountRoleMappings" time="0.001">
    </testcase>
  </testsuite>
  <testsuite name="accountErrorUtils" errors="0" failures="0" skipped="0" timestamp="2026-04-14T10:19:01" time="1.236" tests="27">
    <testcase classname="accountErrorUtils getAccountErrorMessage Error instance handling should return error message from Error instance" name="accountErrorUtils getAccountErrorMessage Error instance handling should return error message from Error instance" time="0.002">
    </testcase>
    <testcase classname="accountErrorUtils getAccountErrorMessage Error instance handling should return error message for different operation types" name="accountErrorUtils getAccountErrorMessage Error instance handling should return error message for different operation types" time="0.003">
    </testcase>
    <testcase classname="accountErrorUtils getAccountErrorMessage Status code handling - Create operation should return 400 message for create with invalid data" name="accountErrorUtils getAccountErrorMessage Status code handling - Create operation should return 400 message for create with invalid data" time="0.001">
    </testcase>
    <testcase classname="accountErrorUtils getAccountErrorMessage Status code handling - Create operation should return 401 message for create unauthorized" name="accountErrorUtils getAccountErrorMessage Status code handling - Create operation should return 401 message for create unauthorized" time="0.004">
    </testcase>
    <testcase classname="accountErrorUtils getAccountErrorMessage Status code handling - Create operation should return 403 message for create forbidden" name="accountErrorUtils getAccountErrorMessage Status code handling - Create operation should return 403 message for create forbidden" time="0.001">
    </testcase>
    <testcase classname="accountErrorUtils getAccountErrorMessage Status code handling - Create operation should return 409 message for create conflict" name="accountErrorUtils getAccountErrorMessage Status code handling - Create operation should return 409 message for create conflict" time="0.001">
    </testcase>
    <testcase classname="accountErrorUtils getAccountErrorMessage Status code handling - Create operation should return 500 message for create server error" name="accountErrorUtils getAccountErrorMessage Status code handling - Create operation should return 500 message for create server error" time="0.006">
    </testcase>
    <testcase classname="accountErrorUtils getAccountErrorMessage Status code handling - Update operation should return 400 message for update with invalid data" name="accountErrorUtils getAccountErrorMessage Status code handling - Update operation should return 400 message for update with invalid data" time="0.001">
    </testcase>
    <testcase classname="accountErrorUtils getAccountErrorMessage Status code handling - Update operation should return 404 message for update not found" name="accountErrorUtils getAccountErrorMessage Status code handling - Update operation should return 404 message for update not found" time="0.001">
    </testcase>
    <testcase classname="accountErrorUtils getAccountErrorMessage Status code handling - Delete operation should return 400 message for delete with invalid request" name="accountErrorUtils getAccountErrorMessage Status code handling - Delete operation should return 400 message for delete with invalid request" time="0.001">
    </testcase>
    <testcase classname="accountErrorUtils getAccountErrorMessage Status code handling - Delete operation should return 404 message for delete not found" name="accountErrorUtils getAccountErrorMessage Status code handling - Delete operation should return 404 message for delete not found" time="0.002">
    </testcase>
    <testcase classname="accountErrorUtils getAccountErrorMessage Status code handling - Fetch operation should return 400 message for fetch with invalid request" name="accountErrorUtils getAccountErrorMessage Status code handling - Fetch operation should return 400 message for fetch with invalid request" time="0.002">
    </testcase>
    <testcase classname="accountErrorUtils getAccountErrorMessage Status code handling - Fetch operation should return 401 message for fetch unauthorized" name="accountErrorUtils getAccountErrorMessage Status code handling - Fetch operation should return 401 message for fetch unauthorized" time="0.001">
    </testcase>
    <testcase classname="accountErrorUtils getAccountErrorMessage Status code handling - Fetch operation should return 403 message for fetch forbidden" name="accountErrorUtils getAccountErrorMessage Status code handling - Fetch operation should return 403 message for fetch forbidden" time="0.001">
    </testcase>
    <testcase classname="accountErrorUtils getAccountErrorMessage Status code handling - Fetch operation should return 404 message for fetch not found" name="accountErrorUtils getAccountErrorMessage Status code handling - Fetch operation should return 404 message for fetch not found" time="0.001">
    </testcase>
    <testcase classname="accountErrorUtils getAccountErrorMessage Custom messages handling should use custom messages when provided" name="accountErrorUtils getAccountErrorMessage Custom messages handling should use custom messages when provided" time="0.001">
    </testcase>
    <testcase classname="accountErrorUtils getAccountErrorMessage Custom messages handling should fall back to default when custom message not found" name="accountErrorUtils getAccountErrorMessage Custom messages handling should fall back to default when custom message not found" time="0.001">
    </testcase>
    <testcase classname="accountErrorUtils getAccountErrorMessage Custom messages handling should override default messages with custom ones" name="accountErrorUtils getAccountErrorMessage Custom messages handling should override default messages with custom ones" time="0.001">
    </testcase>
    <testcase classname="accountErrorUtils getAccountErrorMessage Fallback handling should return fallback message for unknown status code" name="accountErrorUtils getAccountErrorMessage Fallback handling should return fallback message for unknown status code" time="0.001">
    </testcase>
    <testcase classname="accountErrorUtils getAccountErrorMessage Fallback handling should return fallback message for update operation" name="accountErrorUtils getAccountErrorMessage Fallback handling should return fallback message for update operation" time="0.001">
    </testcase>
    <testcase classname="accountErrorUtils getAccountErrorMessage Fallback handling should return fallback message for delete operation" name="accountErrorUtils getAccountErrorMessage Fallback handling should return fallback message for delete operation" time="0.001">
    </testcase>
    <testcase classname="accountErrorUtils getAccountErrorMessage Fallback handling should return fallback message for fetch operation" name="accountErrorUtils getAccountErrorMessage Fallback handling should return fallback message for fetch operation" time="0">
    </testcase>
    <testcase classname="accountErrorUtils getAccountErrorMessage Edge cases should handle null error" name="accountErrorUtils getAccountErrorMessage Edge cases should handle null error" time="0">
    </testcase>
    <testcase classname="accountErrorUtils getAccountErrorMessage Edge cases should handle undefined error" name="accountErrorUtils getAccountErrorMessage Edge cases should handle undefined error" time="0">
    </testcase>
    <testcase classname="accountErrorUtils getAccountErrorMessage Edge cases should handle string error" name="accountErrorUtils getAccountErrorMessage Edge cases should handle string error" time="0.001">
    </testcase>
    <testcase classname="accountErrorUtils getAccountErrorMessage Edge cases should handle number error" name="accountErrorUtils getAccountErrorMessage Edge cases should handle number error" time="0.001">
    </testcase>
    <testcase classname="accountErrorUtils getAccountErrorMessage Edge cases should handle object without status" name="accountErrorUtils getAccountErrorMessage Edge cases should handle object without status" time="0.001">
    </testcase>
  </testsuite>
  <testsuite name="formUtils" errors="0" failures="0" skipped="0" timestamp="2026-04-14T10:19:01" time="1.178" tests="8">
    <testcase classname="formUtils createFieldChangeHandler should handle text input changes" name="formUtils createFieldChangeHandler should handle text input changes" time="0.005">
    </testcase>
    <testcase classname="formUtils createFieldChangeHandler should handle checkbox changes" name="formUtils createFieldChangeHandler should handle checkbox changes" time="0.002">
    </testcase>
    <testcase classname="formUtils createFieldChangeHandler should clear field error when user starts typing" name="formUtils createFieldChangeHandler should clear field error when user starts typing" time="0.002">
    </testcase>
    <testcase classname="formUtils createFieldChangeHandler should not call setErrors if field has no error" name="formUtils createFieldChangeHandler should not call setErrors if field has no error" time="0.002">
    </testcase>
    <testcase classname="formUtils createFieldChangeHandler should handle textarea changes" name="formUtils createFieldChangeHandler should handle textarea changes" time="0.002">
    </testcase>
    <testcase classname="formUtils createFieldChangeHandler should handle select changes" name="formUtils createFieldChangeHandler should handle select changes" time="0.002">
    </testcase>
    <testcase classname="formUtils createFieldChangeHandler should preserve other form data when updating a field" name="formUtils createFieldChangeHandler should preserve other form data when updating a field" time="0.001">
    </testcase>
    <testcase classname="formUtils createFieldChangeHandler should handle unchecking a checkbox" name="formUtils createFieldChangeHandler should handle unchecking a checkbox" time="0.001">
    </testcase>
  </testsuite>
  <testsuite name="Account Management Index Exports" errors="0" failures="0" skipped="0" timestamp="2026-04-14T10:18:03" time="59.287" tests="7">
    <testcase classname="Account Management Index Exports should export AccountManagement component" name="Account Management Index Exports should export AccountManagement component" time="0.004">
    </testcase>
    <testcase classname="Account Management Index Exports should export CreateAccountModal component" name="Account Management Index Exports should export CreateAccountModal component" time="0.002">
    </testcase>
    <testcase classname="Account Management Index Exports should export EditAccountModal component" name="Account Management Index Exports should export EditAccountModal component" time="0.002">
    </testcase>
    <testcase classname="Account Management Index Exports should export AccountDetailsModal component" name="Account Management Index Exports should export AccountDetailsModal component" time="0.002">
    </testcase>
    <testcase classname="Account Management Index Exports should export DeleteAccountDialog component" name="Account Management Index Exports should export DeleteAccountDialog component" time="0.002">
    </testcase>
    <testcase classname="Account Management Index Exports should have all expected exports" name="Account Management Index Exports should have all expected exports" time="0.004">
    </testcase>
    <testcase classname="Account Management Index Exports should export exactly 5 named exports" name="Account Management Index Exports should export exactly 5 named exports" time="0.001">
    </testcase>
  </testsuite>
  <testsuite name="Login" errors="0" failures="0" skipped="0" timestamp="2026-04-14T10:18:20" time="49.271" tests="25">
    <testcase classname="Login Rendering renders login page with title" name="Login Rendering renders login page with title" time="0.079">
    </testcase>
    <testcase classname="Login Rendering renders authorization server description" name="Login Rendering renders authorization server description" time="0.031">
    </testcase>
    <testcase classname="Login Rendering renders sign in button" name="Login Rendering renders sign in button" time="0.131">
    </testcase>
    <testcase classname="Login Rendering renders instruction text" name="Login Rendering renders instruction text" time="0.019">
    </testcase>
    <testcase classname="Login Login Flow calls authService.initiateLogin when sign in button is clicked" name="Login Login Flow calls authService.initiateLogin when sign in button is clicked" time="0.056">
    </testcase>
    <testcase classname="Login Login Flow shows loading state when login is in progress" name="Login Login Flow shows loading state when login is in progress" time="0.047">
    </testcase>
    <testcase classname="Login Login Flow disables button during loading" name="Login Login Flow disables button during loading" time="0.054">
    </testcase>
    <testcase classname="Login Login Flow handles login failure" name="Login Login Flow handles login failure" time="0.097">
    </testcase>
    <testcase classname="Login Login Flow handles non-Error exceptions" name="Login Login Flow handles non-Error exceptions" time="0.115">
    </testcase>
    <testcase classname="Login Error Handling from URL displays error from URL query parameters" name="Login Error Handling from URL displays error from URL query parameters" time="0.111">
    </testcase>
    <testcase classname="Login Error Handling from URL displays error description from URL" name="Login Error Handling from URL displays error description from URL" time="0.039">
    </testcase>
    <testcase classname="Login Error Handling from URL prefers error_description over error code" name="Login Error Handling from URL prefers error_description over error code" time="0.025">
    </testcase>
    <testcase classname="Login Error Handling from URL does not display error alert when no error in URL" name="Login Error Handling from URL does not display error alert when no error in URL" time="0.012">
    </testcase>
    <testcase classname="Login Error Display from Store displays error from Redux store" name="Login Error Display from Store displays error from Redux store" time="0.014">
    </testcase>
    <testcase classname="Login Error Display from Store shows error alert with severity" name="Login Error Display from Store shows error alert with severity" time="0.019">
    </testcase>
    <testcase classname="Login UI States shows login icon when not loading" name="Login UI States shows login icon when not loading" time="0.013">
    </testcase>
    <testcase classname="Login UI States shows progress indicator when loading" name="Login UI States shows progress indicator when loading" time="0.036">
    </testcase>
    <testcase classname="Login UI States applies gradient background" name="Login UI States applies gradient background" time="0.014">
    </testcase>
    <testcase classname="Login Accessibility button has appropriate role and name" name="Login Accessibility button has appropriate role and name" time="0.034">
    </testcase>
    <testcase classname="Login Accessibility error alert is accessible" name="Login Accessibility error alert is accessible" time="0.022">
    </testcase>
    <testcase classname="Login Cross-Tab Auth Sync redirects to dashboard immediately when already authenticated" name="Login Cross-Tab Auth Sync redirects to dashboard immediately when already authenticated" time="0.013">
    </testcase>
    <testcase classname="Login Cross-Tab Auth Sync does not redirect when not authenticated" name="Login Cross-Tab Auth Sync does not redirect when not authenticated" time="0.013">
    </testcase>
    <testcase classname="Login Cross-Tab Auth Sync redirects to dashboard when another tab logs in (storage event with new token)" name="Login Cross-Tab Auth Sync redirects to dashboard when another tab logs in (storage event with new token)" time="0.017">
    </testcase>
    <testcase classname="Login Cross-Tab Auth Sync does not redirect when another tab removes the token (logout event)" name="Login Cross-Tab Auth Sync does not redirect when another tab removes the token (logout event)" time="0.017">
    </testcase>
    <testcase classname="Login Cross-Tab Auth Sync ignores storage events for unrelated keys" name="Login Cross-Tab Auth Sync ignores storage events for unrelated keys" time="0.017">
    </testcase>
  </testsuite>
  <testsuite name="Layout" errors="0" failures="0" skipped="0" timestamp="2026-04-14T10:18:17" time="55.921" tests="30">
    <testcase classname="Layout should render children content" name="Layout should render children content" time="0.305">
    </testcase>
    <testcase classname="Layout should render app bar with logo and title" name="Layout should render app bar with logo and title" time="0.184">
    </testcase>
    <testcase classname="Layout should render navigation menu items" name="Layout should render navigation menu items" time="0.285">
    </testcase>
    <testcase classname="Layout should display user avatar with first letter of firstName" name="Layout should display user avatar with first letter of firstName" time="0.184">
    </testcase>
    <testcase classname="Layout should toggle sidebar when menu icon is clicked" name="Layout should toggle sidebar when menu icon is clicked" time="0.255">
    </testcase>
    <testcase classname="Layout should open user menu when avatar is clicked" name="Layout should open user menu when avatar is clicked" time="0.324">
    </testcase>
    <testcase classname="Layout should navigate when menu item is clicked" name="Layout should navigate when menu item is clicked" time="0.169">
    </testcase>
    <testcase classname="Layout should logout and navigate to login when logout is clicked" name="Layout should logout and navigate to login when logout is clicked" time="0.402">
    </testcase>
    <testcase classname="Layout should call authService.logout when logout is triggered" name="Layout should call authService.logout when logout is triggered" time="0.336">
    </testcase>
    <testcase classname="Layout should handle logout failure gracefully" name="Layout should handle logout failure gracefully" time="0.435">
    </testcase>
    <testcase classname="Layout should clear Redux state after logout" name="Layout should clear Redux state after logout" time="0.424">
    </testcase>
    <testcase classname="Layout should close user menu after logout" name="Layout should close user menu after logout" time="0.573">
    </testcase>
    <testcase classname="Layout should close user menu when menu item is clicked" name="Layout should close user menu when menu item is clicked" time="0.362">
    </testcase>
    <testcase classname="Layout should display correct page title based on route" name="Layout should display correct page title based on route" time="0.101">
    </testcase>
    <testcase classname="Layout should show theme toggle button" name="Layout should show theme toggle button" time="0.178">
    </testcase>
    <testcase classname="Layout should render sidebar when sidebarOpen is true" name="Layout should render sidebar when sidebarOpen is true" time="0.165">
    </testcase>
    <testcase classname="Layout should handle user without firstName gracefully" name="Layout should handle user without firstName gracefully" time="0.178">
    </testcase>
    <testcase classname="Layout should handle user without firstName or userName" name="Layout should handle user without firstName or userName" time="0.181">
    </testcase>
    <testcase classname="Layout should display user full name in menu" name="Layout should display user full name in menu" time="0.263">
    </testcase>
    <testcase classname="Layout should apply selected style to current route navigation item" name="Layout should apply selected style to current route navigation item" time="0.108">
    </testcase>
    <testcase classname="Layout Cross-Browser Session Invalidation calls SessionService.getActiveSessions when document becomes visible" name="Layout Cross-Browser Session Invalidation calls SessionService.getActiveSessions when document becomes visible" time="0.149">
    </testcase>
    <testcase classname="Layout Cross-Browser Session Invalidation does not call SessionService.getActiveSessions when document becomes hidden" name="Layout Cross-Browser Session Invalidation does not call SessionService.getActiveSessions when document becomes hidden" time="0.16">
    </testcase>
    <testcase classname="Layout Cross-Browser Session Invalidation silently ignores errors from the visibility-based session check" name="Layout Cross-Browser Session Invalidation silently ignores errors from the visibility-based session check" time="0.183">
    </testcase>
    <testcase classname="Layout Cross-Browser Session Invalidation removes the visibilitychange listener on unmount" name="Layout Cross-Browser Session Invalidation removes the visibilitychange listener on unmount" time="0.137">
    </testcase>
    <testcase classname="Layout Profile Management should fetch user profile on mount if firstName or lastName is missing" name="Layout Profile Management should fetch user profile on mount if firstName or lastName is missing" time="0.226">
    </testcase>
    <testcase classname="Layout Profile Management should always fetch profile on mount to get latest user info" name="Layout Profile Management should always fetch profile on mount to get latest user info" time="0.138">
    </testcase>
    <testcase classname="Layout Profile Management should handle profile fetch error gracefully" name="Layout Profile Management should handle profile fetch error gracefully" time="0.162">
    </testcase>
    <testcase classname="Layout Profile Management should update Redux store with fetched profile data" name="Layout Profile Management should update Redux store with fetched profile data" time="0.147">
    </testcase>
    <testcase classname="Layout Profile Management should display updated user name in avatar after profile fetch" name="Layout Profile Management should display updated user name in avatar after profile fetch" time="0.137">
    </testcase>
    <testcase classname="Layout Profile Management should handle response without data property" name="Layout Profile Management should handle response without data property" time="0.222">
    </testcase>
  </testsuite>
</testsuites>